PASS @terasky/backstage-plugin-kubernetes-resources-common plugins/kubernetes-resources-common/src/index.test.ts
PASS @terasky/backstage-plugin-educates-common plugins/educates-common/src/index.test.ts
PASS @terasky/backstage-plugin-kubernetes-resources-frontend plugins/kubernetes-resources/src/components/isKubernetesResourcesAvailable.test.tsx
PASS @terasky/backstage-plugin-ai-rules plugins/ai-rules-plugin/src/api/AiRulesClient.test.ts
PASS @terasky/backstage-plugin-kyverno-common plugins/kyverno-common/src/index.test.ts
PASS @terasky/backstage-plugin-crossplane-resources-frontend plugins/crossplane-resources/src/components/annotationUtils.test.ts
PASS @terasky/backstage-plugin-kyverno-policy-reports plugins/kyverno-policy-reports/src/plugin.test.ts
PASS @terasky/backstage-plugin-crossplane-resources-frontend plugins/crossplane-resources/src/api/CrossplaneApi.test.ts
PASS @terasky/backstage-plugin-crossplane-resources-frontend plugins/crossplane-resources/src/plugin.test.ts
PASS @terasky/backstage-plugin-crossplane-resources-frontend plugins/crossplane-resources/src/components/isCrossplaneAvailable.test.tsx
PASS @terasky/backstage-plugin-ai-rules plugins/ai-rules-plugin/src/plugin.test.ts
PASS @terasky/backstage-plugin-spectrocloud plugins/spectrocloud/src/plugin.test.ts
PASS @terasky/backstage-plugin-scaleops-frontend plugins/scaleops-frontend/src/plugin.test.ts
PASS @terasky/backstage-plugin-devpod plugins/devpod-plugin/src/plugin.test.ts
PASS @terasky/backstage-plugin-kubernetes-resources-frontend plugins/kubernetes-resources/src/plugin.test.ts
PASS @terasky/backstage-plugin-entity-scaffolder-content plugins/entity-scaffolder-content/src/plugin.test.ts
PASS @terasky/backstage-plugin-ai-rules plugins/ai-rules-plugin/src/hooks/useAiRules.test.ts
  ● Console

    console.error
      Error fetching AI rules: Cannot read properties of undefined (reading 'ok')

      112 |     } catch (err) {
      113 |       const errorMessage = err instanceof Error ? err.message : 'Unknown error occurred';
    > 114 |       console.error('Error fetching AI rules:', errorMessage);
          |               ^
      115 |       setError(errorMessage);
      116 |       setRules([]);
      117 |     } finally {

      at error (hooks/useAiRules.ts:114:15)

    console.error
      Warning: An update to TestComponent inside a test was not wrapped in act(...).
      
      When testing, code that causes React state updates should be wrapped into act(...):
      
      act(() => {
        /* fire events that update state */
      });
      /* assert on the output */
      
      This ensures that you're testing the behavior the user would see in the browser. Learn more at https://reactjs.org/link/wrap-tests-with-act
          at renderCallbackProps (/home/vrabbi/projects/backstage/backstage-plugins/node_modules/@testing-library/react/dist/pure.js:307:5)

      113 |       const errorMessage = err instanceof Error ? err.message : 'Unknown error occurred';
      114 |       console.error('Error fetching AI rules:', errorMessage);
    > 115 |       setError(errorMessage);
          |       ^
      116 |       setRules([]);
      117 |     } finally {
      118 |       setLoading(false);

      at printWarning (../../../node_modules/react-dom/cjs/react-dom.development.js:86:30)
      at error (../../../node_modules/react-dom/cjs/react-dom.development.js:60:7)
      at warnIfUpdatesNotWrappedWithActDEV (../../../node_modules/react-dom/cjs/react-dom.development.js:27628:9)
      at scheduleUpdateOnFiber (../../../node_modules/react-dom/cjs/react-dom.development.js:25547:5)
      at dispatchSetState (../../../node_modules/react-dom/cjs/react-dom.development.js:16708:7)
      at setError (hooks/useAiRules.ts:115:7)

    console.error
      Warning: An update to TestComponent inside a test was not wrapped in act(...).
      
      When testing, code that causes React state updates should be wrapped into act(...):
      
      act(() => {
        /* fire events that update state */
      });
      /* assert on the output */
      
      This ensures that you're testing the behavior the user would see in the browser. Learn more at https://reactjs.org/link/wrap-tests-with-act
          at renderCallbackProps (/home/vrabbi/projects/backstage/backstage-plugins/node_modules/@testing-library/react/dist/pure.js:307:5)

      114 |       console.error('Error fetching AI rules:', errorMessage);
      115 |       setError(errorMessage);
    > 116 |       setRules([]);
          |       ^
      117 |     } finally {
      118 |       setLoading(false);
      119 |     }

      at printWarning (../../../node_modules/react-dom/cjs/react-dom.development.js:86:30)
      at error (../../../node_modules/react-dom/cjs/react-dom.development.js:60:7)
      at warnIfUpdatesNotWrappedWithActDEV (../../../node_modules/react-dom/cjs/react-dom.development.js:27628:9)
      at scheduleUpdateOnFiber (../../../node_modules/react-dom/cjs/react-dom.development.js:25547:5)
      at dispatchSetState (../../../node_modules/react-dom/cjs/react-dom.development.js:16708:7)
      at setRules (hooks/useAiRules.ts:116:7)

    console.error
      Warning: An update to TestComponent inside a test was not wrapped in act(...).
      
      When testing, code that causes React state updates should be wrapped into act(...):
      
      act(() => {
        /* fire events that update state */
      });
      /* assert on the output */
      
      This ensures that you're testing the behavior the user would see in the browser. Learn more at https://reactjs.org/link/wrap-tests-with-act
          at renderCallbackProps (/home/vrabbi/projects/backstage/backstage-plugins/node_modules/@testing-library/react/dist/pure.js:307:5)

      116 |       setRules([]);
      117 |     } finally {
    > 118 |       setLoading(false);
          |       ^
      119 |     }
      120 |   }, [entityData.hasGitUrl, entityData.gitUrl, discoveryApi, fetchApi]);
      121 |

      at printWarning (../../../node_modules/react-dom/cjs/react-dom.development.js:86:30)
      at error (../../../node_modules/react-dom/cjs/react-dom.development.js:60:7)
      at warnIfUpdatesNotWrappedWithActDEV (../../../node_modules/react-dom/cjs/react-dom.development.js:27628:9)
      at scheduleUpdateOnFiber (../../../node_modules/react-dom/cjs/react-dom.development.js:25547:5)
      at dispatchSetState (../../../node_modules/react-dom/cjs/react-dom.development.js:16708:7)
      at setLoading (hooks/useAiRules.ts:118:7)

    console.error
      Error fetching AI rules: Cannot read properties of undefined (reading 'ok')

      112 |     } catch (err) {
      113 |       const errorMessage = err instanceof Error ? err.message : 'Unknown error occurred';
    > 114 |       console.error('Error fetching AI rules:', errorMessage);
          |               ^
      115 |       setError(errorMessage);
      116 |       setRules([]);
      117 |     } finally {

      at error (hooks/useAiRules.ts:114:15)

    console.error
      Warning: An update to TestComponent inside a test was not wrapped in act(...).
      
      When testing, code that causes React state updates should be wrapped into act(...):
      
      act(() => {
        /* fire events that update state */
      });
      /* assert on the output */
      
      This ensures that you're testing the behavior the user would see in the browser. Learn more at https://reactjs.org/link/wrap-tests-with-act
          at renderCallbackProps (/home/vrabbi/projects/backstage/backstage-plugins/node_modules/@testing-library/react/dist/pure.js:307:5)

      113 |       const errorMessage = err instanceof Error ? err.message : 'Unknown error occurred';
      114 |       console.error('Error fetching AI rules:', errorMessage);
    > 115 |       setError(errorMessage);
          |       ^
      116 |       setRules([]);
      117 |     } finally {
      118 |       setLoading(false);

      at printWarning (../../../node_modules/react-dom/cjs/react-dom.development.js:86:30)
      at error (../../../node_modules/react-dom/cjs/react-dom.development.js:60:7)
      at warnIfUpdatesNotWrappedWithActDEV (../../../node_modules/react-dom/cjs/react-dom.development.js:27628:9)
      at scheduleUpdateOnFiber (../../../node_modules/react-dom/cjs/react-dom.development.js:25547:5)
      at dispatchSetState (../../../node_modules/react-dom/cjs/react-dom.development.js:16708:7)
      at setError (hooks/useAiRules.ts:115:7)

    console.error
      Warning: An update to TestComponent inside a test was not wrapped in act(...).
      
      When testing, code that causes React state updates should be wrapped into act(...):
      
      act(() => {
        /* fire events that update state */
      });
      /* assert on the output */
      
      This ensures that you're testing the behavior the user would see in the browser. Learn more at https://reactjs.org/link/wrap-tests-with-act
          at renderCallbackProps (/home/vrabbi/projects/backstage/backstage-plugins/node_modules/@testing-library/react/dist/pure.js:307:5)

      114 |       console.error('Error fetching AI rules:', errorMessage);
      115 |       setError(errorMessage);
    > 116 |       setRules([]);
          |       ^
      117 |     } finally {
      118 |       setLoading(false);
      119 |     }

      at printWarning (../../../node_modules/react-dom/cjs/react-dom.development.js:86:30)
      at error (../../../node_modules/react-dom/cjs/react-dom.development.js:60:7)
      at warnIfUpdatesNotWrappedWithActDEV (../../../node_modules/react-dom/cjs/react-dom.development.js:27628:9)
      at scheduleUpdateOnFiber (../../../node_modules/react-dom/cjs/react-dom.development.js:25547:5)
      at dispatchSetState (../../../node_modules/react-dom/cjs/react-dom.development.js:16708:7)
      at setRules (hooks/useAiRules.ts:116:7)

    console.error
      Warning: An update to TestComponent inside a test was not wrapped in act(...).
      
      When testing, code that causes React state updates should be wrapped into act(...):
      
      act(() => {
        /* fire events that update state */
      });
      /* assert on the output */
      
      This ensures that you're testing the behavior the user would see in the browser. Learn more at https://reactjs.org/link/wrap-tests-with-act
          at renderCallbackProps (/home/vrabbi/projects/backstage/backstage-plugins/node_modules/@testing-library/react/dist/pure.js:307:5)

      116 |       setRules([]);
      117 |     } finally {
    > 118 |       setLoading(false);
          |       ^
      119 |     }
      120 |   }, [entityData.hasGitUrl, entityData.gitUrl, discoveryApi, fetchApi]);
      121 |

      at printWarning (../../../node_modules/react-dom/cjs/react-dom.development.js:86:30)
      at error (../../../node_modules/react-dom/cjs/react-dom.development.js:60:7)
      at warnIfUpdatesNotWrappedWithActDEV (../../../node_modules/react-dom/cjs/react-dom.development.js:27628:9)
      at scheduleUpdateOnFiber (../../../node_modules/react-dom/cjs/react-dom.development.js:25547:5)
      at dispatchSetState (../../../node_modules/react-dom/cjs/react-dom.development.js:16708:7)
      at setLoading (hooks/useAiRules.ts:118:7)

    console.error
      Error fetching AI rules: Cannot read properties of undefined (reading 'ok')

      112 |     } catch (err) {
      113 |       const errorMessage = err instanceof Error ? err.message : 'Unknown error occurred';
    > 114 |       console.error('Error fetching AI rules:', errorMessage);
          |               ^
      115 |       setError(errorMessage);
      116 |       setRules([]);
      117 |     } finally {

      at error (hooks/useAiRules.ts:114:15)

    console.error
      Warning: An update to TestComponent inside a test was not wrapped in act(...).
      
      When testing, code that causes React state updates should be wrapped into act(...):
      
      act(() => {
        /* fire events that update state */
      });
      /* assert on the output */
      
      This ensures that you're testing the behavior the user would see in the browser. Learn more at https://reactjs.org/link/wrap-tests-with-act
          at renderCallbackProps (/home/vrabbi/projects/backstage/backstage-plugins/node_modules/@testing-library/react/dist/pure.js:307:5)

      113 |       const errorMessage = err instanceof Error ? err.message : 'Unknown error occurred';
      114 |       console.error('Error fetching AI rules:', errorMessage);
    > 115 |       setError(errorMessage);
          |       ^
      116 |       setRules([]);
      117 |     } finally {
      118 |       setLoading(false);

      at printWarning (../../../node_modules/react-dom/cjs/react-dom.development.js:86:30)
      at error (../../../node_modules/react-dom/cjs/react-dom.development.js:60:7)
      at warnIfUpdatesNotWrappedWithActDEV (../../../node_modules/react-dom/cjs/react-dom.development.js:27628:9)
      at scheduleUpdateOnFiber (../../../node_modules/react-dom/cjs/react-dom.development.js:25547:5)
      at dispatchSetState (../../../node_modules/react-dom/cjs/react-dom.development.js:16708:7)
      at setError (hooks/useAiRules.ts:115:7)

    console.error
      Warning: An update to TestComponent inside a test was not wrapped in act(...).
      
      When testing, code that causes React state updates should be wrapped into act(...):
      
      act(() => {
        /* fire events that update state */
      });
      /* assert on the output */
      
      This ensures that you're testing the behavior the user would see in the browser. Learn more at https://reactjs.org/link/wrap-tests-with-act
          at renderCallbackProps (/home/vrabbi/projects/backstage/backstage-plugins/node_modules/@testing-library/react/dist/pure.js:307:5)

      114 |       console.error('Error fetching AI rules:', errorMessage);
      115 |       setError(errorMessage);
    > 116 |       setRules([]);
          |       ^
      117 |     } finally {
      118 |       setLoading(false);
      119 |     }

      at printWarning (../../../node_modules/react-dom/cjs/react-dom.development.js:86:30)
      at error (../../../node_modules/react-dom/cjs/react-dom.development.js:60:7)
      at warnIfUpdatesNotWrappedWithActDEV (../../../node_modules/react-dom/cjs/react-dom.development.js:27628:9)
      at scheduleUpdateOnFiber (../../../node_modules/react-dom/cjs/react-dom.development.js:25547:5)
      at dispatchSetState (../../../node_modules/react-dom/cjs/react-dom.development.js:16708:7)
      at setRules (hooks/useAiRules.ts:116:7)

    console.error
      Warning: An update to TestComponent inside a test was not wrapped in act(...).
      
      When testing, code that causes React state updates should be wrapped into act(...):
      
      act(() => {
        /* fire events that update state */
      });
      /* assert on the output */
      
      This ensures that you're testing the behavior the user would see in the browser. Learn more at https://reactjs.org/link/wrap-tests-with-act
          at renderCallbackProps (/home/vrabbi/projects/backstage/backstage-plugins/node_modules/@testing-library/react/dist/pure.js:307:5)

      116 |       setRules([]);
      117 |     } finally {
    > 118 |       setLoading(false);
          |       ^
      119 |     }
      120 |   }, [entityData.hasGitUrl, entityData.gitUrl, discoveryApi, fetchApi]);
      121 |

      at printWarning (../../../node_modules/react-dom/cjs/react-dom.development.js:86:30)
      at error (../../../node_modules/react-dom/cjs/react-dom.development.js:60:7)
      at warnIfUpdatesNotWrappedWithActDEV (../../../node_modules/react-dom/cjs/react-dom.development.js:27628:9)
      at scheduleUpdateOnFiber (../../../node_modules/react-dom/cjs/react-dom.development.js:25547:5)
      at dispatchSetState (../../../node_modules/react-dom/cjs/react-dom.development.js:16708:7)
      at setLoading (hooks/useAiRules.ts:118:7)

    console.error
      Error fetching AI rules: Cannot read properties of undefined (reading 'ok')

      112 |     } catch (err) {
      113 |       const errorMessage = err instanceof Error ? err.message : 'Unknown error occurred';
    > 114 |       console.error('Error fetching AI rules:', errorMessage);
          |               ^
      115 |       setError(errorMessage);
      116 |       setRules([]);
      117 |     } finally {

      at error (hooks/useAiRules.ts:114:15)

    console.error
      Error fetching AI rules: Cannot read properties of undefined (reading 'ok')

      112 |     } catch (err) {
      113 |       const errorMessage = err instanceof Error ? err.message : 'Unknown error occurred';
    > 114 |       console.error('Error fetching AI rules:', errorMessage);
          |               ^
      115 |       setError(errorMessage);
      116 |       setRules([]);
      117 |     } finally {

      at error (hooks/useAiRules.ts:114:15)

    console.error
      Warning: An update to TestComponent inside a test was not wrapped in act(...).
      
      When testing, code that causes React state updates should be wrapped into act(...):
      
      act(() => {
        /* fire events that update state */
      });
      /* assert on the output */
      
      This ensures that you're testing the behavior the user would see in the browser. Learn more at https://reactjs.org/link/wrap-tests-with-act
          at renderCallbackProps (/home/vrabbi/projects/backstage/backstage-plugins/node_modules/@testing-library/react/dist/pure.js:307:5)

      113 |       const errorMessage = err instanceof Error ? err.message : 'Unknown error occurred';
      114 |       console.error('Error fetching AI rules:', errorMessage);
    > 115 |       setError(errorMessage);
          |       ^
      116 |       setRules([]);
      117 |     } finally {
      118 |       setLoading(false);

      at printWarning (../../../node_modules/react-dom/cjs/react-dom.development.js:86:30)
      at error (../../../node_modules/react-dom/cjs/react-dom.development.js:60:7)
      at warnIfUpdatesNotWrappedWithActDEV (../../../node_modules/react-dom/cjs/react-dom.development.js:27628:9)
      at scheduleUpdateOnFiber (../../../node_modules/react-dom/cjs/react-dom.development.js:25547:5)
      at dispatchSetState (../../../node_modules/react-dom/cjs/react-dom.development.js:16708:7)
      at setError (hooks/useAiRules.ts:115:7)

    console.error
      Warning: An update to TestComponent inside a test was not wrapped in act(...).
      
      When testing, code that causes React state updates should be wrapped into act(...):
      
      act(() => {
        /* fire events that update state */
      });
      /* assert on the output */
      
      This ensures that you're testing the behavior the user would see in the browser. Learn more at https://reactjs.org/link/wrap-tests-with-act
          at renderCallbackProps (/home/vrabbi/projects/backstage/backstage-plugins/node_modules/@testing-library/react/dist/pure.js:307:5)

      114 |       console.error('Error fetching AI rules:', errorMessage);
      115 |       setError(errorMessage);
    > 116 |       setRules([]);
          |       ^
      117 |     } finally {
      118 |       setLoading(false);
      119 |     }

      at printWarning (../../../node_modules/react-dom/cjs/react-dom.development.js:86:30)
      at error (../../../node_modules/react-dom/cjs/react-dom.development.js:60:7)
      at warnIfUpdatesNotWrappedWithActDEV (../../../node_modules/react-dom/cjs/react-dom.development.js:27628:9)
      at scheduleUpdateOnFiber (../../../node_modules/react-dom/cjs/react-dom.development.js:25547:5)
      at dispatchSetState (../../../node_modules/react-dom/cjs/react-dom.development.js:16708:7)
      at setRules (hooks/useAiRules.ts:116:7)

    console.error
      Warning: An update to TestComponent inside a test was not wrapped in act(...).
      
      When testing, code that causes React state updates should be wrapped into act(...):
      
      act(() => {
        /* fire events that update state */
      });
      /* assert on the output */
      
      This ensures that you're testing the behavior the user would see in the browser. Learn more at https://reactjs.org/link/wrap-tests-with-act
          at renderCallbackProps (/home/vrabbi/projects/backstage/backstage-plugins/node_modules/@testing-library/react/dist/pure.js:307:5)

      116 |       setRules([]);
      117 |     } finally {
    > 118 |       setLoading(false);
          |       ^
      119 |     }
      120 |   }, [entityData.hasGitUrl, entityData.gitUrl, discoveryApi, fetchApi]);
      121 |

      at printWarning (../../../node_modules/react-dom/cjs/react-dom.development.js:86:30)
      at error (../../../node_modules/react-dom/cjs/react-dom.development.js:60:7)
      at warnIfUpdatesNotWrappedWithActDEV (../../../node_modules/react-dom/cjs/react-dom.development.js:27628:9)
      at scheduleUpdateOnFiber (../../../node_modules/react-dom/cjs/react-dom.development.js:25547:5)
      at dispatchSetState (../../../node_modules/react-dom/cjs/react-dom.development.js:16708:7)
      at setLoading (hooks/useAiRules.ts:118:7)

    console.error
      Error fetching AI rules: Failed to fetch AI rules: Internal Server Error

      112 |     } catch (err) {
      113 |       const errorMessage = err instanceof Error ? err.message : 'Unknown error occurred';
    > 114 |       console.error('Error fetching AI rules:', errorMessage);
          |               ^
      115 |       setError(errorMessage);
      116 |       setRules([]);
      117 |     } finally {

      at error (hooks/useAiRules.ts:114:15)

    console.error
      Error fetching AI rules: Network error

      112 |     } catch (err) {
      113 |       const errorMessage = err instanceof Error ? err.message : 'Unknown error occurred';
    > 114 |       console.error('Error fetching AI rules:', errorMessage);
          |               ^
      115 |       setError(errorMessage);
      116 |       setRules([]);
      117 |     } finally {

      at error (hooks/useAiRules.ts:114:15)

PASS @terasky/backstage-plugin-catalog-mcp-backend plugins/catalog-mcp-backend/src/plugin.test.ts
PASS @terasky/backstage-plugin-spectrocloud-ingestor plugins/spectrocloud-ingestor/src/module.test.ts
PASS @terasky/backstage-plugin-kubernetes-ingestor plugins/kubernetes-ingestor/src/module.test.ts
PASS @terasky/backstage-plugin-crossplane-resources-frontend plugins/crossplane-resources/src/components/CrossplaneV1OverviewCard.test.tsx
PASS @terasky/backstage-plugin-crossplane-resources-frontend plugins/crossplane-resources/src/components/CrossplaneV2OverviewCard.test.tsx
PASS @terasky/backstage-plugin-spectrocloud-ingestor plugins/spectrocloud-ingestor/src/providers/SpectroCloudEntityProvider.test.ts
PASS @terasky/backstage-plugin-kubernetes-ingestor plugins/kubernetes-ingestor/src/services/KubernetesResourceFetcher.test.ts
PASS @terasky/backstage-plugin-kubernetes-resources-permissions-backend plugins/kubernetes-resources-permissions-backend/src/service/router.test.ts
PASS @terasky/backstage-plugin-app-module-global-signin-page plugins/app-module-global-signin-page/src/module.test.tsx
(node:323380) Warning: Setting the NODE_TLS_REJECT_UNAUTHORIZED environment variable to '0' makes TLS connections and HTTPS requests insecure by disabling certificate verification.
(Use `node --trace-warnings ...` to show where the warning was created)
FAIL @terasky/backstage-plugin-crossplane-resources-frontend plugins/crossplane-resources/src/components/CrossplaneV1ResourceTable.test.tsx
  ● Console

    console.error
      Error: Uncaught [Error: useNavigate() may be used only in the context of a <Router> component.]
          at reportException (/home/vrabbi/projects/backstage/backstage-plugins/node_modules/jsdom/lib/jsdom/living/helpers/runtime-script-errors.js:66:24)
          at innerInvokeEventListeners (/home/vrabbi/projects/backstage/backstage-plugins/node_modules/jsdom/lib/jsdom/living/events/EventTarget-impl.js:353:9)
          at invokeEventListeners (/home/vrabbi/projects/backstage/backstage-plugins/node_modules/jsdom/lib/jsdom/living/events/EventTarget-impl.js:286:3)
          at HTMLUnknownElementImpl._dispatch (/home/vrabbi/projects/backstage/backstage-plugins/node_modules/jsdom/lib/jsdom/living/events/EventTarget-impl.js:233:9)
          at HTMLUnknownElementImpl.dispatchEvent (/home/vrabbi/projects/backstage/backstage-plugins/node_modules/jsdom/lib/jsdom/living/events/EventTarget-impl.js:104:17)
          at HTMLUnknownElement.dispatchEvent (/home/vrabbi/projects/backstage/backstage-plugins/node_modules/jsdom/lib/jsdom/living/generated/EventTarget.js:241:34)
          at Object.invokeGuardedCallbackDev (/home/vrabbi/projects/backstage/backstage-plugins/node_modules/react-dom/cjs/react-dom.development.js:4213:16)
          at invokeGuardedCallback (/home/vrabbi/projects/backstage/backstage-plugins/node_modules/react-dom/cjs/react-dom.development.js:4277:31)
          at beginWork$1 (/home/vrabbi/projects/backstage/backstage-plugins/node_modules/react-dom/cjs/react-dom.development.js:27490:7)
          at performUnitOfWork (/home/vrabbi/projects/backstage/backstage-plugins/node_modules/react-dom/cjs/react-dom.development.js:26599:12)
          at workLoopSync (/home/vrabbi/projects/backstage/backstage-plugins/node_modules/react-dom/cjs/react-dom.development.js:26505:5)
          at renderRootSync (/home/vrabbi/projects/backstage/backstage-plugins/node_modules/react-dom/cjs/react-dom.development.js:26473:7)
          at performConcurrentWorkOnRoot (/home/vrabbi/projects/backstage/backstage-plugins/node_modules/react-dom/cjs/react-dom.development.js:25777:74)
          at flushActQueue (/home/vrabbi/projects/backstage/backstage-plugins/node_modules/react/cjs/react.development.js:2667:24)
          at act (/home/vrabbi/projects/backstage/backstage-plugins/node_modules/react/cjs/react.development.js:2582:11)
          at /home/vrabbi/projects/backstage/backstage-plugins/node_modules/@testing-library/react/dist/act-compat.js:47:25
          at renderRoot (/home/vrabbi/projects/backstage/backstage-plugins/node_modules/@testing-library/react/dist/pure.js:180:24)
          at renderRoot (/home/vrabbi/projects/backstage/backstage-plugins/node_modules/@testing-library/react/dist/pure.js:271:10)
          at Object.<anonymous> (/home/vrabbi/projects/backstage/backstage-plugins/plugins/crossplane-resources/src/components/CrossplaneV1ResourceTable.test.tsx:70:33)
          at Promise.then.completed (/home/vrabbi/projects/backstage/backstage-plugins/node_modules/jest-circus/build/utils.js:298:28)
          at new Promise (<anonymous>)
          at callAsyncCircusFn (/home/vrabbi/projects/backstage/backstage-plugins/node_modules/jest-circus/build/utils.js:231:10)
          at _callCircusTest (/home/vrabbi/projects/backstage/backstage-plugins/node_modules/jest-circus/build/run.js:316:40)
          at processTicksAndRejections (node:internal/process/task_queues:103:5)
          at _runTest (/home/vrabbi/projects/backstage/backstage-plugins/node_modules/jest-circus/build/run.js:252:3)
          at _runTestsForDescribeBlock (/home/vrabbi/projects/backstage/backstage-plugins/node_modules/jest-circus/build/run.js:126:9)
          at _runTestsForDescribeBlock (/home/vrabbi/projects/backstage/backstage-plugins/node_modules/jest-circus/build/run.js:121:9)
          at run (/home/vrabbi/projects/backstage/backstage-plugins/node_modules/jest-circus/build/run.js:71:3)
          at runAndTransformResultsToJestFormat (/home/vrabbi/projects/backstage/backstage-plugins/node_modules/jest-circus/build/legacy-code-todo-rewrite/jestAdapterInit.js:122:21)
          at jestAdapter (/home/vrabbi/projects/backstage/backstage-plugins/node_modules/jest-circus/build/legacy-code-todo-rewrite/jestAdapter.js:79:19)
          at runTestInternal (/home/vrabbi/projects/backstage/backstage-plugins/node_modules/jest-runner/build/runTest.js:367:16)
          at runTest (/home/vrabbi/projects/backstage/backstage-plugins/node_modules/jest-runner/build/runTest.js:444:34)
          at Object.worker (/home/vrabbi/projects/backstage/backstage-plugins/node_modules/jest-runner/build/testWorker.js:106:12) {
        detail: Error: useNavigate() may be used only in the context of a <Router> component.
            at Object.invariant [as UNSAFE_invariant] (/home/vrabbi/projects/backstage/backstage-plugins/node_modules/@remix-run/router/dist/router.cjs.js:315:11)
            at UNSAFE_invariant (/home/vrabbi/projects/backstage/backstage-plugins/node_modules/react-router/dist/umd/react-router.development.js:223:36)
            at useNavigateUnstable (/home/vrabbi/projects/backstage/backstage-plugins/node_modules/react-router/dist/umd/react-router.development.js:220:48)
            at CrossplaneV1ResourcesTable (/home/vrabbi/projects/backstage/backstage-plugins/plugins/crossplane-resources/src/components/CrossplaneV1ResourceTable.tsx:384:33)
            at renderWithHooks (/home/vrabbi/projects/backstage/backstage-plugins/node_modules/react-dom/cjs/react-dom.development.js:15486:18)
            at mountIndeterminateComponent (/home/vrabbi/projects/backstage/backstage-plugins/node_modules/react-dom/cjs/react-dom.development.js:20103:13)
            at beginWork (/home/vrabbi/projects/backstage/backstage-plugins/node_modules/react-dom/cjs/react-dom.development.js:21626:16)
            at HTMLUnknownElement.callCallback (/home/vrabbi/projects/backstage/backstage-plugins/node_modules/react-dom/cjs/react-dom.development.js:4164:14)
            at HTMLUnknownElement.callTheUserObjectsOperation (/home/vrabbi/projects/backstage/backstage-plugins/node_modules/jsdom/lib/jsdom/living/generated/EventListener.js:26:30)
            at innerInvokeEventListeners (/home/vrabbi/projects/backstage/backstage-plugins/node_modules/jsdom/lib/jsdom/living/events/EventTarget-impl.js:350:25)
            at invokeEventListeners (/home/vrabbi/projects/backstage/backstage-plugins/node_modules/jsdom/lib/jsdom/living/events/EventTarget-impl.js:286:3)
            at HTMLUnknownElementImpl._dispatch (/home/vrabbi/projects/backstage/backstage-plugins/node_modules/jsdom/lib/jsdom/living/events/EventTarget-impl.js:233:9)
            at HTMLUnknownElementImpl.dispatchEvent (/home/vrabbi/projects/backstage/backstage-plugins/node_modules/jsdom/lib/jsdom/living/events/EventTarget-impl.js:104:17)
            at HTMLUnknownElement.dispatchEvent (/home/vrabbi/projects/backstage/backstage-plugins/node_modules/jsdom/lib/jsdom/living/generated/EventTarget.js:241:34)
            at Object.invokeGuardedCallbackDev (/home/vrabbi/projects/backstage/backstage-plugins/node_modules/react-dom/cjs/react-dom.development.js:4213:16)
            at invokeGuardedCallback (/home/vrabbi/projects/backstage/backstage-plugins/node_modules/react-dom/cjs/react-dom.development.js:4277:31)
            at beginWork$1 (/home/vrabbi/projects/backstage/backstage-plugins/node_modules/react-dom/cjs/react-dom.development.js:27490:7)
            at performUnitOfWork (/home/vrabbi/projects/backstage/backstage-plugins/node_modules/react-dom/cjs/react-dom.development.js:26599:12)
            at workLoopSync (/home/vrabbi/projects/backstage/backstage-plugins/node_modules/react-dom/cjs/react-dom.development.js:26505:5)
            at renderRootSync (/home/vrabbi/projects/backstage/backstage-plugins/node_modules/react-dom/cjs/react-dom.development.js:26473:7)
            at performConcurrentWorkOnRoot (/home/vrabbi/projects/backstage/backstage-plugins/node_modules/react-dom/cjs/react-dom.development.js:25777:74)
            at flushActQueue (/home/vrabbi/projects/backstage/backstage-plugins/node_modules/react/cjs/react.development.js:2667:24)
            at act (/home/vrabbi/projects/backstage/backstage-plugins/node_modules/react/cjs/react.development.js:2582:11)
            at /home/vrabbi/projects/backstage/backstage-plugins/node_modules/@testing-library/react/dist/act-compat.js:47:25
            at renderRoot (/home/vrabbi/projects/backstage/backstage-plugins/node_modules/@testing-library/react/dist/pure.js:180:24)
            at renderRoot (/home/vrabbi/projects/backstage/backstage-plugins/node_modules/@testing-library/react/dist/pure.js:271:10)
            at Object.<anonymous> (/home/vrabbi/projects/backstage/backstage-plugins/plugins/crossplane-resources/src/components/CrossplaneV1ResourceTable.test.tsx:70:33)
            at Promise.then.completed (/home/vrabbi/projects/backstage/backstage-plugins/node_modules/jest-circus/build/utils.js:298:28)
            at new Promise (<anonymous>)
            at callAsyncCircusFn (/home/vrabbi/projects/backstage/backstage-plugins/node_modules/jest-circus/build/utils.js:231:10)
            at _callCircusTest (/home/vrabbi/projects/backstage/backstage-plugins/node_modules/jest-circus/build/run.js:316:40)
            at processTicksAndRejections (node:internal/process/task_queues:103:5)
            at _runTest (/home/vrabbi/projects/backstage/backstage-plugins/node_modules/jest-circus/build/run.js:252:3)
            at _runTestsForDescribeBlock (/home/vrabbi/projects/backstage/backstage-plugins/node_modules/jest-circus/build/run.js:126:9)
            at _runTestsForDescribeBlock (/home/vrabbi/projects/backstage/backstage-plugins/node_modules/jest-circus/build/run.js:121:9)
            at run (/home/vrabbi/projects/backstage/backstage-plugins/node_modules/jest-circus/build/run.js:71:3)
            at runAndTransformResultsToJestFormat (/home/vrabbi/projects/backstage/backstage-plugins/node_modules/jest-circus/build/legacy-code-todo-rewrite/jestAdapterInit.js:122:21)
            at jestAdapter (/home/vrabbi/projects/backstage/backstage-plugins/node_modules/jest-circus/build/legacy-code-todo-rewrite/jestAdapter.js:79:19)
            at runTestInternal (/home/vrabbi/projects/backstage/backstage-plugins/node_modules/jest-runner/build/runTest.js:367:16)
            at runTest (/home/vrabbi/projects/backstage/backstage-plugins/node_modules/jest-runner/build/runTest.js:444:34)
            at Object.worker (/home/vrabbi/projects/backstage/backstage-plugins/node_modules/jest-runner/build/testWorker.js:106:12),
        type: 'unhandled exception'
      }

      68 |
      69 |   it('should render without crashing', () => {
    > 70 |     const { container } = render(
         |                                 ^
      71 |       <TestApiProvider apis={[
      72 |         [configApiRef, mockConfigApi],
      73 |         [crossplaneApiRef, mockCrossplaneApi],

      at VirtualConsole.<anonymous> (../../../node_modules/jest-environment-jsdom/build/index.js:63:23)
      at reportException (../../../node_modules/jsdom/lib/jsdom/living/helpers/runtime-script-errors.js:70:28)
      at innerInvokeEventListeners (../../../node_modules/jsdom/lib/jsdom/living/events/EventTarget-impl.js:353:9)
      at invokeEventListeners (../../../node_modules/jsdom/lib/jsdom/living/events/EventTarget-impl.js:286:3)
      at HTMLUnknownElementImpl._dispatch (../../../node_modules/jsdom/lib/jsdom/living/events/EventTarget-impl.js:233:9)
      at HTMLUnknownElementImpl.dispatchEvent (../../../node_modules/jsdom/lib/jsdom/living/events/EventTarget-impl.js:104:17)
      at HTMLUnknownElement.dispatchEvent (../../../node_modules/jsdom/lib/jsdom/living/generated/EventTarget.js:241:34)
      at Object.invokeGuardedCallbackDev (../../../node_modules/react-dom/cjs/react-dom.development.js:4213:16)
      at invokeGuardedCallback (../../../node_modules/react-dom/cjs/react-dom.development.js:4277:31)
      at beginWork$1 (../../../node_modules/react-dom/cjs/react-dom.development.js:27490:7)
      at performUnitOfWork (../../../node_modules/react-dom/cjs/react-dom.development.js:26599:12)
      at workLoopSync (../../../node_modules/react-dom/cjs/react-dom.development.js:26505:5)
      at renderRootSync (../../../node_modules/react-dom/cjs/react-dom.development.js:26473:7)
      at performConcurrentWorkOnRoot (../../../node_modules/react-dom/cjs/react-dom.development.js:25777:74)
      at flushActQueue (../../../node_modules/react/cjs/react.development.js:2667:24)
      at act (../../../node_modules/react/cjs/react.development.js:2582:11)
      at ../../../node_modules/@testing-library/react/dist/act-compat.js:47:25
      at renderRoot (../../../node_modules/@testing-library/react/dist/pure.js:180:24)
      at renderRoot (../../../node_modules/@testing-library/react/dist/pure.js:271:10)
      at Object.<anonymous> (components/CrossplaneV1ResourceTable.test.tsx:70:33)

    console.error
      Error: Uncaught [Error: useNavigate() may be used only in the context of a <Router> component.]
          at reportException (/home/vrabbi/projects/backstage/backstage-plugins/node_modules/jsdom/lib/jsdom/living/helpers/runtime-script-errors.js:66:24)
          at innerInvokeEventListeners (/home/vrabbi/projects/backstage/backstage-plugins/node_modules/jsdom/lib/jsdom/living/events/EventTarget-impl.js:353:9)
          at invokeEventListeners (/home/vrabbi/projects/backstage/backstage-plugins/node_modules/jsdom/lib/jsdom/living/events/EventTarget-impl.js:286:3)
          at HTMLUnknownElementImpl._dispatch (/home/vrabbi/projects/backstage/backstage-plugins/node_modules/jsdom/lib/jsdom/living/events/EventTarget-impl.js:233:9)
          at HTMLUnknownElementImpl.dispatchEvent (/home/vrabbi/projects/backstage/backstage-plugins/node_modules/jsdom/lib/jsdom/living/events/EventTarget-impl.js:104:17)
          at HTMLUnknownElement.dispatchEvent (/home/vrabbi/projects/backstage/backstage-plugins/node_modules/jsdom/lib/jsdom/living/generated/EventTarget.js:241:34)
          at Object.invokeGuardedCallbackDev (/home/vrabbi/projects/backstage/backstage-plugins/node_modules/react-dom/cjs/react-dom.development.js:4213:16)
          at invokeGuardedCallback (/home/vrabbi/projects/backstage/backstage-plugins/node_modules/react-dom/cjs/react-dom.development.js:4277:31)
          at beginWork$1 (/home/vrabbi/projects/backstage/backstage-plugins/node_modules/react-dom/cjs/react-dom.development.js:27490:7)
          at performUnitOfWork (/home/vrabbi/projects/backstage/backstage-plugins/node_modules/react-dom/cjs/react-dom.development.js:26599:12)
          at workLoopSync (/home/vrabbi/projects/backstage/backstage-plugins/node_modules/react-dom/cjs/react-dom.development.js:26505:5)
          at renderRootSync (/home/vrabbi/projects/backstage/backstage-plugins/node_modules/react-dom/cjs/react-dom.development.js:26473:7)
          at recoverFromConcurrentError (/home/vrabbi/projects/backstage/backstage-plugins/node_modules/react-dom/cjs/react-dom.development.js:25889:20)
          at performConcurrentWorkOnRoot (/home/vrabbi/projects/backstage/backstage-plugins/node_modules/react-dom/cjs/react-dom.development.js:25789:22)
          at flushActQueue (/home/vrabbi/projects/backstage/backstage-plugins/node_modules/react/cjs/react.development.js:2667:24)
          at act (/home/vrabbi/projects/backstage/backstage-plugins/node_modules/react/cjs/react.development.js:2582:11)
          at /home/vrabbi/projects/backstage/backstage-plugins/node_modules/@testing-library/react/dist/act-compat.js:47:25
          at renderRoot (/home/vrabbi/projects/backstage/backstage-plugins/node_modules/@testing-library/react/dist/pure.js:180:24)
          at renderRoot (/home/vrabbi/projects/backstage/backstage-plugins/node_modules/@testing-library/react/dist/pure.js:271:10)
          at Object.<anonymous> (/home/vrabbi/projects/backstage/backstage-plugins/plugins/crossplane-resources/src/components/CrossplaneV1ResourceTable.test.tsx:70:33)
          at Promise.then.completed (/home/vrabbi/projects/backstage/backstage-plugins/node_modules/jest-circus/build/utils.js:298:28)
          at new Promise (<anonymous>)
          at callAsyncCircusFn (/home/vrabbi/projects/backstage/backstage-plugins/node_modules/jest-circus/build/utils.js:231:10)
          at _callCircusTest (/home/vrabbi/projects/backstage/backstage-plugins/node_modules/jest-circus/build/run.js:316:40)
          at processTicksAndRejections (node:internal/process/task_queues:103:5)
          at _runTest (/home/vrabbi/projects/backstage/backstage-plugins/node_modules/jest-circus/build/run.js:252:3)
          at _runTestsForDescribeBlock (/home/vrabbi/projects/backstage/backstage-plugins/node_modules/jest-circus/build/run.js:126:9)
          at _runTestsForDescribeBlock (/home/vrabbi/projects/backstage/backstage-plugins/node_modules/jest-circus/build/run.js:121:9)
          at run (/home/vrabbi/projects/backstage/backstage-plugins/node_modules/jest-circus/build/run.js:71:3)
          at runAndTransformResultsToJestFormat (/home/vrabbi/projects/backstage/backstage-plugins/node_modules/jest-circus/build/legacy-code-todo-rewrite/jestAdapterInit.js:122:21)
          at jestAdapter (/home/vrabbi/projects/backstage/backstage-plugins/node_modules/jest-circus/build/legacy-code-todo-rewrite/jestAdapter.js:79:19)
          at runTestInternal (/home/vrabbi/projects/backstage/backstage-plugins/node_modules/jest-runner/build/runTest.js:367:16)
          at runTest (/home/vrabbi/projects/backstage/backstage-plugins/node_modules/jest-runner/build/runTest.js:444:34)
          at Object.worker (/home/vrabbi/projects/backstage/backstage-plugins/node_modules/jest-runner/build/testWorker.js:106:12) {
        detail: Error: useNavigate() may be used only in the context of a <Router> component.
            at Object.invariant [as UNSAFE_invariant] (/home/vrabbi/projects/backstage/backstage-plugins/node_modules/@remix-run/router/dist/router.cjs.js:315:11)
            at UNSAFE_invariant (/home/vrabbi/projects/backstage/backstage-plugins/node_modules/react-router/dist/umd/react-router.development.js:223:36)
            at useNavigateUnstable (/home/vrabbi/projects/backstage/backstage-plugins/node_modules/react-router/dist/umd/react-router.development.js:220:48)
            at CrossplaneV1ResourcesTable (/home/vrabbi/projects/backstage/backstage-plugins/plugins/crossplane-resources/src/components/CrossplaneV1ResourceTable.tsx:384:33)
            at renderWithHooks (/home/vrabbi/projects/backstage/backstage-plugins/node_modules/react-dom/cjs/react-dom.development.js:15486:18)
            at mountIndeterminateComponent (/home/vrabbi/projects/backstage/backstage-plugins/node_modules/react-dom/cjs/react-dom.development.js:20103:13)
            at beginWork (/home/vrabbi/projects/backstage/backstage-plugins/node_modules/react-dom/cjs/react-dom.development.js:21626:16)
            at HTMLUnknownElement.callCallback (/home/vrabbi/projects/backstage/backstage-plugins/node_modules/react-dom/cjs/react-dom.development.js:4164:14)
            at HTMLUnknownElement.callTheUserObjectsOperation (/home/vrabbi/projects/backstage/backstage-plugins/node_modules/jsdom/lib/jsdom/living/generated/EventListener.js:26:30)
            at innerInvokeEventListeners (/home/vrabbi/projects/backstage/backstage-plugins/node_modules/jsdom/lib/jsdom/living/events/EventTarget-impl.js:350:25)
            at invokeEventListeners (/home/vrabbi/projects/backstage/backstage-plugins/node_modules/jsdom/lib/jsdom/living/events/EventTarget-impl.js:286:3)
            at HTMLUnknownElementImpl._dispatch (/home/vrabbi/projects/backstage/backstage-plugins/node_modules/jsdom/lib/jsdom/living/events/EventTarget-impl.js:233:9)
            at HTMLUnknownElementImpl.dispatchEvent (/home/vrabbi/projects/backstage/backstage-plugins/node_modules/jsdom/lib/jsdom/living/events/EventTarget-impl.js:104:17)
            at HTMLUnknownElement.dispatchEvent (/home/vrabbi/projects/backstage/backstage-plugins/node_modules/jsdom/lib/jsdom/living/generated/EventTarget.js:241:34)
            at Object.invokeGuardedCallbackDev (/home/vrabbi/projects/backstage/backstage-plugins/node_modules/react-dom/cjs/react-dom.development.js:4213:16)
            at invokeGuardedCallback (/home/vrabbi/projects/backstage/backstage-plugins/node_modules/react-dom/cjs/react-dom.development.js:4277:31)
            at beginWork$1 (/home/vrabbi/projects/backstage/backstage-plugins/node_modules/react-dom/cjs/react-dom.development.js:27490:7)
            at performUnitOfWork (/home/vrabbi/projects/backstage/backstage-plugins/node_modules/react-dom/cjs/react-dom.development.js:26599:12)
            at workLoopSync (/home/vrabbi/projects/backstage/backstage-plugins/node_modules/react-dom/cjs/react-dom.development.js:26505:5)
            at renderRootSync (/home/vrabbi/projects/backstage/backstage-plugins/node_modules/react-dom/cjs/react-dom.development.js:26473:7)
            at recoverFromConcurrentError (/home/vrabbi/projects/backstage/backstage-plugins/node_modules/react-dom/cjs/react-dom.development.js:25889:20)
            at performConcurrentWorkOnRoot (/home/vrabbi/projects/backstage/backstage-plugins/node_modules/react-dom/cjs/react-dom.development.js:25789:22)
            at flushActQueue (/home/vrabbi/projects/backstage/backstage-plugins/node_modules/react/cjs/react.development.js:2667:24)
            at act (/home/vrabbi/projects/backstage/backstage-plugins/node_modules/react/cjs/react.development.js:2582:11)
            at /home/vrabbi/projects/backstage/backstage-plugins/node_modules/@testing-library/react/dist/act-compat.js:47:25
            at renderRoot (/home/vrabbi/projects/backstage/backstage-plugins/node_modules/@testing-library/react/dist/pure.js:180:24)
            at renderRoot (/home/vrabbi/projects/backstage/backstage-plugins/node_modules/@testing-library/react/dist/pure.js:271:10)
            at Object.<anonymous> (/home/vrabbi/projects/backstage/backstage-plugins/plugins/crossplane-resources/src/components/CrossplaneV1ResourceTable.test.tsx:70:33)
            at Promise.then.completed (/home/vrabbi/projects/backstage/backstage-plugins/node_modules/jest-circus/build/utils.js:298:28)
            at new Promise (<anonymous>)
            at callAsyncCircusFn (/home/vrabbi/projects/backstage/backstage-plugins/node_modules/jest-circus/build/utils.js:231:10)
            at _callCircusTest (/home/vrabbi/projects/backstage/backstage-plugins/node_modules/jest-circus/build/run.js:316:40)
            at processTicksAndRejections (node:internal/process/task_queues:103:5)
            at _runTest (/home/vrabbi/projects/backstage/backstage-plugins/node_modules/jest-circus/build/run.js:252:3)
            at _runTestsForDescribeBlock (/home/vrabbi/projects/backstage/backstage-plugins/node_modules/jest-circus/build/run.js:126:9)
            at _runTestsForDescribeBlock (/home/vrabbi/projects/backstage/backstage-plugins/node_modules/jest-circus/build/run.js:121:9)
            at run (/home/vrabbi/projects/backstage/backstage-plugins/node_modules/jest-circus/build/run.js:71:3)
            at runAndTransformResultsToJestFormat (/home/vrabbi/projects/backstage/backstage-plugins/node_modules/jest-circus/build/legacy-code-todo-rewrite/jestAdapterInit.js:122:21)
            at jestAdapter (/home/vrabbi/projects/backstage/backstage-plugins/node_modules/jest-circus/build/legacy-code-todo-rewrite/jestAdapter.js:79:19)
            at runTestInternal (/home/vrabbi/projects/backstage/backstage-plugins/node_modules/jest-runner/build/runTest.js:367:16)
            at runTest (/home/vrabbi/projects/backstage/backstage-plugins/node_modules/jest-runner/build/runTest.js:444:34)
            at Object.worker (/home/vrabbi/projects/backstage/backstage-plugins/node_modules/jest-runner/build/testWorker.js:106:12),
        type: 'unhandled exception'
      }

      68 |
      69 |   it('should render without crashing', () => {
    > 70 |     const { container } = render(
         |                                 ^
      71 |       <TestApiProvider apis={[
      72 |         [configApiRef, mockConfigApi],
      73 |         [crossplaneApiRef, mockCrossplaneApi],

      at VirtualConsole.<anonymous> (../../../node_modules/jest-environment-jsdom/build/index.js:63:23)
      at reportException (../../../node_modules/jsdom/lib/jsdom/living/helpers/runtime-script-errors.js:70:28)
      at innerInvokeEventListeners (../../../node_modules/jsdom/lib/jsdom/living/events/EventTarget-impl.js:353:9)
      at invokeEventListeners (../../../node_modules/jsdom/lib/jsdom/living/events/EventTarget-impl.js:286:3)
      at HTMLUnknownElementImpl._dispatch (../../../node_modules/jsdom/lib/jsdom/living/events/EventTarget-impl.js:233:9)
      at HTMLUnknownElementImpl.dispatchEvent (../../../node_modules/jsdom/lib/jsdom/living/events/EventTarget-impl.js:104:17)
      at HTMLUnknownElement.dispatchEvent (../../../node_modules/jsdom/lib/jsdom/living/generated/EventTarget.js:241:34)
      at Object.invokeGuardedCallbackDev (../../../node_modules/react-dom/cjs/react-dom.development.js:4213:16)
      at invokeGuardedCallback (../../../node_modules/react-dom/cjs/react-dom.development.js:4277:31)
      at beginWork$1 (../../../node_modules/react-dom/cjs/react-dom.development.js:27490:7)
      at performUnitOfWork (../../../node_modules/react-dom/cjs/react-dom.development.js:26599:12)
      at workLoopSync (../../../node_modules/react-dom/cjs/react-dom.development.js:26505:5)
      at renderRootSync (../../../node_modules/react-dom/cjs/react-dom.development.js:26473:7)
      at recoverFromConcurrentError (../../../node_modules/react-dom/cjs/react-dom.development.js:25889:20)
      at performConcurrentWorkOnRoot (../../../node_modules/react-dom/cjs/react-dom.development.js:25789:22)
      at flushActQueue (../../../node_modules/react/cjs/react.development.js:2667:24)
      at act (../../../node_modules/react/cjs/react.development.js:2582:11)
      at ../../../node_modules/@testing-library/react/dist/act-compat.js:47:25
      at renderRoot (../../../node_modules/@testing-library/react/dist/pure.js:180:24)
      at renderRoot (../../../node_modules/@testing-library/react/dist/pure.js:271:10)
      at Object.<anonymous> (components/CrossplaneV1ResourceTable.test.tsx:70:33)

    console.error
      The above error occurred in the <CrossplaneV1ResourcesTable> component:
      
          at CrossplaneV1ResourcesTable (/home/vrabbi/projects/backstage/backstage-plugins/plugins/crossplane-resources/src/components/CrossplaneV1ResourceTable.tsx:382:33)
          at apis (/home/vrabbi/projects/backstage/backstage-plugins/node_modules/@backstage/core-app-api/dist/apis/system/ApiProvider.esm.js:9:11)
          at apis (/home/vrabbi/projects/backstage/backstage-plugins/node_modules/@backstage/test-utils/dist/testUtils/TestApiProvider.esm.js:43:43)
      
      Consider adding an error boundary to your tree to customize error handling behavior.
      Visit https://reactjs.org/link/error-boundaries to learn more about error boundaries.

      68 |
      69 |   it('should render without crashing', () => {
    > 70 |     const { container } = render(
         |                                 ^
      71 |       <TestApiProvider apis={[
      72 |         [configApiRef, mockConfigApi],
      73 |         [crossplaneApiRef, mockCrossplaneApi],

      at logCapturedError (../../../node_modules/react-dom/cjs/react-dom.development.js:18704:23)
      at update.callback (../../../node_modules/react-dom/cjs/react-dom.development.js:18737:5)
      at callCallback (../../../node_modules/react-dom/cjs/react-dom.development.js:15036:12)
      at commitUpdateQueue (../../../node_modules/react-dom/cjs/react-dom.development.js:15057:9)
      at commitLayoutEffectOnFiber (../../../node_modules/react-dom/cjs/react-dom.development.js:23430:13)
      at commitLayoutMountEffects_complete (../../../node_modules/react-dom/cjs/react-dom.development.js:24727:9)
      at commitLayoutEffects_begin (../../../node_modules/react-dom/cjs/react-dom.development.js:24713:7)
      at commitLayoutEffects (../../../node_modules/react-dom/cjs/react-dom.development.js:24651:3)
      at commitRootImpl (../../../node_modules/react-dom/cjs/react-dom.development.js:26862:5)
      at commitRoot (../../../node_modules/react-dom/cjs/react-dom.development.js:26721:5)
      at finishConcurrentRender (../../../node_modules/react-dom/cjs/react-dom.development.js:25931:9)
      at performConcurrentWorkOnRoot (../../../node_modules/react-dom/cjs/react-dom.development.js:25848:7)
      at flushActQueue (../../../node_modules/react/cjs/react.development.js:2667:24)
      at act (../../../node_modules/react/cjs/react.development.js:2582:11)
      at ../../../node_modules/@testing-library/react/dist/act-compat.js:47:25
      at renderRoot (../../../node_modules/@testing-library/react/dist/pure.js:180:24)
      at renderRoot (../../../node_modules/@testing-library/react/dist/pure.js:271:10)
      at Object.<anonymous> (components/CrossplaneV1ResourceTable.test.tsx:70:33)

    console.error
      Error: Uncaught [Error: useNavigate() may be used only in the context of a <Router> component.]
          at reportException (/home/vrabbi/projects/backstage/backstage-plugins/node_modules/jsdom/lib/jsdom/living/helpers/runtime-script-errors.js:66:24)
          at innerInvokeEventListeners (/home/vrabbi/projects/backstage/backstage-plugins/node_modules/jsdom/lib/jsdom/living/events/EventTarget-impl.js:353:9)
          at invokeEventListeners (/home/vrabbi/projects/backstage/backstage-plugins/node_modules/jsdom/lib/jsdom/living/events/EventTarget-impl.js:286:3)
          at HTMLUnknownElementImpl._dispatch (/home/vrabbi/projects/backstage/backstage-plugins/node_modules/jsdom/lib/jsdom/living/events/EventTarget-impl.js:233:9)
          at HTMLUnknownElementImpl.dispatchEvent (/home/vrabbi/projects/backstage/backstage-plugins/node_modules/jsdom/lib/jsdom/living/events/EventTarget-impl.js:104:17)
          at HTMLUnknownElement.dispatchEvent (/home/vrabbi/projects/backstage/backstage-plugins/node_modules/jsdom/lib/jsdom/living/generated/EventTarget.js:241:34)
          at Object.invokeGuardedCallbackDev (/home/vrabbi/projects/backstage/backstage-plugins/node_modules/react-dom/cjs/react-dom.development.js:4213:16)
          at invokeGuardedCallback (/home/vrabbi/projects/backstage/backstage-plugins/node_modules/react-dom/cjs/react-dom.development.js:4277:31)
          at beginWork$1 (/home/vrabbi/projects/backstage/backstage-plugins/node_modules/react-dom/cjs/react-dom.development.js:27490:7)
          at performUnitOfWork (/home/vrabbi/projects/backstage/backstage-plugins/node_modules/react-dom/cjs/react-dom.development.js:26599:12)
          at workLoopSync (/home/vrabbi/projects/backstage/backstage-plugins/node_modules/react-dom/cjs/react-dom.development.js:26505:5)
          at renderRootSync (/home/vrabbi/projects/backstage/backstage-plugins/node_modules/react-dom/cjs/react-dom.development.js:26473:7)
          at performConcurrentWorkOnRoot (/home/vrabbi/projects/backstage/backstage-plugins/node_modules/react-dom/cjs/react-dom.development.js:25777:74)
          at flushActQueue (/home/vrabbi/projects/backstage/backstage-plugins/node_modules/react/cjs/react.development.js:2667:24)
          at act (/home/vrabbi/projects/backstage/backstage-plugins/node_modules/react/cjs/react.development.js:2582:11)
          at /home/vrabbi/projects/backstage/backstage-plugins/node_modules/@testing-library/react/dist/act-compat.js:47:25
          at renderRoot (/home/vrabbi/projects/backstage/backstage-plugins/node_modules/@testing-library/react/dist/pure.js:180:24)
          at renderRoot (/home/vrabbi/projects/backstage/backstage-plugins/node_modules/@testing-library/react/dist/pure.js:271:10)
          at Object.<anonymous> (/home/vrabbi/projects/backstage/backstage-plugins/plugins/crossplane-resources/src/components/CrossplaneV1ResourceTable.test.tsx:91:11)
          at Promise.then.completed (/home/vrabbi/projects/backstage/backstage-plugins/node_modules/jest-circus/build/utils.js:298:28)
          at new Promise (<anonymous>)
          at callAsyncCircusFn (/home/vrabbi/projects/backstage/backstage-plugins/node_modules/jest-circus/build/utils.js:231:10)
          at _callCircusTest (/home/vrabbi/projects/backstage/backstage-plugins/node_modules/jest-circus/build/run.js:316:40)
          at processTicksAndRejections (node:internal/process/task_queues:103:5)
          at _runTest (/home/vrabbi/projects/backstage/backstage-plugins/node_modules/jest-circus/build/run.js:252:3)
          at _runTestsForDescribeBlock (/home/vrabbi/projects/backstage/backstage-plugins/node_modules/jest-circus/build/run.js:126:9)
          at _runTestsForDescribeBlock (/home/vrabbi/projects/backstage/backstage-plugins/node_modules/jest-circus/build/run.js:121:9)
          at run (/home/vrabbi/projects/backstage/backstage-plugins/node_modules/jest-circus/build/run.js:71:3)
          at runAndTransformResultsToJestFormat (/home/vrabbi/projects/backstage/backstage-plugins/node_modules/jest-circus/build/legacy-code-todo-rewrite/jestAdapterInit.js:122:21)
          at jestAdapter (/home/vrabbi/projects/backstage/backstage-plugins/node_modules/jest-circus/build/legacy-code-todo-rewrite/jestAdapter.js:79:19)
          at runTestInternal (/home/vrabbi/projects/backstage/backstage-plugins/node_modules/jest-runner/build/runTest.js:367:16)
          at runTest (/home/vrabbi/projects/backstage/backstage-plugins/node_modules/jest-runner/build/runTest.js:444:34)
          at Object.worker (/home/vrabbi/projects/backstage/backstage-plugins/node_modules/jest-runner/build/testWorker.js:106:12) {
        detail: Error: useNavigate() may be used only in the context of a <Router> component.
            at Object.invariant [as UNSAFE_invariant] (/home/vrabbi/projects/backstage/backstage-plugins/node_modules/@remix-run/router/dist/router.cjs.js:315:11)
            at UNSAFE_invariant (/home/vrabbi/projects/backstage/backstage-plugins/node_modules/react-router/dist/umd/react-router.development.js:223:36)
            at useNavigateUnstable (/home/vrabbi/projects/backstage/backstage-plugins/node_modules/react-router/dist/umd/react-router.development.js:220:48)
            at CrossplaneV1ResourcesTable (/home/vrabbi/projects/backstage/backstage-plugins/plugins/crossplane-resources/src/components/CrossplaneV1ResourceTable.tsx:384:33)
            at renderWithHooks (/home/vrabbi/projects/backstage/backstage-plugins/node_modules/react-dom/cjs/react-dom.development.js:15486:18)
            at mountIndeterminateComponent (/home/vrabbi/projects/backstage/backstage-plugins/node_modules/react-dom/cjs/react-dom.development.js:20103:13)
            at beginWork (/home/vrabbi/projects/backstage/backstage-plugins/node_modules/react-dom/cjs/react-dom.development.js:21626:16)
            at HTMLUnknownElement.callCallback (/home/vrabbi/projects/backstage/backstage-plugins/node_modules/react-dom/cjs/react-dom.development.js:4164:14)
            at HTMLUnknownElement.callTheUserObjectsOperation (/home/vrabbi/projects/backstage/backstage-plugins/node_modules/jsdom/lib/jsdom/living/generated/EventListener.js:26:30)
            at innerInvokeEventListeners (/home/vrabbi/projects/backstage/backstage-plugins/node_modules/jsdom/lib/jsdom/living/events/EventTarget-impl.js:350:25)
            at invokeEventListeners (/home/vrabbi/projects/backstage/backstage-plugins/node_modules/jsdom/lib/jsdom/living/events/EventTarget-impl.js:286:3)
            at HTMLUnknownElementImpl._dispatch (/home/vrabbi/projects/backstage/backstage-plugins/node_modules/jsdom/lib/jsdom/living/events/EventTarget-impl.js:233:9)
            at HTMLUnknownElementImpl.dispatchEvent (/home/vrabbi/projects/backstage/backstage-plugins/node_modules/jsdom/lib/jsdom/living/events/EventTarget-impl.js:104:17)
            at HTMLUnknownElement.dispatchEvent (/home/vrabbi/projects/backstage/backstage-plugins/node_modules/jsdom/lib/jsdom/living/generated/EventTarget.js:241:34)
            at Object.invokeGuardedCallbackDev (/home/vrabbi/projects/backstage/backstage-plugins/node_modules/react-dom/cjs/react-dom.development.js:4213:16)
            at invokeGuardedCallback (/home/vrabbi/projects/backstage/backstage-plugins/node_modules/react-dom/cjs/react-dom.development.js:4277:31)
            at beginWork$1 (/home/vrabbi/projects/backstage/backstage-plugins/node_modules/react-dom/cjs/react-dom.development.js:27490:7)
            at performUnitOfWork (/home/vrabbi/projects/backstage/backstage-plugins/node_modules/react-dom/cjs/react-dom.development.js:26599:12)
            at workLoopSync (/home/vrabbi/projects/backstage/backstage-plugins/node_modules/react-dom/cjs/react-dom.development.js:26505:5)
            at renderRootSync (/home/vrabbi/projects/backstage/backstage-plugins/node_modules/react-dom/cjs/react-dom.development.js:26473:7)
            at performConcurrentWorkOnRoot (/home/vrabbi/projects/backstage/backstage-plugins/node_modules/react-dom/cjs/react-dom.development.js:25777:74)
            at flushActQueue (/home/vrabbi/projects/backstage/backstage-plugins/node_modules/react/cjs/react.development.js:2667:24)
            at act (/home/vrabbi/projects/backstage/backstage-plugins/node_modules/react/cjs/react.development.js:2582:11)
            at /home/vrabbi/projects/backstage/backstage-plugins/node_modules/@testing-library/react/dist/act-compat.js:47:25
            at renderRoot (/home/vrabbi/projects/backstage/backstage-plugins/node_modules/@testing-library/react/dist/pure.js:180:24)
            at renderRoot (/home/vrabbi/projects/backstage/backstage-plugins/node_modules/@testing-library/react/dist/pure.js:271:10)
            at Object.<anonymous> (/home/vrabbi/projects/backstage/backstage-plugins/plugins/crossplane-resources/src/components/CrossplaneV1ResourceTable.test.tsx:91:11)
            at Promise.then.completed (/home/vrabbi/projects/backstage/backstage-plugins/node_modules/jest-circus/build/utils.js:298:28)
            at new Promise (<anonymous>)
            at callAsyncCircusFn (/home/vrabbi/projects/backstage/backstage-plugins/node_modules/jest-circus/build/utils.js:231:10)
            at _callCircusTest (/home/vrabbi/projects/backstage/backstage-plugins/node_modules/jest-circus/build/run.js:316:40)
            at processTicksAndRejections (node:internal/process/task_queues:103:5)
            at _runTest (/home/vrabbi/projects/backstage/backstage-plugins/node_modules/jest-circus/build/run.js:252:3)
            at _runTestsForDescribeBlock (/home/vrabbi/projects/backstage/backstage-plugins/node_modules/jest-circus/build/run.js:126:9)
            at _runTestsForDescribeBlock (/home/vrabbi/projects/backstage/backstage-plugins/node_modules/jest-circus/build/run.js:121:9)
            at run (/home/vrabbi/projects/backstage/backstage-plugins/node_modules/jest-circus/build/run.js:71:3)
            at runAndTransformResultsToJestFormat (/home/vrabbi/projects/backstage/backstage-plugins/node_modules/jest-circus/build/legacy-code-todo-rewrite/jestAdapterInit.js:122:21)
            at jestAdapter (/home/vrabbi/projects/backstage/backstage-plugins/node_modules/jest-circus/build/legacy-code-todo-rewrite/jestAdapter.js:79:19)
            at runTestInternal (/home/vrabbi/projects/backstage/backstage-plugins/node_modules/jest-runner/build/runTest.js:367:16)
            at runTest (/home/vrabbi/projects/backstage/backstage-plugins/node_modules/jest-runner/build/runTest.js:444:34)
            at Object.worker (/home/vrabbi/projects/backstage/backstage-plugins/node_modules/jest-runner/build/testWorker.js:106:12),
        type: 'unhandled exception'
      }

      89 |     mockConfigApi.getOptionalBoolean.mockReturnValue(true);
      90 |
    > 91 |     render(
         |           ^
      92 |       <TestApiProvider apis={[
      93 |         [configApiRef, mockConfigApi],
      94 |         [crossplaneApiRef, mockCrossplaneApi],

      at VirtualConsole.<anonymous> (../../../node_modules/jest-environment-jsdom/build/index.js:63:23)
      at reportException (../../../node_modules/jsdom/lib/jsdom/living/helpers/runtime-script-errors.js:70:28)
      at innerInvokeEventListeners (../../../node_modules/jsdom/lib/jsdom/living/events/EventTarget-impl.js:353:9)
      at invokeEventListeners (../../../node_modules/jsdom/lib/jsdom/living/events/EventTarget-impl.js:286:3)
      at HTMLUnknownElementImpl._dispatch (../../../node_modules/jsdom/lib/jsdom/living/events/EventTarget-impl.js:233:9)
      at HTMLUnknownElementImpl.dispatchEvent (../../../node_modules/jsdom/lib/jsdom/living/events/EventTarget-impl.js:104:17)
      at HTMLUnknownElement.dispatchEvent (../../../node_modules/jsdom/lib/jsdom/living/generated/EventTarget.js:241:34)
      at Object.invokeGuardedCallbackDev (../../../node_modules/react-dom/cjs/react-dom.development.js:4213:16)
      at invokeGuardedCallback (../../../node_modules/react-dom/cjs/react-dom.development.js:4277:31)
      at beginWork$1 (../../../node_modules/react-dom/cjs/react-dom.development.js:27490:7)
      at performUnitOfWork (../../../node_modules/react-dom/cjs/react-dom.development.js:26599:12)
      at workLoopSync (../../../node_modules/react-dom/cjs/react-dom.development.js:26505:5)
      at renderRootSync (../../../node_modules/react-dom/cjs/react-dom.development.js:26473:7)
      at performConcurrentWorkOnRoot (../../../node_modules/react-dom/cjs/react-dom.development.js:25777:74)
      at flushActQueue (../../../node_modules/react/cjs/react.development.js:2667:24)
      at act (../../../node_modules/react/cjs/react.development.js:2582:11)
      at ../../../node_modules/@testing-library/react/dist/act-compat.js:47:25
      at renderRoot (../../../node_modules/@testing-library/react/dist/pure.js:180:24)
      at renderRoot (../../../node_modules/@testing-library/react/dist/pure.js:271:10)
      at Object.<anonymous> (components/CrossplaneV1ResourceTable.test.tsx:91:11)

    console.error
      Error: Uncaught [Error: useNavigate() may be used only in the context of a <Router> component.]
          at reportException (/home/vrabbi/projects/backstage/backstage-plugins/node_modules/jsdom/lib/jsdom/living/helpers/runtime-script-errors.js:66:24)
          at innerInvokeEventListeners (/home/vrabbi/projects/backstage/backstage-plugins/node_modules/jsdom/lib/jsdom/living/events/EventTarget-impl.js:353:9)
          at invokeEventListeners (/home/vrabbi/projects/backstage/backstage-plugins/node_modules/jsdom/lib/jsdom/living/events/EventTarget-impl.js:286:3)
          at HTMLUnknownElementImpl._dispatch (/home/vrabbi/projects/backstage/backstage-plugins/node_modules/jsdom/lib/jsdom/living/events/EventTarget-impl.js:233:9)
          at HTMLUnknownElementImpl.dispatchEvent (/home/vrabbi/projects/backstage/backstage-plugins/node_modules/jsdom/lib/jsdom/living/events/EventTarget-impl.js:104:17)
          at HTMLUnknownElement.dispatchEvent (/home/vrabbi/projects/backstage/backstage-plugins/node_modules/jsdom/lib/jsdom/living/generated/EventTarget.js:241:34)
          at Object.invokeGuardedCallbackDev (/home/vrabbi/projects/backstage/backstage-plugins/node_modules/react-dom/cjs/react-dom.development.js:4213:16)
          at invokeGuardedCallback (/home/vrabbi/projects/backstage/backstage-plugins/node_modules/react-dom/cjs/react-dom.development.js:4277:31)
          at beginWork$1 (/home/vrabbi/projects/backstage/backstage-plugins/node_modules/react-dom/cjs/react-dom.development.js:27490:7)
          at performUnitOfWork (/home/vrabbi/projects/backstage/backstage-plugins/node_modules/react-dom/cjs/react-dom.development.js:26599:12)
          at workLoopSync (/home/vrabbi/projects/backstage/backstage-plugins/node_modules/react-dom/cjs/react-dom.development.js:26505:5)
          at renderRootSync (/home/vrabbi/projects/backstage/backstage-plugins/node_modules/react-dom/cjs/react-dom.development.js:26473:7)
          at recoverFromConcurrentError (/home/vrabbi/projects/backstage/backstage-plugins/node_modules/react-dom/cjs/react-dom.development.js:25889:20)
          at performConcurrentWorkOnRoot (/home/vrabbi/projects/backstage/backstage-plugins/node_modules/react-dom/cjs/react-dom.development.js:25789:22)
          at flushActQueue (/home/vrabbi/projects/backstage/backstage-plugins/node_modules/react/cjs/react.development.js:2667:24)
          at act (/home/vrabbi/projects/backstage/backstage-plugins/node_modules/react/cjs/react.development.js:2582:11)
          at /home/vrabbi/projects/backstage/backstage-plugins/node_modules/@testing-library/react/dist/act-compat.js:47:25
          at renderRoot (/home/vrabbi/projects/backstage/backstage-plugins/node_modules/@testing-library/react/dist/pure.js:180:24)
          at renderRoot (/home/vrabbi/projects/backstage/backstage-plugins/node_modules/@testing-library/react/dist/pure.js:271:10)
          at Object.<anonymous> (/home/vrabbi/projects/backstage/backstage-plugins/plugins/crossplane-resources/src/components/CrossplaneV1ResourceTable.test.tsx:91:11)
          at Promise.then.completed (/home/vrabbi/projects/backstage/backstage-plugins/node_modules/jest-circus/build/utils.js:298:28)
          at new Promise (<anonymous>)
          at callAsyncCircusFn (/home/vrabbi/projects/backstage/backstage-plugins/node_modules/jest-circus/build/utils.js:231:10)
          at _callCircusTest (/home/vrabbi/projects/backstage/backstage-plugins/node_modules/jest-circus/build/run.js:316:40)
          at processTicksAndRejections (node:internal/process/task_queues:103:5)
          at _runTest (/home/vrabbi/projects/backstage/backstage-plugins/node_modules/jest-circus/build/run.js:252:3)
          at _runTestsForDescribeBlock (/home/vrabbi/projects/backstage/backstage-plugins/node_modules/jest-circus/build/run.js:126:9)
          at _runTestsForDescribeBlock (/home/vrabbi/projects/backstage/backstage-plugins/node_modules/jest-circus/build/run.js:121:9)
          at run (/home/vrabbi/projects/backstage/backstage-plugins/node_modules/jest-circus/build/run.js:71:3)
          at runAndTransformResultsToJestFormat (/home/vrabbi/projects/backstage/backstage-plugins/node_modules/jest-circus/build/legacy-code-todo-rewrite/jestAdapterInit.js:122:21)
          at jestAdapter (/home/vrabbi/projects/backstage/backstage-plugins/node_modules/jest-circus/build/legacy-code-todo-rewrite/jestAdapter.js:79:19)
          at runTestInternal (/home/vrabbi/projects/backstage/backstage-plugins/node_modules/jest-runner/build/runTest.js:367:16)
          at runTest (/home/vrabbi/projects/backstage/backstage-plugins/node_modules/jest-runner/build/runTest.js:444:34)
          at Object.worker (/home/vrabbi/projects/backstage/backstage-plugins/node_modules/jest-runner/build/testWorker.js:106:12) {
        detail: Error: useNavigate() may be used only in the context of a <Router> component.
            at Object.invariant [as UNSAFE_invariant] (/home/vrabbi/projects/backstage/backstage-plugins/node_modules/@remix-run/router/dist/router.cjs.js:315:11)
            at UNSAFE_invariant (/home/vrabbi/projects/backstage/backstage-plugins/node_modules/react-router/dist/umd/react-router.development.js:223:36)
            at useNavigateUnstable (/home/vrabbi/projects/backstage/backstage-plugins/node_modules/react-router/dist/umd/react-router.development.js:220:48)
            at CrossplaneV1ResourcesTable (/home/vrabbi/projects/backstage/backstage-plugins/plugins/crossplane-resources/src/components/CrossplaneV1ResourceTable.tsx:384:33)
            at renderWithHooks (/home/vrabbi/projects/backstage/backstage-plugins/node_modules/react-dom/cjs/react-dom.development.js:15486:18)
            at mountIndeterminateComponent (/home/vrabbi/projects/backstage/backstage-plugins/node_modules/react-dom/cjs/react-dom.development.js:20103:13)
            at beginWork (/home/vrabbi/projects/backstage/backstage-plugins/node_modules/react-dom/cjs/react-dom.development.js:21626:16)
            at HTMLUnknownElement.callCallback (/home/vrabbi/projects/backstage/backstage-plugins/node_modules/react-dom/cjs/react-dom.development.js:4164:14)
            at HTMLUnknownElement.callTheUserObjectsOperation (/home/vrabbi/projects/backstage/backstage-plugins/node_modules/jsdom/lib/jsdom/living/generated/EventListener.js:26:30)
            at innerInvokeEventListeners (/home/vrabbi/projects/backstage/backstage-plugins/node_modules/jsdom/lib/jsdom/living/events/EventTarget-impl.js:350:25)
            at invokeEventListeners (/home/vrabbi/projects/backstage/backstage-plugins/node_modules/jsdom/lib/jsdom/living/events/EventTarget-impl.js:286:3)
            at HTMLUnknownElementImpl._dispatch (/home/vrabbi/projects/backstage/backstage-plugins/node_modules/jsdom/lib/jsdom/living/events/EventTarget-impl.js:233:9)
            at HTMLUnknownElementImpl.dispatchEvent (/home/vrabbi/projects/backstage/backstage-plugins/node_modules/jsdom/lib/jsdom/living/events/EventTarget-impl.js:104:17)
            at HTMLUnknownElement.dispatchEvent (/home/vrabbi/projects/backstage/backstage-plugins/node_modules/jsdom/lib/jsdom/living/generated/EventTarget.js:241:34)
            at Object.invokeGuardedCallbackDev (/home/vrabbi/projects/backstage/backstage-plugins/node_modules/react-dom/cjs/react-dom.development.js:4213:16)
            at invokeGuardedCallback (/home/vrabbi/projects/backstage/backstage-plugins/node_modules/react-dom/cjs/react-dom.development.js:4277:31)
            at beginWork$1 (/home/vrabbi/projects/backstage/backstage-plugins/node_modules/react-dom/cjs/react-dom.development.js:27490:7)
            at performUnitOfWork (/home/vrabbi/projects/backstage/backstage-plugins/node_modules/react-dom/cjs/react-dom.development.js:26599:12)
            at workLoopSync (/home/vrabbi/projects/backstage/backstage-plugins/node_modules/react-dom/cjs/react-dom.development.js:26505:5)
            at renderRootSync (/home/vrabbi/projects/backstage/backstage-plugins/node_modules/react-dom/cjs/react-dom.development.js:26473:7)
            at recoverFromConcurrentError (/home/vrabbi/projects/backstage/backstage-plugins/node_modules/react-dom/cjs/react-dom.development.js:25889:20)
            at performConcurrentWorkOnRoot (/home/vrabbi/projects/backstage/backstage-plugins/node_modules/react-dom/cjs/react-dom.development.js:25789:22)
            at flushActQueue (/home/vrabbi/projects/backstage/backstage-plugins/node_modules/react/cjs/react.development.js:2667:24)
            at act (/home/vrabbi/projects/backstage/backstage-plugins/node_modules/react/cjs/react.development.js:2582:11)
            at /home/vrabbi/projects/backstage/backstage-plugins/node_modules/@testing-library/react/dist/act-compat.js:47:25
            at renderRoot (/home/vrabbi/projects/backstage/backstage-plugins/node_modules/@testing-library/react/dist/pure.js:180:24)
            at renderRoot (/home/vrabbi/projects/backstage/backstage-plugins/node_modules/@testing-library/react/dist/pure.js:271:10)
            at Object.<anonymous> (/home/vrabbi/projects/backstage/backstage-plugins/plugins/crossplane-resources/src/components/CrossplaneV1ResourceTable.test.tsx:91:11)
            at Promise.then.completed (/home/vrabbi/projects/backstage/backstage-plugins/node_modules/jest-circus/build/utils.js:298:28)
            at new Promise (<anonymous>)
            at callAsyncCircusFn (/home/vrabbi/projects/backstage/backstage-plugins/node_modules/jest-circus/build/utils.js:231:10)
            at _callCircusTest (/home/vrabbi/projects/backstage/backstage-plugins/node_modules/jest-circus/build/run.js:316:40)
            at processTicksAndRejections (node:internal/process/task_queues:103:5)
            at _runTest (/home/vrabbi/projects/backstage/backstage-plugins/node_modules/jest-circus/build/run.js:252:3)
            at _runTestsForDescribeBlock (/home/vrabbi/projects/backstage/backstage-plugins/node_modules/jest-circus/build/run.js:126:9)
            at _runTestsForDescribeBlock (/home/vrabbi/projects/backstage/backstage-plugins/node_modules/jest-circus/build/run.js:121:9)
            at run (/home/vrabbi/projects/backstage/backstage-plugins/node_modules/jest-circus/build/run.js:71:3)
            at runAndTransformResultsToJestFormat (/home/vrabbi/projects/backstage/backstage-plugins/node_modules/jest-circus/build/legacy-code-todo-rewrite/jestAdapterInit.js:122:21)
            at jestAdapter (/home/vrabbi/projects/backstage/backstage-plugins/node_modules/jest-circus/build/legacy-code-todo-rewrite/jestAdapter.js:79:19)
            at runTestInternal (/home/vrabbi/projects/backstage/backstage-plugins/node_modules/jest-runner/build/runTest.js:367:16)
            at runTest (/home/vrabbi/projects/backstage/backstage-plugins/node_modules/jest-runner/build/runTest.js:444:34)
            at Object.worker (/home/vrabbi/projects/backstage/backstage-plugins/node_modules/jest-runner/build/testWorker.js:106:12),
        type: 'unhandled exception'
      }

      89 |     mockConfigApi.getOptionalBoolean.mockReturnValue(true);
      90 |
    > 91 |     render(
         |           ^
      92 |       <TestApiProvider apis={[
      93 |         [configApiRef, mockConfigApi],
      94 |         [crossplaneApiRef, mockCrossplaneApi],

      at VirtualConsole.<anonymous> (../../../node_modules/jest-environment-jsdom/build/index.js:63:23)
      at reportException (../../../node_modules/jsdom/lib/jsdom/living/helpers/runtime-script-errors.js:70:28)
      at innerInvokeEventListeners (../../../node_modules/jsdom/lib/jsdom/living/events/EventTarget-impl.js:353:9)
      at invokeEventListeners (../../../node_modules/jsdom/lib/jsdom/living/events/EventTarget-impl.js:286:3)
      at HTMLUnknownElementImpl._dispatch (../../../node_modules/jsdom/lib/jsdom/living/events/EventTarget-impl.js:233:9)
      at HTMLUnknownElementImpl.dispatchEvent (../../../node_modules/jsdom/lib/jsdom/living/events/EventTarget-impl.js:104:17)
      at HTMLUnknownElement.dispatchEvent (../../../node_modules/jsdom/lib/jsdom/living/generated/EventTarget.js:241:34)
      at Object.invokeGuardedCallbackDev (../../../node_modules/react-dom/cjs/react-dom.development.js:4213:16)
      at invokeGuardedCallback (../../../node_modules/react-dom/cjs/react-dom.development.js:4277:31)
      at beginWork$1 (../../../node_modules/react-dom/cjs/react-dom.development.js:27490:7)
      at performUnitOfWork (../../../node_modules/react-dom/cjs/react-dom.development.js:26599:12)
      at workLoopSync (../../../node_modules/react-dom/cjs/react-dom.development.js:26505:5)
      at renderRootSync (../../../node_modules/react-dom/cjs/react-dom.development.js:26473:7)
      at recoverFromConcurrentError (../../../node_modules/react-dom/cjs/react-dom.development.js:25889:20)
      at performConcurrentWorkOnRoot (../../../node_modules/react-dom/cjs/react-dom.development.js:25789:22)
      at flushActQueue (../../../node_modules/react/cjs/react.development.js:2667:24)
      at act (../../../node_modules/react/cjs/react.development.js:2582:11)
      at ../../../node_modules/@testing-library/react/dist/act-compat.js:47:25
      at renderRoot (../../../node_modules/@testing-library/react/dist/pure.js:180:24)
      at renderRoot (../../../node_modules/@testing-library/react/dist/pure.js:271:10)
      at Object.<anonymous> (components/CrossplaneV1ResourceTable.test.tsx:91:11)

    console.error
      The above error occurred in the <CrossplaneV1ResourcesTable> component:
      
          at CrossplaneV1ResourcesTable (/home/vrabbi/projects/backstage/backstage-plugins/plugins/crossplane-resources/src/components/CrossplaneV1ResourceTable.tsx:382:33)
          at apis (/home/vrabbi/projects/backstage/backstage-plugins/node_modules/@backstage/core-app-api/dist/apis/system/ApiProvider.esm.js:9:11)
          at apis (/home/vrabbi/projects/backstage/backstage-plugins/node_modules/@backstage/test-utils/dist/testUtils/TestApiProvider.esm.js:43:43)
      
      Consider adding an error boundary to your tree to customize error handling behavior.
      Visit https://reactjs.org/link/error-boundaries to learn more about error boundaries.

      89 |     mockConfigApi.getOptionalBoolean.mockReturnValue(true);
      90 |
    > 91 |     render(
         |           ^
      92 |       <TestApiProvider apis={[
      93 |         [configApiRef, mockConfigApi],
      94 |         [crossplaneApiRef, mockCrossplaneApi],

      at logCapturedError (../../../node_modules/react-dom/cjs/react-dom.development.js:18704:23)
      at update.callback (../../../node_modules/react-dom/cjs/react-dom.development.js:18737:5)
      at callCallback (../../../node_modules/react-dom/cjs/react-dom.development.js:15036:12)
      at commitUpdateQueue (../../../node_modules/react-dom/cjs/react-dom.development.js:15057:9)
      at commitLayoutEffectOnFiber (../../../node_modules/react-dom/cjs/react-dom.development.js:23430:13)
      at commitLayoutMountEffects_complete (../../../node_modules/react-dom/cjs/react-dom.development.js:24727:9)
      at commitLayoutEffects_begin (../../../node_modules/react-dom/cjs/react-dom.development.js:24713:7)
      at commitLayoutEffects (../../../node_modules/react-dom/cjs/react-dom.development.js:24651:3)
      at commitRootImpl (../../../node_modules/react-dom/cjs/react-dom.development.js:26862:5)
      at commitRoot (../../../node_modules/react-dom/cjs/react-dom.development.js:26721:5)
      at finishConcurrentRender (../../../node_modules/react-dom/cjs/react-dom.development.js:25931:9)
      at performConcurrentWorkOnRoot (../../../node_modules/react-dom/cjs/react-dom.development.js:25848:7)
      at flushActQueue (../../../node_modules/react/cjs/react.development.js:2667:24)
      at act (../../../node_modules/react/cjs/react.development.js:2582:11)
      at ../../../node_modules/@testing-library/react/dist/act-compat.js:47:25
      at renderRoot (../../../node_modules/@testing-library/react/dist/pure.js:180:24)
      at renderRoot (../../../node_modules/@testing-library/react/dist/pure.js:271:10)
      at Object.<anonymous> (components/CrossplaneV1ResourceTable.test.tsx:91:11)

  ● CrossplaneV1ResourceTable › should render without crashing

    useNavigate() may be used only in the context of a <Router> component.

      382 |     const crossplaneApi = useApi(crossplaneApiRef);
      383 |     const config = useApi(configApiRef);
    > 384 |     const navigate = useNavigate();
          |                                 ^
      385 |     const theme = useTheme();
      386 |     const enablePermissions = config.getOptionalBoolean('crossplane.enablePermissions') ?? false;
      387 |     const annotationPrefix = getAnnotationPrefix(config);

      at Object.invariant [as UNSAFE_invariant] (../../../node_modules/@remix-run/router/dist/router.cjs.js:315:11)
      at UNSAFE_invariant (../../../node_modules/react-router/dist/umd/react-router.development.js:223:36)
      at useNavigateUnstable (../../../node_modules/react-router/dist/umd/react-router.development.js:220:48)
      at CrossplaneV1ResourcesTable (components/CrossplaneV1ResourceTable.tsx:384:33)
      at renderWithHooks (../../../node_modules/react-dom/cjs/react-dom.development.js:15486:18)
      at mountIndeterminateComponent (../../../node_modules/react-dom/cjs/react-dom.development.js:20103:13)
      at beginWork (../../../node_modules/react-dom/cjs/react-dom.development.js:21626:16)
      at beginWork$1 (../../../node_modules/react-dom/cjs/react-dom.development.js:27465:14)
      at performUnitOfWork (../../../node_modules/react-dom/cjs/react-dom.development.js:26599:12)
      at workLoopSync (../../../node_modules/react-dom/cjs/react-dom.development.js:26505:5)
      at renderRootSync (../../../node_modules/react-dom/cjs/react-dom.development.js:26473:7)
      at recoverFromConcurrentError (../../../node_modules/react-dom/cjs/react-dom.development.js:25889:20)
      at performConcurrentWorkOnRoot (../../../node_modules/react-dom/cjs/react-dom.development.js:25789:22)
      at flushActQueue (../../../node_modules/react/cjs/react.development.js:2667:24)
      at act (../../../node_modules/react/cjs/react.development.js:2582:11)
      at ../../../node_modules/@testing-library/react/dist/act-compat.js:47:25
      at renderRoot (../../../node_modules/@testing-library/react/dist/pure.js:180:24)
      at renderRoot (../../../node_modules/@testing-library/react/dist/pure.js:271:10)
      at Object.<anonymous> (components/CrossplaneV1ResourceTable.test.tsx:70:33)

  ● CrossplaneV1ResourceTable › should not fetch when permission denied

    useNavigate() may be used only in the context of a <Router> component.

      382 |     const crossplaneApi = useApi(crossplaneApiRef);
      383 |     const config = useApi(configApiRef);
    > 384 |     const navigate = useNavigate();
          |                                 ^
      385 |     const theme = useTheme();
      386 |     const enablePermissions = config.getOptionalBoolean('crossplane.enablePermissions') ?? false;
      387 |     const annotationPrefix = getAnnotationPrefix(config);

      at Object.invariant [as UNSAFE_invariant] (../../../node_modules/@remix-run/router/dist/router.cjs.js:315:11)
      at UNSAFE_invariant (../../../node_modules/react-router/dist/umd/react-router.development.js:223:36)
      at useNavigateUnstable (../../../node_modules/react-router/dist/umd/react-router.development.js:220:48)
      at CrossplaneV1ResourcesTable (components/CrossplaneV1ResourceTable.tsx:384:33)
      at renderWithHooks (../../../node_modules/react-dom/cjs/react-dom.development.js:15486:18)
      at mountIndeterminateComponent (../../../node_modules/react-dom/cjs/react-dom.development.js:20103:13)
      at beginWork (../../../node_modules/react-dom/cjs/react-dom.development.js:21626:16)
      at beginWork$1 (../../../node_modules/react-dom/cjs/react-dom.development.js:27465:14)
      at performUnitOfWork (../../../node_modules/react-dom/cjs/react-dom.development.js:26599:12)
      at workLoopSync (../../../node_modules/react-dom/cjs/react-dom.development.js:26505:5)
      at renderRootSync (../../../node_modules/react-dom/cjs/react-dom.development.js:26473:7)
      at recoverFromConcurrentError (../../../node_modules/react-dom/cjs/react-dom.development.js:25889:20)
      at performConcurrentWorkOnRoot (../../../node_modules/react-dom/cjs/react-dom.development.js:25789:22)
      at flushActQueue (../../../node_modules/react/cjs/react.development.js:2667:24)
      at act (../../../node_modules/react/cjs/react.development.js:2582:11)
      at ../../../node_modules/@testing-library/react/dist/act-compat.js:47:25
      at renderRoot (../../../node_modules/@testing-library/react/dist/pure.js:180:24)
      at renderRoot (../../../node_modules/@testing-library/react/dist/pure.js:271:10)
      at Object.<anonymous> (components/CrossplaneV1ResourceTable.test.tsx:91:11)

PASS @terasky/backstage-plugin-spectrocloud-ingestor plugins/spectrocloud-ingestor/src/client/SpectroCloudClient.test.ts
FAIL @terasky/backstage-plugin-crossplane-resources-frontend plugins/crossplane-resources/src/components/CrossplaneV2ResourceTable.test.tsx
  ● Console

    console.error
      Error: Uncaught [Error: useNavigate() may be used only in the context of a <Router> component.]
          at reportException (/home/vrabbi/projects/backstage/backstage-plugins/node_modules/jsdom/lib/jsdom/living/helpers/runtime-script-errors.js:66:24)
          at innerInvokeEventListeners (/home/vrabbi/projects/backstage/backstage-plugins/node_modules/jsdom/lib/jsdom/living/events/EventTarget-impl.js:353:9)
          at invokeEventListeners (/home/vrabbi/projects/backstage/backstage-plugins/node_modules/jsdom/lib/jsdom/living/events/EventTarget-impl.js:286:3)
          at HTMLUnknownElementImpl._dispatch (/home/vrabbi/projects/backstage/backstage-plugins/node_modules/jsdom/lib/jsdom/living/events/EventTarget-impl.js:233:9)
          at HTMLUnknownElementImpl.dispatchEvent (/home/vrabbi/projects/backstage/backstage-plugins/node_modules/jsdom/lib/jsdom/living/events/EventTarget-impl.js:104:17)
          at HTMLUnknownElement.dispatchEvent (/home/vrabbi/projects/backstage/backstage-plugins/node_modules/jsdom/lib/jsdom/living/generated/EventTarget.js:241:34)
          at Object.invokeGuardedCallbackDev (/home/vrabbi/projects/backstage/backstage-plugins/node_modules/react-dom/cjs/react-dom.development.js:4213:16)
          at invokeGuardedCallback (/home/vrabbi/projects/backstage/backstage-plugins/node_modules/react-dom/cjs/react-dom.development.js:4277:31)
          at beginWork$1 (/home/vrabbi/projects/backstage/backstage-plugins/node_modules/react-dom/cjs/react-dom.development.js:27490:7)
          at performUnitOfWork (/home/vrabbi/projects/backstage/backstage-plugins/node_modules/react-dom/cjs/react-dom.development.js:26599:12)
          at workLoopSync (/home/vrabbi/projects/backstage/backstage-plugins/node_modules/react-dom/cjs/react-dom.development.js:26505:5)
          at renderRootSync (/home/vrabbi/projects/backstage/backstage-plugins/node_modules/react-dom/cjs/react-dom.development.js:26473:7)
          at performConcurrentWorkOnRoot (/home/vrabbi/projects/backstage/backstage-plugins/node_modules/react-dom/cjs/react-dom.development.js:25777:74)
          at flushActQueue (/home/vrabbi/projects/backstage/backstage-plugins/node_modules/react/cjs/react.development.js:2667:24)
          at act (/home/vrabbi/projects/backstage/backstage-plugins/node_modules/react/cjs/react.development.js:2582:11)
          at /home/vrabbi/projects/backstage/backstage-plugins/node_modules/@testing-library/react/dist/act-compat.js:47:25
          at renderRoot (/home/vrabbi/projects/backstage/backstage-plugins/node_modules/@testing-library/react/dist/pure.js:180:24)
          at renderRoot (/home/vrabbi/projects/backstage/backstage-plugins/node_modules/@testing-library/react/dist/pure.js:271:10)
          at Object.<anonymous> (/home/vrabbi/projects/backstage/backstage-plugins/plugins/crossplane-resources/src/components/CrossplaneV2ResourceTable.test.tsx:71:33)
          at Promise.then.completed (/home/vrabbi/projects/backstage/backstage-plugins/node_modules/jest-circus/build/utils.js:298:28)
          at new Promise (<anonymous>)
          at callAsyncCircusFn (/home/vrabbi/projects/backstage/backstage-plugins/node_modules/jest-circus/build/utils.js:231:10)
          at _callCircusTest (/home/vrabbi/projects/backstage/backstage-plugins/node_modules/jest-circus/build/run.js:316:40)
          at processTicksAndRejections (node:internal/process/task_queues:103:5)
          at _runTest (/home/vrabbi/projects/backstage/backstage-plugins/node_modules/jest-circus/build/run.js:252:3)
          at _runTestsForDescribeBlock (/home/vrabbi/projects/backstage/backstage-plugins/node_modules/jest-circus/build/run.js:126:9)
          at _runTestsForDescribeBlock (/home/vrabbi/projects/backstage/backstage-plugins/node_modules/jest-circus/build/run.js:121:9)
          at run (/home/vrabbi/projects/backstage/backstage-plugins/node_modules/jest-circus/build/run.js:71:3)
          at runAndTransformResultsToJestFormat (/home/vrabbi/projects/backstage/backstage-plugins/node_modules/jest-circus/build/legacy-code-todo-rewrite/jestAdapterInit.js:122:21)
          at jestAdapter (/home/vrabbi/projects/backstage/backstage-plugins/node_modules/jest-circus/build/legacy-code-todo-rewrite/jestAdapter.js:79:19)
          at runTestInternal (/home/vrabbi/projects/backstage/backstage-plugins/node_modules/jest-runner/build/runTest.js:367:16)
          at runTest (/home/vrabbi/projects/backstage/backstage-plugins/node_modules/jest-runner/build/runTest.js:444:34)
          at Object.worker (/home/vrabbi/projects/backstage/backstage-plugins/node_modules/jest-runner/build/testWorker.js:106:12) {
        detail: Error: useNavigate() may be used only in the context of a <Router> component.
            at Object.invariant [as UNSAFE_invariant] (/home/vrabbi/projects/backstage/backstage-plugins/node_modules/@remix-run/router/dist/router.cjs.js:315:11)
            at UNSAFE_invariant (/home/vrabbi/projects/backstage/backstage-plugins/node_modules/react-router/dist/umd/react-router.development.js:223:36)
            at useNavigateUnstable (/home/vrabbi/projects/backstage/backstage-plugins/node_modules/react-router/dist/umd/react-router.development.js:220:48)
            at CrossplaneV2ResourceTable (/home/vrabbi/projects/backstage/backstage-plugins/plugins/crossplane-resources/src/components/CrossplaneV2ResourceTable.tsx:288:31)
            at renderWithHooks (/home/vrabbi/projects/backstage/backstage-plugins/node_modules/react-dom/cjs/react-dom.development.js:15486:18)
            at mountIndeterminateComponent (/home/vrabbi/projects/backstage/backstage-plugins/node_modules/react-dom/cjs/react-dom.development.js:20103:13)
            at beginWork (/home/vrabbi/projects/backstage/backstage-plugins/node_modules/react-dom/cjs/react-dom.development.js:21626:16)
            at HTMLUnknownElement.callCallback (/home/vrabbi/projects/backstage/backstage-plugins/node_modules/react-dom/cjs/react-dom.development.js:4164:14)
            at HTMLUnknownElement.callTheUserObjectsOperation (/home/vrabbi/projects/backstage/backstage-plugins/node_modules/jsdom/lib/jsdom/living/generated/EventListener.js:26:30)
            at innerInvokeEventListeners (/home/vrabbi/projects/backstage/backstage-plugins/node_modules/jsdom/lib/jsdom/living/events/EventTarget-impl.js:350:25)
            at invokeEventListeners (/home/vrabbi/projects/backstage/backstage-plugins/node_modules/jsdom/lib/jsdom/living/events/EventTarget-impl.js:286:3)
            at HTMLUnknownElementImpl._dispatch (/home/vrabbi/projects/backstage/backstage-plugins/node_modules/jsdom/lib/jsdom/living/events/EventTarget-impl.js:233:9)
            at HTMLUnknownElementImpl.dispatchEvent (/home/vrabbi/projects/backstage/backstage-plugins/node_modules/jsdom/lib/jsdom/living/events/EventTarget-impl.js:104:17)
            at HTMLUnknownElement.dispatchEvent (/home/vrabbi/projects/backstage/backstage-plugins/node_modules/jsdom/lib/jsdom/living/generated/EventTarget.js:241:34)
            at Object.invokeGuardedCallbackDev (/home/vrabbi/projects/backstage/backstage-plugins/node_modules/react-dom/cjs/react-dom.development.js:4213:16)
            at invokeGuardedCallback (/home/vrabbi/projects/backstage/backstage-plugins/node_modules/react-dom/cjs/react-dom.development.js:4277:31)
            at beginWork$1 (/home/vrabbi/projects/backstage/backstage-plugins/node_modules/react-dom/cjs/react-dom.development.js:27490:7)
            at performUnitOfWork (/home/vrabbi/projects/backstage/backstage-plugins/node_modules/react-dom/cjs/react-dom.development.js:26599:12)
            at workLoopSync (/home/vrabbi/projects/backstage/backstage-plugins/node_modules/react-dom/cjs/react-dom.development.js:26505:5)
            at renderRootSync (/home/vrabbi/projects/backstage/backstage-plugins/node_modules/react-dom/cjs/react-dom.development.js:26473:7)
            at performConcurrentWorkOnRoot (/home/vrabbi/projects/backstage/backstage-plugins/node_modules/react-dom/cjs/react-dom.development.js:25777:74)
            at flushActQueue (/home/vrabbi/projects/backstage/backstage-plugins/node_modules/react/cjs/react.development.js:2667:24)
            at act (/home/vrabbi/projects/backstage/backstage-plugins/node_modules/react/cjs/react.development.js:2582:11)
            at /home/vrabbi/projects/backstage/backstage-plugins/node_modules/@testing-library/react/dist/act-compat.js:47:25
            at renderRoot (/home/vrabbi/projects/backstage/backstage-plugins/node_modules/@testing-library/react/dist/pure.js:180:24)
            at renderRoot (/home/vrabbi/projects/backstage/backstage-plugins/node_modules/@testing-library/react/dist/pure.js:271:10)
            at Object.<anonymous> (/home/vrabbi/projects/backstage/backstage-plugins/plugins/crossplane-resources/src/components/CrossplaneV2ResourceTable.test.tsx:71:33)
            at Promise.then.completed (/home/vrabbi/projects/backstage/backstage-plugins/node_modules/jest-circus/build/utils.js:298:28)
            at new Promise (<anonymous>)
            at callAsyncCircusFn (/home/vrabbi/projects/backstage/backstage-plugins/node_modules/jest-circus/build/utils.js:231:10)
            at _callCircusTest (/home/vrabbi/projects/backstage/backstage-plugins/node_modules/jest-circus/build/run.js:316:40)
            at processTicksAndRejections (node:internal/process/task_queues:103:5)
            at _runTest (/home/vrabbi/projects/backstage/backstage-plugins/node_modules/jest-circus/build/run.js:252:3)
            at _runTestsForDescribeBlock (/home/vrabbi/projects/backstage/backstage-plugins/node_modules/jest-circus/build/run.js:126:9)
            at _runTestsForDescribeBlock (/home/vrabbi/projects/backstage/backstage-plugins/node_modules/jest-circus/build/run.js:121:9)
            at run (/home/vrabbi/projects/backstage/backstage-plugins/node_modules/jest-circus/build/run.js:71:3)
            at runAndTransformResultsToJestFormat (/home/vrabbi/projects/backstage/backstage-plugins/node_modules/jest-circus/build/legacy-code-todo-rewrite/jestAdapterInit.js:122:21)
            at jestAdapter (/home/vrabbi/projects/backstage/backstage-plugins/node_modules/jest-circus/build/legacy-code-todo-rewrite/jestAdapter.js:79:19)
            at runTestInternal (/home/vrabbi/projects/backstage/backstage-plugins/node_modules/jest-runner/build/runTest.js:367:16)
            at runTest (/home/vrabbi/projects/backstage/backstage-plugins/node_modules/jest-runner/build/runTest.js:444:34)
            at Object.worker (/home/vrabbi/projects/backstage/backstage-plugins/node_modules/jest-runner/build/testWorker.js:106:12),
        type: 'unhandled exception'
      }

      69 |
      70 |   it('should render without crashing', () => {
    > 71 |     const { container } = render(
         |                                 ^
      72 |       <TestApiProvider apis={[
      73 |         [configApiRef, mockConfigApi],
      74 |         [crossplaneApiRef, mockCrossplaneApi],

      at VirtualConsole.<anonymous> (../../../node_modules/jest-environment-jsdom/build/index.js:63:23)
      at reportException (../../../node_modules/jsdom/lib/jsdom/living/helpers/runtime-script-errors.js:70:28)
      at innerInvokeEventListeners (../../../node_modules/jsdom/lib/jsdom/living/events/EventTarget-impl.js:353:9)
      at invokeEventListeners (../../../node_modules/jsdom/lib/jsdom/living/events/EventTarget-impl.js:286:3)
      at HTMLUnknownElementImpl._dispatch (../../../node_modules/jsdom/lib/jsdom/living/events/EventTarget-impl.js:233:9)
      at HTMLUnknownElementImpl.dispatchEvent (../../../node_modules/jsdom/lib/jsdom/living/events/EventTarget-impl.js:104:17)
      at HTMLUnknownElement.dispatchEvent (../../../node_modules/jsdom/lib/jsdom/living/generated/EventTarget.js:241:34)
      at Object.invokeGuardedCallbackDev (../../../node_modules/react-dom/cjs/react-dom.development.js:4213:16)
      at invokeGuardedCallback (../../../node_modules/react-dom/cjs/react-dom.development.js:4277:31)
      at beginWork$1 (../../../node_modules/react-dom/cjs/react-dom.development.js:27490:7)
      at performUnitOfWork (../../../node_modules/react-dom/cjs/react-dom.development.js:26599:12)
      at workLoopSync (../../../node_modules/react-dom/cjs/react-dom.development.js:26505:5)
      at renderRootSync (../../../node_modules/react-dom/cjs/react-dom.development.js:26473:7)
      at performConcurrentWorkOnRoot (../../../node_modules/react-dom/cjs/react-dom.development.js:25777:74)
      at flushActQueue (../../../node_modules/react/cjs/react.development.js:2667:24)
      at act (../../../node_modules/react/cjs/react.development.js:2582:11)
      at ../../../node_modules/@testing-library/react/dist/act-compat.js:47:25
      at renderRoot (../../../node_modules/@testing-library/react/dist/pure.js:180:24)
      at renderRoot (../../../node_modules/@testing-library/react/dist/pure.js:271:10)
      at Object.<anonymous> (components/CrossplaneV2ResourceTable.test.tsx:71:33)

    console.error
      Error: Uncaught [Error: useNavigate() may be used only in the context of a <Router> component.]
          at reportException (/home/vrabbi/projects/backstage/backstage-plugins/node_modules/jsdom/lib/jsdom/living/helpers/runtime-script-errors.js:66:24)
          at innerInvokeEventListeners (/home/vrabbi/projects/backstage/backstage-plugins/node_modules/jsdom/lib/jsdom/living/events/EventTarget-impl.js:353:9)
          at invokeEventListeners (/home/vrabbi/projects/backstage/backstage-plugins/node_modules/jsdom/lib/jsdom/living/events/EventTarget-impl.js:286:3)
          at HTMLUnknownElementImpl._dispatch (/home/vrabbi/projects/backstage/backstage-plugins/node_modules/jsdom/lib/jsdom/living/events/EventTarget-impl.js:233:9)
          at HTMLUnknownElementImpl.dispatchEvent (/home/vrabbi/projects/backstage/backstage-plugins/node_modules/jsdom/lib/jsdom/living/events/EventTarget-impl.js:104:17)
          at HTMLUnknownElement.dispatchEvent (/home/vrabbi/projects/backstage/backstage-plugins/node_modules/jsdom/lib/jsdom/living/generated/EventTarget.js:241:34)
          at Object.invokeGuardedCallbackDev (/home/vrabbi/projects/backstage/backstage-plugins/node_modules/react-dom/cjs/react-dom.development.js:4213:16)
          at invokeGuardedCallback (/home/vrabbi/projects/backstage/backstage-plugins/node_modules/react-dom/cjs/react-dom.development.js:4277:31)
          at beginWork$1 (/home/vrabbi/projects/backstage/backstage-plugins/node_modules/react-dom/cjs/react-dom.development.js:27490:7)
          at performUnitOfWork (/home/vrabbi/projects/backstage/backstage-plugins/node_modules/react-dom/cjs/react-dom.development.js:26599:12)
          at workLoopSync (/home/vrabbi/projects/backstage/backstage-plugins/node_modules/react-dom/cjs/react-dom.development.js:26505:5)
          at renderRootSync (/home/vrabbi/projects/backstage/backstage-plugins/node_modules/react-dom/cjs/react-dom.development.js:26473:7)
          at recoverFromConcurrentError (/home/vrabbi/projects/backstage/backstage-plugins/node_modules/react-dom/cjs/react-dom.development.js:25889:20)
          at performConcurrentWorkOnRoot (/home/vrabbi/projects/backstage/backstage-plugins/node_modules/react-dom/cjs/react-dom.development.js:25789:22)
          at flushActQueue (/home/vrabbi/projects/backstage/backstage-plugins/node_modules/react/cjs/react.development.js:2667:24)
          at act (/home/vrabbi/projects/backstage/backstage-plugins/node_modules/react/cjs/react.development.js:2582:11)
          at /home/vrabbi/projects/backstage/backstage-plugins/node_modules/@testing-library/react/dist/act-compat.js:47:25
          at renderRoot (/home/vrabbi/projects/backstage/backstage-plugins/node_modules/@testing-library/react/dist/pure.js:180:24)
          at renderRoot (/home/vrabbi/projects/backstage/backstage-plugins/node_modules/@testing-library/react/dist/pure.js:271:10)
          at Object.<anonymous> (/home/vrabbi/projects/backstage/backstage-plugins/plugins/crossplane-resources/src/components/CrossplaneV2ResourceTable.test.tsx:71:33)
          at Promise.then.completed (/home/vrabbi/projects/backstage/backstage-plugins/node_modules/jest-circus/build/utils.js:298:28)
          at new Promise (<anonymous>)
          at callAsyncCircusFn (/home/vrabbi/projects/backstage/backstage-plugins/node_modules/jest-circus/build/utils.js:231:10)
          at _callCircusTest (/home/vrabbi/projects/backstage/backstage-plugins/node_modules/jest-circus/build/run.js:316:40)
          at processTicksAndRejections (node:internal/process/task_queues:103:5)
          at _runTest (/home/vrabbi/projects/backstage/backstage-plugins/node_modules/jest-circus/build/run.js:252:3)
          at _runTestsForDescribeBlock (/home/vrabbi/projects/backstage/backstage-plugins/node_modules/jest-circus/build/run.js:126:9)
          at _runTestsForDescribeBlock (/home/vrabbi/projects/backstage/backstage-plugins/node_modules/jest-circus/build/run.js:121:9)
          at run (/home/vrabbi/projects/backstage/backstage-plugins/node_modules/jest-circus/build/run.js:71:3)
          at runAndTransformResultsToJestFormat (/home/vrabbi/projects/backstage/backstage-plugins/node_modules/jest-circus/build/legacy-code-todo-rewrite/jestAdapterInit.js:122:21)
          at jestAdapter (/home/vrabbi/projects/backstage/backstage-plugins/node_modules/jest-circus/build/legacy-code-todo-rewrite/jestAdapter.js:79:19)
          at runTestInternal (/home/vrabbi/projects/backstage/backstage-plugins/node_modules/jest-runner/build/runTest.js:367:16)
          at runTest (/home/vrabbi/projects/backstage/backstage-plugins/node_modules/jest-runner/build/runTest.js:444:34)
          at Object.worker (/home/vrabbi/projects/backstage/backstage-plugins/node_modules/jest-runner/build/testWorker.js:106:12) {
        detail: Error: useNavigate() may be used only in the context of a <Router> component.
            at Object.invariant [as UNSAFE_invariant] (/home/vrabbi/projects/backstage/backstage-plugins/node_modules/@remix-run/router/dist/router.cjs.js:315:11)
            at UNSAFE_invariant (/home/vrabbi/projects/backstage/backstage-plugins/node_modules/react-router/dist/umd/react-router.development.js:223:36)
            at useNavigateUnstable (/home/vrabbi/projects/backstage/backstage-plugins/node_modules/react-router/dist/umd/react-router.development.js:220:48)
            at CrossplaneV2ResourceTable (/home/vrabbi/projects/backstage/backstage-plugins/plugins/crossplane-resources/src/components/CrossplaneV2ResourceTable.tsx:288:31)
            at renderWithHooks (/home/vrabbi/projects/backstage/backstage-plugins/node_modules/react-dom/cjs/react-dom.development.js:15486:18)
            at mountIndeterminateComponent (/home/vrabbi/projects/backstage/backstage-plugins/node_modules/react-dom/cjs/react-dom.development.js:20103:13)
            at beginWork (/home/vrabbi/projects/backstage/backstage-plugins/node_modules/react-dom/cjs/react-dom.development.js:21626:16)
            at HTMLUnknownElement.callCallback (/home/vrabbi/projects/backstage/backstage-plugins/node_modules/react-dom/cjs/react-dom.development.js:4164:14)
            at HTMLUnknownElement.callTheUserObjectsOperation (/home/vrabbi/projects/backstage/backstage-plugins/node_modules/jsdom/lib/jsdom/living/generated/EventListener.js:26:30)
            at innerInvokeEventListeners (/home/vrabbi/projects/backstage/backstage-plugins/node_modules/jsdom/lib/jsdom/living/events/EventTarget-impl.js:350:25)
            at invokeEventListeners (/home/vrabbi/projects/backstage/backstage-plugins/node_modules/jsdom/lib/jsdom/living/events/EventTarget-impl.js:286:3)
            at HTMLUnknownElementImpl._dispatch (/home/vrabbi/projects/backstage/backstage-plugins/node_modules/jsdom/lib/jsdom/living/events/EventTarget-impl.js:233:9)
            at HTMLUnknownElementImpl.dispatchEvent (/home/vrabbi/projects/backstage/backstage-plugins/node_modules/jsdom/lib/jsdom/living/events/EventTarget-impl.js:104:17)
            at HTMLUnknownElement.dispatchEvent (/home/vrabbi/projects/backstage/backstage-plugins/node_modules/jsdom/lib/jsdom/living/generated/EventTarget.js:241:34)
            at Object.invokeGuardedCallbackDev (/home/vrabbi/projects/backstage/backstage-plugins/node_modules/react-dom/cjs/react-dom.development.js:4213:16)
            at invokeGuardedCallback (/home/vrabbi/projects/backstage/backstage-plugins/node_modules/react-dom/cjs/react-dom.development.js:4277:31)
            at beginWork$1 (/home/vrabbi/projects/backstage/backstage-plugins/node_modules/react-dom/cjs/react-dom.development.js:27490:7)
            at performUnitOfWork (/home/vrabbi/projects/backstage/backstage-plugins/node_modules/react-dom/cjs/react-dom.development.js:26599:12)
            at workLoopSync (/home/vrabbi/projects/backstage/backstage-plugins/node_modules/react-dom/cjs/react-dom.development.js:26505:5)
            at renderRootSync (/home/vrabbi/projects/backstage/backstage-plugins/node_modules/react-dom/cjs/react-dom.development.js:26473:7)
            at recoverFromConcurrentError (/home/vrabbi/projects/backstage/backstage-plugins/node_modules/react-dom/cjs/react-dom.development.js:25889:20)
            at performConcurrentWorkOnRoot (/home/vrabbi/projects/backstage/backstage-plugins/node_modules/react-dom/cjs/react-dom.development.js:25789:22)
            at flushActQueue (/home/vrabbi/projects/backstage/backstage-plugins/node_modules/react/cjs/react.development.js:2667:24)
            at act (/home/vrabbi/projects/backstage/backstage-plugins/node_modules/react/cjs/react.development.js:2582:11)
            at /home/vrabbi/projects/backstage/backstage-plugins/node_modules/@testing-library/react/dist/act-compat.js:47:25
            at renderRoot (/home/vrabbi/projects/backstage/backstage-plugins/node_modules/@testing-library/react/dist/pure.js:180:24)
            at renderRoot (/home/vrabbi/projects/backstage/backstage-plugins/node_modules/@testing-library/react/dist/pure.js:271:10)
            at Object.<anonymous> (/home/vrabbi/projects/backstage/backstage-plugins/plugins/crossplane-resources/src/components/CrossplaneV2ResourceTable.test.tsx:71:33)
            at Promise.then.completed (/home/vrabbi/projects/backstage/backstage-plugins/node_modules/jest-circus/build/utils.js:298:28)
            at new Promise (<anonymous>)
            at callAsyncCircusFn (/home/vrabbi/projects/backstage/backstage-plugins/node_modules/jest-circus/build/utils.js:231:10)
            at _callCircusTest (/home/vrabbi/projects/backstage/backstage-plugins/node_modules/jest-circus/build/run.js:316:40)
            at processTicksAndRejections (node:internal/process/task_queues:103:5)
            at _runTest (/home/vrabbi/projects/backstage/backstage-plugins/node_modules/jest-circus/build/run.js:252:3)
            at _runTestsForDescribeBlock (/home/vrabbi/projects/backstage/backstage-plugins/node_modules/jest-circus/build/run.js:126:9)
            at _runTestsForDescribeBlock (/home/vrabbi/projects/backstage/backstage-plugins/node_modules/jest-circus/build/run.js:121:9)
            at run (/home/vrabbi/projects/backstage/backstage-plugins/node_modules/jest-circus/build/run.js:71:3)
            at runAndTransformResultsToJestFormat (/home/vrabbi/projects/backstage/backstage-plugins/node_modules/jest-circus/build/legacy-code-todo-rewrite/jestAdapterInit.js:122:21)
            at jestAdapter (/home/vrabbi/projects/backstage/backstage-plugins/node_modules/jest-circus/build/legacy-code-todo-rewrite/jestAdapter.js:79:19)
            at runTestInternal (/home/vrabbi/projects/backstage/backstage-plugins/node_modules/jest-runner/build/runTest.js:367:16)
            at runTest (/home/vrabbi/projects/backstage/backstage-plugins/node_modules/jest-runner/build/runTest.js:444:34)
            at Object.worker (/home/vrabbi/projects/backstage/backstage-plugins/node_modules/jest-runner/build/testWorker.js:106:12),
        type: 'unhandled exception'
      }

      69 |
      70 |   it('should render without crashing', () => {
    > 71 |     const { container } = render(
         |                                 ^
      72 |       <TestApiProvider apis={[
      73 |         [configApiRef, mockConfigApi],
      74 |         [crossplaneApiRef, mockCrossplaneApi],

      at VirtualConsole.<anonymous> (../../../node_modules/jest-environment-jsdom/build/index.js:63:23)
      at reportException (../../../node_modules/jsdom/lib/jsdom/living/helpers/runtime-script-errors.js:70:28)
      at innerInvokeEventListeners (../../../node_modules/jsdom/lib/jsdom/living/events/EventTarget-impl.js:353:9)
      at invokeEventListeners (../../../node_modules/jsdom/lib/jsdom/living/events/EventTarget-impl.js:286:3)
      at HTMLUnknownElementImpl._dispatch (../../../node_modules/jsdom/lib/jsdom/living/events/EventTarget-impl.js:233:9)
      at HTMLUnknownElementImpl.dispatchEvent (../../../node_modules/jsdom/lib/jsdom/living/events/EventTarget-impl.js:104:17)
      at HTMLUnknownElement.dispatchEvent (../../../node_modules/jsdom/lib/jsdom/living/generated/EventTarget.js:241:34)
      at Object.invokeGuardedCallbackDev (../../../node_modules/react-dom/cjs/react-dom.development.js:4213:16)
      at invokeGuardedCallback (../../../node_modules/react-dom/cjs/react-dom.development.js:4277:31)
      at beginWork$1 (../../../node_modules/react-dom/cjs/react-dom.development.js:27490:7)
      at performUnitOfWork (../../../node_modules/react-dom/cjs/react-dom.development.js:26599:12)
      at workLoopSync (../../../node_modules/react-dom/cjs/react-dom.development.js:26505:5)
      at renderRootSync (../../../node_modules/react-dom/cjs/react-dom.development.js:26473:7)
      at recoverFromConcurrentError (../../../node_modules/react-dom/cjs/react-dom.development.js:25889:20)
      at performConcurrentWorkOnRoot (../../../node_modules/react-dom/cjs/react-dom.development.js:25789:22)
      at flushActQueue (../../../node_modules/react/cjs/react.development.js:2667:24)
      at act (../../../node_modules/react/cjs/react.development.js:2582:11)
      at ../../../node_modules/@testing-library/react/dist/act-compat.js:47:25
      at renderRoot (../../../node_modules/@testing-library/react/dist/pure.js:180:24)
      at renderRoot (../../../node_modules/@testing-library/react/dist/pure.js:271:10)
      at Object.<anonymous> (components/CrossplaneV2ResourceTable.test.tsx:71:33)

    console.error
      The above error occurred in the <CrossplaneV2ResourceTable> component:
      
          at CrossplaneV2ResourceTable (/home/vrabbi/projects/backstage/backstage-plugins/plugins/crossplane-resources/src/components/CrossplaneV2ResourceTable.tsx:286:31)
          at apis (/home/vrabbi/projects/backstage/backstage-plugins/node_modules/@backstage/core-app-api/dist/apis/system/ApiProvider.esm.js:9:11)
          at apis (/home/vrabbi/projects/backstage/backstage-plugins/node_modules/@backstage/test-utils/dist/testUtils/TestApiProvider.esm.js:43:43)
      
      Consider adding an error boundary to your tree to customize error handling behavior.
      Visit https://reactjs.org/link/error-boundaries to learn more about error boundaries.

      69 |
      70 |   it('should render without crashing', () => {
    > 71 |     const { container } = render(
         |                                 ^
      72 |       <TestApiProvider apis={[
      73 |         [configApiRef, mockConfigApi],
      74 |         [crossplaneApiRef, mockCrossplaneApi],

      at logCapturedError (../../../node_modules/react-dom/cjs/react-dom.development.js:18704:23)
      at update.callback (../../../node_modules/react-dom/cjs/react-dom.development.js:18737:5)
      at callCallback (../../../node_modules/react-dom/cjs/react-dom.development.js:15036:12)
      at commitUpdateQueue (../../../node_modules/react-dom/cjs/react-dom.development.js:15057:9)
      at commitLayoutEffectOnFiber (../../../node_modules/react-dom/cjs/react-dom.development.js:23430:13)
      at commitLayoutMountEffects_complete (../../../node_modules/react-dom/cjs/react-dom.development.js:24727:9)
      at commitLayoutEffects_begin (../../../node_modules/react-dom/cjs/react-dom.development.js:24713:7)
      at commitLayoutEffects (../../../node_modules/react-dom/cjs/react-dom.development.js:24651:3)
      at commitRootImpl (../../../node_modules/react-dom/cjs/react-dom.development.js:26862:5)
      at commitRoot (../../../node_modules/react-dom/cjs/react-dom.development.js:26721:5)
      at finishConcurrentRender (../../../node_modules/react-dom/cjs/react-dom.development.js:25931:9)
      at performConcurrentWorkOnRoot (../../../node_modules/react-dom/cjs/react-dom.development.js:25848:7)
      at flushActQueue (../../../node_modules/react/cjs/react.development.js:2667:24)
      at act (../../../node_modules/react/cjs/react.development.js:2582:11)
      at ../../../node_modules/@testing-library/react/dist/act-compat.js:47:25
      at renderRoot (../../../node_modules/@testing-library/react/dist/pure.js:180:24)
      at renderRoot (../../../node_modules/@testing-library/react/dist/pure.js:271:10)
      at Object.<anonymous> (components/CrossplaneV2ResourceTable.test.tsx:71:33)

    console.error
      Error: Uncaught [Error: useNavigate() may be used only in the context of a <Router> component.]
          at reportException (/home/vrabbi/projects/backstage/backstage-plugins/node_modules/jsdom/lib/jsdom/living/helpers/runtime-script-errors.js:66:24)
          at innerInvokeEventListeners (/home/vrabbi/projects/backstage/backstage-plugins/node_modules/jsdom/lib/jsdom/living/events/EventTarget-impl.js:353:9)
          at invokeEventListeners (/home/vrabbi/projects/backstage/backstage-plugins/node_modules/jsdom/lib/jsdom/living/events/EventTarget-impl.js:286:3)
          at HTMLUnknownElementImpl._dispatch (/home/vrabbi/projects/backstage/backstage-plugins/node_modules/jsdom/lib/jsdom/living/events/EventTarget-impl.js:233:9)
          at HTMLUnknownElementImpl.dispatchEvent (/home/vrabbi/projects/backstage/backstage-plugins/node_modules/jsdom/lib/jsdom/living/events/EventTarget-impl.js:104:17)
          at HTMLUnknownElement.dispatchEvent (/home/vrabbi/projects/backstage/backstage-plugins/node_modules/jsdom/lib/jsdom/living/generated/EventTarget.js:241:34)
          at Object.invokeGuardedCallbackDev (/home/vrabbi/projects/backstage/backstage-plugins/node_modules/react-dom/cjs/react-dom.development.js:4213:16)
          at invokeGuardedCallback (/home/vrabbi/projects/backstage/backstage-plugins/node_modules/react-dom/cjs/react-dom.development.js:4277:31)
          at beginWork$1 (/home/vrabbi/projects/backstage/backstage-plugins/node_modules/react-dom/cjs/react-dom.development.js:27490:7)
          at performUnitOfWork (/home/vrabbi/projects/backstage/backstage-plugins/node_modules/react-dom/cjs/react-dom.development.js:26599:12)
          at workLoopSync (/home/vrabbi/projects/backstage/backstage-plugins/node_modules/react-dom/cjs/react-dom.development.js:26505:5)
          at renderRootSync (/home/vrabbi/projects/backstage/backstage-plugins/node_modules/react-dom/cjs/react-dom.development.js:26473:7)
          at performConcurrentWorkOnRoot (/home/vrabbi/projects/backstage/backstage-plugins/node_modules/react-dom/cjs/react-dom.development.js:25777:74)
          at flushActQueue (/home/vrabbi/projects/backstage/backstage-plugins/node_modules/react/cjs/react.development.js:2667:24)
          at act (/home/vrabbi/projects/backstage/backstage-plugins/node_modules/react/cjs/react.development.js:2582:11)
          at /home/vrabbi/projects/backstage/backstage-plugins/node_modules/@testing-library/react/dist/act-compat.js:47:25
          at renderRoot (/home/vrabbi/projects/backstage/backstage-plugins/node_modules/@testing-library/react/dist/pure.js:180:24)
          at renderRoot (/home/vrabbi/projects/backstage/backstage-plugins/node_modules/@testing-library/react/dist/pure.js:271:10)
          at Object.<anonymous> (/home/vrabbi/projects/backstage/backstage-plugins/plugins/crossplane-resources/src/components/CrossplaneV2ResourceTable.test.tsx:92:11)
          at Promise.then.completed (/home/vrabbi/projects/backstage/backstage-plugins/node_modules/jest-circus/build/utils.js:298:28)
          at new Promise (<anonymous>)
          at callAsyncCircusFn (/home/vrabbi/projects/backstage/backstage-plugins/node_modules/jest-circus/build/utils.js:231:10)
          at _callCircusTest (/home/vrabbi/projects/backstage/backstage-plugins/node_modules/jest-circus/build/run.js:316:40)
          at processTicksAndRejections (node:internal/process/task_queues:103:5)
          at _runTest (/home/vrabbi/projects/backstage/backstage-plugins/node_modules/jest-circus/build/run.js:252:3)
          at _runTestsForDescribeBlock (/home/vrabbi/projects/backstage/backstage-plugins/node_modules/jest-circus/build/run.js:126:9)
          at _runTestsForDescribeBlock (/home/vrabbi/projects/backstage/backstage-plugins/node_modules/jest-circus/build/run.js:121:9)
          at run (/home/vrabbi/projects/backstage/backstage-plugins/node_modules/jest-circus/build/run.js:71:3)
          at runAndTransformResultsToJestFormat (/home/vrabbi/projects/backstage/backstage-plugins/node_modules/jest-circus/build/legacy-code-todo-rewrite/jestAdapterInit.js:122:21)
          at jestAdapter (/home/vrabbi/projects/backstage/backstage-plugins/node_modules/jest-circus/build/legacy-code-todo-rewrite/jestAdapter.js:79:19)
          at runTestInternal (/home/vrabbi/projects/backstage/backstage-plugins/node_modules/jest-runner/build/runTest.js:367:16)
          at runTest (/home/vrabbi/projects/backstage/backstage-plugins/node_modules/jest-runner/build/runTest.js:444:34)
          at Object.worker (/home/vrabbi/projects/backstage/backstage-plugins/node_modules/jest-runner/build/testWorker.js:106:12) {
        detail: Error: useNavigate() may be used only in the context of a <Router> component.
            at Object.invariant [as UNSAFE_invariant] (/home/vrabbi/projects/backstage/backstage-plugins/node_modules/@remix-run/router/dist/router.cjs.js:315:11)
            at UNSAFE_invariant (/home/vrabbi/projects/backstage/backstage-plugins/node_modules/react-router/dist/umd/react-router.development.js:223:36)
            at useNavigateUnstable (/home/vrabbi/projects/backstage/backstage-plugins/node_modules/react-router/dist/umd/react-router.development.js:220:48)
            at CrossplaneV2ResourceTable (/home/vrabbi/projects/backstage/backstage-plugins/plugins/crossplane-resources/src/components/CrossplaneV2ResourceTable.tsx:288:31)
            at renderWithHooks (/home/vrabbi/projects/backstage/backstage-plugins/node_modules/react-dom/cjs/react-dom.development.js:15486:18)
            at mountIndeterminateComponent (/home/vrabbi/projects/backstage/backstage-plugins/node_modules/react-dom/cjs/react-dom.development.js:20103:13)
            at beginWork (/home/vrabbi/projects/backstage/backstage-plugins/node_modules/react-dom/cjs/react-dom.development.js:21626:16)
            at HTMLUnknownElement.callCallback (/home/vrabbi/projects/backstage/backstage-plugins/node_modules/react-dom/cjs/react-dom.development.js:4164:14)
            at HTMLUnknownElement.callTheUserObjectsOperation (/home/vrabbi/projects/backstage/backstage-plugins/node_modules/jsdom/lib/jsdom/living/generated/EventListener.js:26:30)
            at innerInvokeEventListeners (/home/vrabbi/projects/backstage/backstage-plugins/node_modules/jsdom/lib/jsdom/living/events/EventTarget-impl.js:350:25)
            at invokeEventListeners (/home/vrabbi/projects/backstage/backstage-plugins/node_modules/jsdom/lib/jsdom/living/events/EventTarget-impl.js:286:3)
            at HTMLUnknownElementImpl._dispatch (/home/vrabbi/projects/backstage/backstage-plugins/node_modules/jsdom/lib/jsdom/living/events/EventTarget-impl.js:233:9)
            at HTMLUnknownElementImpl.dispatchEvent (/home/vrabbi/projects/backstage/backstage-plugins/node_modules/jsdom/lib/jsdom/living/events/EventTarget-impl.js:104:17)
            at HTMLUnknownElement.dispatchEvent (/home/vrabbi/projects/backstage/backstage-plugins/node_modules/jsdom/lib/jsdom/living/generated/EventTarget.js:241:34)
            at Object.invokeGuardedCallbackDev (/home/vrabbi/projects/backstage/backstage-plugins/node_modules/react-dom/cjs/react-dom.development.js:4213:16)
            at invokeGuardedCallback (/home/vrabbi/projects/backstage/backstage-plugins/node_modules/react-dom/cjs/react-dom.development.js:4277:31)
            at beginWork$1 (/home/vrabbi/projects/backstage/backstage-plugins/node_modules/react-dom/cjs/react-dom.development.js:27490:7)
            at performUnitOfWork (/home/vrabbi/projects/backstage/backstage-plugins/node_modules/react-dom/cjs/react-dom.development.js:26599:12)
            at workLoopSync (/home/vrabbi/projects/backstage/backstage-plugins/node_modules/react-dom/cjs/react-dom.development.js:26505:5)
            at renderRootSync (/home/vrabbi/projects/backstage/backstage-plugins/node_modules/react-dom/cjs/react-dom.development.js:26473:7)
            at performConcurrentWorkOnRoot (/home/vrabbi/projects/backstage/backstage-plugins/node_modules/react-dom/cjs/react-dom.development.js:25777:74)
            at flushActQueue (/home/vrabbi/projects/backstage/backstage-plugins/node_modules/react/cjs/react.development.js:2667:24)
            at act (/home/vrabbi/projects/backstage/backstage-plugins/node_modules/react/cjs/react.development.js:2582:11)
            at /home/vrabbi/projects/backstage/backstage-plugins/node_modules/@testing-library/react/dist/act-compat.js:47:25
            at renderRoot (/home/vrabbi/projects/backstage/backstage-plugins/node_modules/@testing-library/react/dist/pure.js:180:24)
            at renderRoot (/home/vrabbi/projects/backstage/backstage-plugins/node_modules/@testing-library/react/dist/pure.js:271:10)
            at Object.<anonymous> (/home/vrabbi/projects/backstage/backstage-plugins/plugins/crossplane-resources/src/components/CrossplaneV2ResourceTable.test.tsx:92:11)
            at Promise.then.completed (/home/vrabbi/projects/backstage/backstage-plugins/node_modules/jest-circus/build/utils.js:298:28)
            at new Promise (<anonymous>)
            at callAsyncCircusFn (/home/vrabbi/projects/backstage/backstage-plugins/node_modules/jest-circus/build/utils.js:231:10)
            at _callCircusTest (/home/vrabbi/projects/backstage/backstage-plugins/node_modules/jest-circus/build/run.js:316:40)
            at processTicksAndRejections (node:internal/process/task_queues:103:5)
            at _runTest (/home/vrabbi/projects/backstage/backstage-plugins/node_modules/jest-circus/build/run.js:252:3)
            at _runTestsForDescribeBlock (/home/vrabbi/projects/backstage/backstage-plugins/node_modules/jest-circus/build/run.js:126:9)
            at _runTestsForDescribeBlock (/home/vrabbi/projects/backstage/backstage-plugins/node_modules/jest-circus/build/run.js:121:9)
            at run (/home/vrabbi/projects/backstage/backstage-plugins/node_modules/jest-circus/build/run.js:71:3)
            at runAndTransformResultsToJestFormat (/home/vrabbi/projects/backstage/backstage-plugins/node_modules/jest-circus/build/legacy-code-todo-rewrite/jestAdapterInit.js:122:21)
            at jestAdapter (/home/vrabbi/projects/backstage/backstage-plugins/node_modules/jest-circus/build/legacy-code-todo-rewrite/jestAdapter.js:79:19)
            at runTestInternal (/home/vrabbi/projects/backstage/backstage-plugins/node_modules/jest-runner/build/runTest.js:367:16)
            at runTest (/home/vrabbi/projects/backstage/backstage-plugins/node_modules/jest-runner/build/runTest.js:444:34)
            at Object.worker (/home/vrabbi/projects/backstage/backstage-plugins/node_modules/jest-runner/build/testWorker.js:106:12),
        type: 'unhandled exception'
      }

      90 |     mockConfigApi.getOptionalBoolean.mockReturnValue(true);
      91 |
    > 92 |     render(
         |           ^
      93 |       <TestApiProvider apis={[
      94 |         [configApiRef, mockConfigApi],
      95 |         [crossplaneApiRef, mockCrossplaneApi],

      at VirtualConsole.<anonymous> (../../../node_modules/jest-environment-jsdom/build/index.js:63:23)
      at reportException (../../../node_modules/jsdom/lib/jsdom/living/helpers/runtime-script-errors.js:70:28)
      at innerInvokeEventListeners (../../../node_modules/jsdom/lib/jsdom/living/events/EventTarget-impl.js:353:9)
      at invokeEventListeners (../../../node_modules/jsdom/lib/jsdom/living/events/EventTarget-impl.js:286:3)
      at HTMLUnknownElementImpl._dispatch (../../../node_modules/jsdom/lib/jsdom/living/events/EventTarget-impl.js:233:9)
      at HTMLUnknownElementImpl.dispatchEvent (../../../node_modules/jsdom/lib/jsdom/living/events/EventTarget-impl.js:104:17)
      at HTMLUnknownElement.dispatchEvent (../../../node_modules/jsdom/lib/jsdom/living/generated/EventTarget.js:241:34)
      at Object.invokeGuardedCallbackDev (../../../node_modules/react-dom/cjs/react-dom.development.js:4213:16)
      at invokeGuardedCallback (../../../node_modules/react-dom/cjs/react-dom.development.js:4277:31)
      at beginWork$1 (../../../node_modules/react-dom/cjs/react-dom.development.js:27490:7)
      at performUnitOfWork (../../../node_modules/react-dom/cjs/react-dom.development.js:26599:12)
      at workLoopSync (../../../node_modules/react-dom/cjs/react-dom.development.js:26505:5)
      at renderRootSync (../../../node_modules/react-dom/cjs/react-dom.development.js:26473:7)
      at performConcurrentWorkOnRoot (../../../node_modules/react-dom/cjs/react-dom.development.js:25777:74)
      at flushActQueue (../../../node_modules/react/cjs/react.development.js:2667:24)
      at act (../../../node_modules/react/cjs/react.development.js:2582:11)
      at ../../../node_modules/@testing-library/react/dist/act-compat.js:47:25
      at renderRoot (../../../node_modules/@testing-library/react/dist/pure.js:180:24)
      at renderRoot (../../../node_modules/@testing-library/react/dist/pure.js:271:10)
      at Object.<anonymous> (components/CrossplaneV2ResourceTable.test.tsx:92:11)

    console.error
      Error: Uncaught [Error: useNavigate() may be used only in the context of a <Router> component.]
          at reportException (/home/vrabbi/projects/backstage/backstage-plugins/node_modules/jsdom/lib/jsdom/living/helpers/runtime-script-errors.js:66:24)
          at innerInvokeEventListeners (/home/vrabbi/projects/backstage/backstage-plugins/node_modules/jsdom/lib/jsdom/living/events/EventTarget-impl.js:353:9)
          at invokeEventListeners (/home/vrabbi/projects/backstage/backstage-plugins/node_modules/jsdom/lib/jsdom/living/events/EventTarget-impl.js:286:3)
          at HTMLUnknownElementImpl._dispatch (/home/vrabbi/projects/backstage/backstage-plugins/node_modules/jsdom/lib/jsdom/living/events/EventTarget-impl.js:233:9)
          at HTMLUnknownElementImpl.dispatchEvent (/home/vrabbi/projects/backstage/backstage-plugins/node_modules/jsdom/lib/jsdom/living/events/EventTarget-impl.js:104:17)
          at HTMLUnknownElement.dispatchEvent (/home/vrabbi/projects/backstage/backstage-plugins/node_modules/jsdom/lib/jsdom/living/generated/EventTarget.js:241:34)
          at Object.invokeGuardedCallbackDev (/home/vrabbi/projects/backstage/backstage-plugins/node_modules/react-dom/cjs/react-dom.development.js:4213:16)
          at invokeGuardedCallback (/home/vrabbi/projects/backstage/backstage-plugins/node_modules/react-dom/cjs/react-dom.development.js:4277:31)
          at beginWork$1 (/home/vrabbi/projects/backstage/backstage-plugins/node_modules/react-dom/cjs/react-dom.development.js:27490:7)
          at performUnitOfWork (/home/vrabbi/projects/backstage/backstage-plugins/node_modules/react-dom/cjs/react-dom.development.js:26599:12)
          at workLoopSync (/home/vrabbi/projects/backstage/backstage-plugins/node_modules/react-dom/cjs/react-dom.development.js:26505:5)
          at renderRootSync (/home/vrabbi/projects/backstage/backstage-plugins/node_modules/react-dom/cjs/react-dom.development.js:26473:7)
          at recoverFromConcurrentError (/home/vrabbi/projects/backstage/backstage-plugins/node_modules/react-dom/cjs/react-dom.development.js:25889:20)
          at performConcurrentWorkOnRoot (/home/vrabbi/projects/backstage/backstage-plugins/node_modules/react-dom/cjs/react-dom.development.js:25789:22)
          at flushActQueue (/home/vrabbi/projects/backstage/backstage-plugins/node_modules/react/cjs/react.development.js:2667:24)
          at act (/home/vrabbi/projects/backstage/backstage-plugins/node_modules/react/cjs/react.development.js:2582:11)
          at /home/vrabbi/projects/backstage/backstage-plugins/node_modules/@testing-library/react/dist/act-compat.js:47:25
          at renderRoot (/home/vrabbi/projects/backstage/backstage-plugins/node_modules/@testing-library/react/dist/pure.js:180:24)
          at renderRoot (/home/vrabbi/projects/backstage/backstage-plugins/node_modules/@testing-library/react/dist/pure.js:271:10)
          at Object.<anonymous> (/home/vrabbi/projects/backstage/backstage-plugins/plugins/crossplane-resources/src/components/CrossplaneV2ResourceTable.test.tsx:92:11)
          at Promise.then.completed (/home/vrabbi/projects/backstage/backstage-plugins/node_modules/jest-circus/build/utils.js:298:28)
          at new Promise (<anonymous>)
          at callAsyncCircusFn (/home/vrabbi/projects/backstage/backstage-plugins/node_modules/jest-circus/build/utils.js:231:10)
          at _callCircusTest (/home/vrabbi/projects/backstage/backstage-plugins/node_modules/jest-circus/build/run.js:316:40)
          at processTicksAndRejections (node:internal/process/task_queues:103:5)
          at _runTest (/home/vrabbi/projects/backstage/backstage-plugins/node_modules/jest-circus/build/run.js:252:3)
          at _runTestsForDescribeBlock (/home/vrabbi/projects/backstage/backstage-plugins/node_modules/jest-circus/build/run.js:126:9)
          at _runTestsForDescribeBlock (/home/vrabbi/projects/backstage/backstage-plugins/node_modules/jest-circus/build/run.js:121:9)
          at run (/home/vrabbi/projects/backstage/backstage-plugins/node_modules/jest-circus/build/run.js:71:3)
          at runAndTransformResultsToJestFormat (/home/vrabbi/projects/backstage/backstage-plugins/node_modules/jest-circus/build/legacy-code-todo-rewrite/jestAdapterInit.js:122:21)
          at jestAdapter (/home/vrabbi/projects/backstage/backstage-plugins/node_modules/jest-circus/build/legacy-code-todo-rewrite/jestAdapter.js:79:19)
          at runTestInternal (/home/vrabbi/projects/backstage/backstage-plugins/node_modules/jest-runner/build/runTest.js:367:16)
          at runTest (/home/vrabbi/projects/backstage/backstage-plugins/node_modules/jest-runner/build/runTest.js:444:34)
          at Object.worker (/home/vrabbi/projects/backstage/backstage-plugins/node_modules/jest-runner/build/testWorker.js:106:12) {
        detail: Error: useNavigate() may be used only in the context of a <Router> component.
            at Object.invariant [as UNSAFE_invariant] (/home/vrabbi/projects/backstage/backstage-plugins/node_modules/@remix-run/router/dist/router.cjs.js:315:11)
            at UNSAFE_invariant (/home/vrabbi/projects/backstage/backstage-plugins/node_modules/react-router/dist/umd/react-router.development.js:223:36)
            at useNavigateUnstable (/home/vrabbi/projects/backstage/backstage-plugins/node_modules/react-router/dist/umd/react-router.development.js:220:48)
            at CrossplaneV2ResourceTable (/home/vrabbi/projects/backstage/backstage-plugins/plugins/crossplane-resources/src/components/CrossplaneV2ResourceTable.tsx:288:31)
            at renderWithHooks (/home/vrabbi/projects/backstage/backstage-plugins/node_modules/react-dom/cjs/react-dom.development.js:15486:18)
            at mountIndeterminateComponent (/home/vrabbi/projects/backstage/backstage-plugins/node_modules/react-dom/cjs/react-dom.development.js:20103:13)
            at beginWork (/home/vrabbi/projects/backstage/backstage-plugins/node_modules/react-dom/cjs/react-dom.development.js:21626:16)
            at HTMLUnknownElement.callCallback (/home/vrabbi/projects/backstage/backstage-plugins/node_modules/react-dom/cjs/react-dom.development.js:4164:14)
            at HTMLUnknownElement.callTheUserObjectsOperation (/home/vrabbi/projects/backstage/backstage-plugins/node_modules/jsdom/lib/jsdom/living/generated/EventListener.js:26:30)
            at innerInvokeEventListeners (/home/vrabbi/projects/backstage/backstage-plugins/node_modules/jsdom/lib/jsdom/living/events/EventTarget-impl.js:350:25)
            at invokeEventListeners (/home/vrabbi/projects/backstage/backstage-plugins/node_modules/jsdom/lib/jsdom/living/events/EventTarget-impl.js:286:3)
            at HTMLUnknownElementImpl._dispatch (/home/vrabbi/projects/backstage/backstage-plugins/node_modules/jsdom/lib/jsdom/living/events/EventTarget-impl.js:233:9)
            at HTMLUnknownElementImpl.dispatchEvent (/home/vrabbi/projects/backstage/backstage-plugins/node_modules/jsdom/lib/jsdom/living/events/EventTarget-impl.js:104:17)
            at HTMLUnknownElement.dispatchEvent (/home/vrabbi/projects/backstage/backstage-plugins/node_modules/jsdom/lib/jsdom/living/generated/EventTarget.js:241:34)
            at Object.invokeGuardedCallbackDev (/home/vrabbi/projects/backstage/backstage-plugins/node_modules/react-dom/cjs/react-dom.development.js:4213:16)
            at invokeGuardedCallback (/home/vrabbi/projects/backstage/backstage-plugins/node_modules/react-dom/cjs/react-dom.development.js:4277:31)
            at beginWork$1 (/home/vrabbi/projects/backstage/backstage-plugins/node_modules/react-dom/cjs/react-dom.development.js:27490:7)
            at performUnitOfWork (/home/vrabbi/projects/backstage/backstage-plugins/node_modules/react-dom/cjs/react-dom.development.js:26599:12)
            at workLoopSync (/home/vrabbi/projects/backstage/backstage-plugins/node_modules/react-dom/cjs/react-dom.development.js:26505:5)
            at renderRootSync (/home/vrabbi/projects/backstage/backstage-plugins/node_modules/react-dom/cjs/react-dom.development.js:26473:7)
            at recoverFromConcurrentError (/home/vrabbi/projects/backstage/backstage-plugins/node_modules/react-dom/cjs/react-dom.development.js:25889:20)
            at performConcurrentWorkOnRoot (/home/vrabbi/projects/backstage/backstage-plugins/node_modules/react-dom/cjs/react-dom.development.js:25789:22)
            at flushActQueue (/home/vrabbi/projects/backstage/backstage-plugins/node_modules/react/cjs/react.development.js:2667:24)
            at act (/home/vrabbi/projects/backstage/backstage-plugins/node_modules/react/cjs/react.development.js:2582:11)
            at /home/vrabbi/projects/backstage/backstage-plugins/node_modules/@testing-library/react/dist/act-compat.js:47:25
            at renderRoot (/home/vrabbi/projects/backstage/backstage-plugins/node_modules/@testing-library/react/dist/pure.js:180:24)
            at renderRoot (/home/vrabbi/projects/backstage/backstage-plugins/node_modules/@testing-library/react/dist/pure.js:271:10)
            at Object.<anonymous> (/home/vrabbi/projects/backstage/backstage-plugins/plugins/crossplane-resources/src/components/CrossplaneV2ResourceTable.test.tsx:92:11)
            at Promise.then.completed (/home/vrabbi/projects/backstage/backstage-plugins/node_modules/jest-circus/build/utils.js:298:28)
            at new Promise (<anonymous>)
            at callAsyncCircusFn (/home/vrabbi/projects/backstage/backstage-plugins/node_modules/jest-circus/build/utils.js:231:10)
            at _callCircusTest (/home/vrabbi/projects/backstage/backstage-plugins/node_modules/jest-circus/build/run.js:316:40)
            at processTicksAndRejections (node:internal/process/task_queues:103:5)
            at _runTest (/home/vrabbi/projects/backstage/backstage-plugins/node_modules/jest-circus/build/run.js:252:3)
            at _runTestsForDescribeBlock (/home/vrabbi/projects/backstage/backstage-plugins/node_modules/jest-circus/build/run.js:126:9)
            at _runTestsForDescribeBlock (/home/vrabbi/projects/backstage/backstage-plugins/node_modules/jest-circus/build/run.js:121:9)
            at run (/home/vrabbi/projects/backstage/backstage-plugins/node_modules/jest-circus/build/run.js:71:3)
            at runAndTransformResultsToJestFormat (/home/vrabbi/projects/backstage/backstage-plugins/node_modules/jest-circus/build/legacy-code-todo-rewrite/jestAdapterInit.js:122:21)
            at jestAdapter (/home/vrabbi/projects/backstage/backstage-plugins/node_modules/jest-circus/build/legacy-code-todo-rewrite/jestAdapter.js:79:19)
            at runTestInternal (/home/vrabbi/projects/backstage/backstage-plugins/node_modules/jest-runner/build/runTest.js:367:16)
            at runTest (/home/vrabbi/projects/backstage/backstage-plugins/node_modules/jest-runner/build/runTest.js:444:34)
            at Object.worker (/home/vrabbi/projects/backstage/backstage-plugins/node_modules/jest-runner/build/testWorker.js:106:12),
        type: 'unhandled exception'
      }

      90 |     mockConfigApi.getOptionalBoolean.mockReturnValue(true);
      91 |
    > 92 |     render(
         |           ^
      93 |       <TestApiProvider apis={[
      94 |         [configApiRef, mockConfigApi],
      95 |         [crossplaneApiRef, mockCrossplaneApi],

      at VirtualConsole.<anonymous> (../../../node_modules/jest-environment-jsdom/build/index.js:63:23)
      at reportException (../../../node_modules/jsdom/lib/jsdom/living/helpers/runtime-script-errors.js:70:28)
      at innerInvokeEventListeners (../../../node_modules/jsdom/lib/jsdom/living/events/EventTarget-impl.js:353:9)
      at invokeEventListeners (../../../node_modules/jsdom/lib/jsdom/living/events/EventTarget-impl.js:286:3)
      at HTMLUnknownElementImpl._dispatch (../../../node_modules/jsdom/lib/jsdom/living/events/EventTarget-impl.js:233:9)
      at HTMLUnknownElementImpl.dispatchEvent (../../../node_modules/jsdom/lib/jsdom/living/events/EventTarget-impl.js:104:17)
      at HTMLUnknownElement.dispatchEvent (../../../node_modules/jsdom/lib/jsdom/living/generated/EventTarget.js:241:34)
      at Object.invokeGuardedCallbackDev (../../../node_modules/react-dom/cjs/react-dom.development.js:4213:16)
      at invokeGuardedCallback (../../../node_modules/react-dom/cjs/react-dom.development.js:4277:31)
      at beginWork$1 (../../../node_modules/react-dom/cjs/react-dom.development.js:27490:7)
      at performUnitOfWork (../../../node_modules/react-dom/cjs/react-dom.development.js:26599:12)
      at workLoopSync (../../../node_modules/react-dom/cjs/react-dom.development.js:26505:5)
      at renderRootSync (../../../node_modules/react-dom/cjs/react-dom.development.js:26473:7)
      at recoverFromConcurrentError (../../../node_modules/react-dom/cjs/react-dom.development.js:25889:20)
      at performConcurrentWorkOnRoot (../../../node_modules/react-dom/cjs/react-dom.development.js:25789:22)
      at flushActQueue (../../../node_modules/react/cjs/react.development.js:2667:24)
      at act (../../../node_modules/react/cjs/react.development.js:2582:11)
      at ../../../node_modules/@testing-library/react/dist/act-compat.js:47:25
      at renderRoot (../../../node_modules/@testing-library/react/dist/pure.js:180:24)
      at renderRoot (../../../node_modules/@testing-library/react/dist/pure.js:271:10)
      at Object.<anonymous> (components/CrossplaneV2ResourceTable.test.tsx:92:11)

    console.error
      The above error occurred in the <CrossplaneV2ResourceTable> component:
      
          at CrossplaneV2ResourceTable (/home/vrabbi/projects/backstage/backstage-plugins/plugins/crossplane-resources/src/components/CrossplaneV2ResourceTable.tsx:286:31)
          at apis (/home/vrabbi/projects/backstage/backstage-plugins/node_modules/@backstage/core-app-api/dist/apis/system/ApiProvider.esm.js:9:11)
          at apis (/home/vrabbi/projects/backstage/backstage-plugins/node_modules/@backstage/test-utils/dist/testUtils/TestApiProvider.esm.js:43:43)
      
      Consider adding an error boundary to your tree to customize error handling behavior.
      Visit https://reactjs.org/link/error-boundaries to learn more about error boundaries.

      90 |     mockConfigApi.getOptionalBoolean.mockReturnValue(true);
      91 |
    > 92 |     render(
         |           ^
      93 |       <TestApiProvider apis={[
      94 |         [configApiRef, mockConfigApi],
      95 |         [crossplaneApiRef, mockCrossplaneApi],

      at logCapturedError (../../../node_modules/react-dom/cjs/react-dom.development.js:18704:23)
      at update.callback (../../../node_modules/react-dom/cjs/react-dom.development.js:18737:5)
      at callCallback (../../../node_modules/react-dom/cjs/react-dom.development.js:15036:12)
      at commitUpdateQueue (../../../node_modules/react-dom/cjs/react-dom.development.js:15057:9)
      at commitLayoutEffectOnFiber (../../../node_modules/react-dom/cjs/react-dom.development.js:23430:13)
      at commitLayoutMountEffects_complete (../../../node_modules/react-dom/cjs/react-dom.development.js:24727:9)
      at commitLayoutEffects_begin (../../../node_modules/react-dom/cjs/react-dom.development.js:24713:7)
      at commitLayoutEffects (../../../node_modules/react-dom/cjs/react-dom.development.js:24651:3)
      at commitRootImpl (../../../node_modules/react-dom/cjs/react-dom.development.js:26862:5)
      at commitRoot (../../../node_modules/react-dom/cjs/react-dom.development.js:26721:5)
      at finishConcurrentRender (../../../node_modules/react-dom/cjs/react-dom.development.js:25931:9)
      at performConcurrentWorkOnRoot (../../../node_modules/react-dom/cjs/react-dom.development.js:25848:7)
      at flushActQueue (../../../node_modules/react/cjs/react.development.js:2667:24)
      at act (../../../node_modules/react/cjs/react.development.js:2582:11)
      at ../../../node_modules/@testing-library/react/dist/act-compat.js:47:25
      at renderRoot (../../../node_modules/@testing-library/react/dist/pure.js:180:24)
      at renderRoot (../../../node_modules/@testing-library/react/dist/pure.js:271:10)
      at Object.<anonymous> (components/CrossplaneV2ResourceTable.test.tsx:92:11)

  ● CrossplaneV2ResourceTable › should render without crashing

    useNavigate() may be used only in the context of a <Router> component.

      286 |   const crossplaneApi = useApi(crossplaneApiRef);
      287 |   const config = useApi(configApiRef);
    > 288 |   const navigate = useNavigate();
          |                               ^
      289 |   const theme = useTheme();
      290 |   const enablePermissions = config.getOptionalBoolean('crossplane.enablePermissions') ?? false;
      291 |   const annotationPrefix = getAnnotationPrefix(config);

      at Object.invariant [as UNSAFE_invariant] (../../../node_modules/@remix-run/router/dist/router.cjs.js:315:11)
      at UNSAFE_invariant (../../../node_modules/react-router/dist/umd/react-router.development.js:223:36)
      at useNavigateUnstable (../../../node_modules/react-router/dist/umd/react-router.development.js:220:48)
      at CrossplaneV2ResourceTable (components/CrossplaneV2ResourceTable.tsx:288:31)
      at renderWithHooks (../../../node_modules/react-dom/cjs/react-dom.development.js:15486:18)
      at mountIndeterminateComponent (../../../node_modules/react-dom/cjs/react-dom.development.js:20103:13)
      at beginWork (../../../node_modules/react-dom/cjs/react-dom.development.js:21626:16)
      at beginWork$1 (../../../node_modules/react-dom/cjs/react-dom.development.js:27465:14)
      at performUnitOfWork (../../../node_modules/react-dom/cjs/react-dom.development.js:26599:12)
      at workLoopSync (../../../node_modules/react-dom/cjs/react-dom.development.js:26505:5)
      at renderRootSync (../../../node_modules/react-dom/cjs/react-dom.development.js:26473:7)
      at recoverFromConcurrentError (../../../node_modules/react-dom/cjs/react-dom.development.js:25889:20)
      at performConcurrentWorkOnRoot (../../../node_modules/react-dom/cjs/react-dom.development.js:25789:22)
      at flushActQueue (../../../node_modules/react/cjs/react.development.js:2667:24)
      at act (../../../node_modules/react/cjs/react.development.js:2582:11)
      at ../../../node_modules/@testing-library/react/dist/act-compat.js:47:25
      at renderRoot (../../../node_modules/@testing-library/react/dist/pure.js:180:24)
      at renderRoot (../../../node_modules/@testing-library/react/dist/pure.js:271:10)
      at Object.<anonymous> (components/CrossplaneV2ResourceTable.test.tsx:71:33)

  ● CrossplaneV2ResourceTable › should not fetch when permission denied

    useNavigate() may be used only in the context of a <Router> component.

      286 |   const crossplaneApi = useApi(crossplaneApiRef);
      287 |   const config = useApi(configApiRef);
    > 288 |   const navigate = useNavigate();
          |                               ^
      289 |   const theme = useTheme();
      290 |   const enablePermissions = config.getOptionalBoolean('crossplane.enablePermissions') ?? false;
      291 |   const annotationPrefix = getAnnotationPrefix(config);

      at Object.invariant [as UNSAFE_invariant] (../../../node_modules/@remix-run/router/dist/router.cjs.js:315:11)
      at UNSAFE_invariant (../../../node_modules/react-router/dist/umd/react-router.development.js:223:36)
      at useNavigateUnstable (../../../node_modules/react-router/dist/umd/react-router.development.js:220:48)
      at CrossplaneV2ResourceTable (components/CrossplaneV2ResourceTable.tsx:288:31)
      at renderWithHooks (../../../node_modules/react-dom/cjs/react-dom.development.js:15486:18)
      at mountIndeterminateComponent (../../../node_modules/react-dom/cjs/react-dom.development.js:20103:13)
      at beginWork (../../../node_modules/react-dom/cjs/react-dom.development.js:21626:16)
      at beginWork$1 (../../../node_modules/react-dom/cjs/react-dom.development.js:27465:14)
      at performUnitOfWork (../../../node_modules/react-dom/cjs/react-dom.development.js:26599:12)
      at workLoopSync (../../../node_modules/react-dom/cjs/react-dom.development.js:26505:5)
      at renderRootSync (../../../node_modules/react-dom/cjs/react-dom.development.js:26473:7)
      at recoverFromConcurrentError (../../../node_modules/react-dom/cjs/react-dom.development.js:25889:20)
      at performConcurrentWorkOnRoot (../../../node_modules/react-dom/cjs/react-dom.development.js:25789:22)
      at flushActQueue (../../../node_modules/react/cjs/react.development.js:2667:24)
      at act (../../../node_modules/react/cjs/react.development.js:2582:11)
      at ../../../node_modules/@testing-library/react/dist/act-compat.js:47:25
      at renderRoot (../../../node_modules/@testing-library/react/dist/pure.js:180:24)
      at renderRoot (../../../node_modules/@testing-library/react/dist/pure.js:271:10)
      at Object.<anonymous> (components/CrossplaneV2ResourceTable.test.tsx:92:11)

PASS @terasky/backstage-plugin-devpod plugins/devpod-plugin/src/components/DevpodProvider/DevpodProvider.test.tsx
PASS @terasky/backstage-plugin-kyverno-policy-reports plugins/kyverno-policy-reports/src/components/KyvernoCrossplaneOverviewCard.test.tsx
PASS @terasky/backstage-plugin-scaleops-frontend plugins/scaleops-frontend/src/components/ScaleopsCard.test.tsx
PASS @terasky/backstage-plugin-kyverno-policy-reports plugins/kyverno-policy-reports/src/components/KyvernoOverviewCard.test.tsx
PASS @terasky/backstage-plugin-crossplane-resources-frontend plugins/crossplane-resources/src/components/CrossplaneOverviewCardSelector.test.tsx
PASS @terasky/backstage-plugin-ai-rules plugins/ai-rules-plugin/src/components/AiInstructionsComponent/AiInstructionsComponent.test.tsx
PASS @terasky/backstage-plugin-gitops-manifest-updater plugins/gitops-manifest-updater/src/plugin.test.ts
PASS @terasky/backstage-plugin-devpod plugins/devpod-plugin/src/components/DevpodComponent/DevpodComponent.test.tsx
PASS @terasky/backstage-plugin-kro-resources-frontend plugins/kro-resources/src/components/KroResourceGraph.test.tsx (5.687 s)
PASS @terasky/backstage-plugin-ai-rules plugins/ai-rules-plugin/src/components/MCPServersComponent/MCPServersComponent.test.tsx
PASS @terasky/backstage-plugin-vcf-automation-backend plugins/vcf-automation-backend/src/router.test.ts
PASS @terasky/backstage-plugin-crossplane-resources-frontend plugins/crossplane-resources/src/components/CrossplaneResourceGraphSelector.test.tsx
PASS app packages/app/src/App.test.tsx (5.818 s)
PASS @terasky/backstage-plugin-crossplane-resources-frontend plugins/crossplane-resources/src/components/CrossplaneResourcesTableSelector.test.tsx (5.006 s)
PASS @terasky/backstage-plugin-vcf-automation plugins/vcf-automation/src/components/VCFAutomationDeploymentDetails.test.tsx
PASS @terasky/backstage-plugin-kro-resources-frontend plugins/kro-resources/src/components/KroResourceTable.test.tsx
PASS @terasky/backstage-plugin-vcf-automation plugins/vcf-automation/src/components/VCFAutomationCCINamespaceOverview.test.tsx
PASS @terasky/backstage-plugin-vcf-automation plugins/vcf-automation/src/components/VCFAutomationCCIResourceOverview.test.tsx
PASS @terasky/backstage-plugin-kubernetes-resources-frontend plugins/kubernetes-resources/src/components/KubernetesResourcesPage.test.tsx
  ● Console

    console.error
      Error: Not implemented: HTMLCanvasElement.prototype.getContext (without installing the canvas npm package)
          at module.exports (/home/vrabbi/projects/backstage/backstage-plugins/node_modules/jsdom/lib/jsdom/browser/not-implemented.js:9:17)
          at HTMLCanvasElementImpl.getContext (/home/vrabbi/projects/backstage/backstage-plugins/node_modules/jsdom/lib/jsdom/living/nodes/HTMLCanvasElement-impl.js:42:5)
          at HTMLCanvasElement.getContext (/home/vrabbi/projects/backstage/backstage-plugins/node_modules/jsdom/lib/jsdom/living/generated/HTMLCanvasElement.js:131:58)
          at createLinearGradient (/home/vrabbi/projects/backstage/backstage-plugins/node_modules/@xterm/xterm/lib/webpack:/@xterm/xterm/src/common/Color.ts:133:27)
          at Object.rs (/home/vrabbi/projects/backstage/backstage-plugins/node_modules/@xterm/xterm/lib/webpack:/@xterm/xterm/src/common/Color.ts:247:32)
          at i (/home/vrabbi/projects/backstage/backstage-plugins/node_modules/@xterm/xterm/lib/xterm.js:1:284562)
          at Object.3787 (/home/vrabbi/projects/backstage/backstage-plugins/node_modules/@xterm/xterm/lib/webpack:/@xterm/xterm/src/browser/renderer/dom/DomRendererRowFactory.ts:49:26)
          at i (/home/vrabbi/projects/backstage/backstage-plugins/node_modules/@xterm/xterm/lib/xterm.js:1:284562)
          at Object.1296 (/home/vrabbi/projects/backstage/backstage-plugins/node_modules/@xterm/xterm/lib/webpack:/@xterm/xterm/src/browser/renderer/dom/DomRenderer.ts:20:31)
          at i (/home/vrabbi/projects/backstage/backstage-plugins/node_modules/@xterm/xterm/lib/xterm.js:1:284562)
          at Object.3236 (/home/vrabbi/projects/backstage/backstage-plugins/node_modules/@xterm/xterm/lib/webpack:/@xterm/xterm/src/browser/Terminal.ts:45:1)
          at i (/home/vrabbi/projects/backstage/backstage-plugins/node_modules/@xterm/xterm/lib/xterm.js:1:284562)
          at Disposable (/home/vrabbi/projects/backstage/backstage-plugins/node_modules/@xterm/xterm/lib/webpack:/@xterm/xterm/src/browser/public/Terminal.ts:23:31)
          at /home/vrabbi/projects/backstage/backstage-plugins/node_modules/@xterm/xterm/lib/xterm.js:1:289313
          at /home/vrabbi/projects/backstage/backstage-plugins/node_modules/@xterm/xterm/lib/xterm.js:1:289319
          at /home/vrabbi/projects/backstage/backstage-plugins/node_modules/@xterm/xterm/lib/webpack:/@xterm/xterm/webpack/universalModuleDefinition:8:39
          at Object.<anonymous> (/home/vrabbi/projects/backstage/backstage-plugins/node_modules/@xterm/xterm/lib/xterm.js:1:325)
          at CachingJestRuntime._execModule (/home/vrabbi/projects/backstage/backstage-plugins/node_modules/jest-runtime/build/index.js:1439:24)
          at CachingJestRuntime._loadModule (/home/vrabbi/projects/backstage/backstage-plugins/node_modules/jest-runtime/build/index.js:1022:12)
          at CachingJestRuntime.requireModule (/home/vrabbi/projects/backstage/backstage-plugins/node_modules/jest-runtime/build/index.js:882:12)
          at CachingJestRuntime.requireModuleOrMock (/home/vrabbi/projects/backstage/backstage-plugins/node_modules/jest-runtime/build/index.js:1048:21)
          at Object.<anonymous> (/home/vrabbi/projects/backstage/backstage-plugins/node_modules/@backstage/plugin-kubernetes-react/dist/components/PodExecTerminal/PodExecTerminal.esm.js:16:16)
          at CachingJestRuntime._execModule (/home/vrabbi/projects/backstage/backstage-plugins/node_modules/jest-runtime/build/index.js:1439:24)
          at CachingJestRuntime._loadModule (/home/vrabbi/projects/backstage/backstage-plugins/node_modules/jest-runtime/build/index.js:1022:12)
          at CachingJestRuntime.requireModule (/home/vrabbi/projects/backstage/backstage-plugins/node_modules/jest-runtime/build/index.js:882:12)
          at CachingJestRuntime.requireModuleOrMock (/home/vrabbi/projects/backstage/backstage-plugins/node_modules/jest-runtime/build/index.js:1048:21)
          at Object.<anonymous> (/home/vrabbi/projects/backstage/backstage-plugins/node_modules/@backstage/plugin-kubernetes-react/dist/components/PodExecTerminal/PodExecTerminalDialog.esm.js:27:29)
          at CachingJestRuntime._execModule (/home/vrabbi/projects/backstage/backstage-plugins/node_modules/jest-runtime/build/index.js:1439:24)
          at CachingJestRuntime._loadModule (/home/vrabbi/projects/backstage/backstage-plugins/node_modules/jest-runtime/build/index.js:1022:12)
          at CachingJestRuntime.requireModule (/home/vrabbi/projects/backstage/backstage-plugins/node_modules/jest-runtime/build/index.js:882:12)
          at CachingJestRuntime.requireModuleOrMock (/home/vrabbi/projects/backstage/backstage-plugins/node_modules/jest-runtime/build/index.js:1048:21)
          at Object.<anonymous> (/home/vrabbi/projects/backstage/backstage-plugins/node_modules/@backstage/plugin-kubernetes-react/dist/components/Pods/PodDrawer/ContainerCard.esm.js:35:35)
          at CachingJestRuntime._execModule (/home/vrabbi/projects/backstage/backstage-plugins/node_modules/jest-runtime/build/index.js:1439:24)
          at CachingJestRuntime._loadModule (/home/vrabbi/projects/backstage/backstage-plugins/node_modules/jest-runtime/build/index.js:1022:12)
          at CachingJestRuntime.requireModule (/home/vrabbi/projects/backstage/backstage-plugins/node_modules/jest-runtime/build/index.js:882:12)
          at CachingJestRuntime.requireModuleOrMock (/home/vrabbi/projects/backstage/backstage-plugins/node_modules/jest-runtime/build/index.js:1048:21)
          at Object.<anonymous> (/home/vrabbi/projects/backstage/backstage-plugins/node_modules/@backstage/plugin-kubernetes-react/dist/components/Pods/PodDrawer/PodDrawer.esm.js:16:27)
          at CachingJestRuntime._execModule (/home/vrabbi/projects/backstage/backstage-plugins/node_modules/jest-runtime/build/index.js:1439:24)
          at CachingJestRuntime._loadModule (/home/vrabbi/projects/backstage/backstage-plugins/node_modules/jest-runtime/build/index.js:1022:12)
          at CachingJestRuntime.requireModule (/home/vrabbi/projects/backstage/backstage-plugins/node_modules/jest-runtime/build/index.js:882:12)
          at CachingJestRuntime.requireModuleOrMock (/home/vrabbi/projects/backstage/backstage-plugins/node_modules/jest-runtime/build/index.js:1048:21)
          at Object.<anonymous> (/home/vrabbi/projects/backstage/backstage-plugins/node_modules/@backstage/plugin-kubernetes-react/dist/components/DeploymentsAccordions/DeploymentsAccordions.esm.js:19:1)
          at CachingJestRuntime._execModule (/home/vrabbi/projects/backstage/backstage-plugins/node_modules/jest-runtime/build/index.js:1439:24)
          at CachingJestRuntime._loadModule (/home/vrabbi/projects/backstage/backstage-plugins/node_modules/jest-runtime/build/index.js:1022:12)
          at CachingJestRuntime.requireModule (/home/vrabbi/projects/backstage/backstage-plugins/node_modules/jest-runtime/build/index.js:882:12)
          at CachingJestRuntime.requireModuleOrMock (/home/vrabbi/projects/backstage/backstage-plugins/node_modules/jest-runtime/build/index.js:1048:21)
          at Object.<anonymous> (/home/vrabbi/projects/backstage/backstage-plugins/node_modules/@backstage/plugin-kubernetes-react/dist/components/Cluster/Cluster.esm.js:19:35)
          at CachingJestRuntime._execModule (/home/vrabbi/projects/backstage/backstage-plugins/node_modules/jest-runtime/build/index.js:1439:24)
          at CachingJestRuntime._loadModule (/home/vrabbi/projects/backstage/backstage-plugins/node_modules/jest-runtime/build/index.js:1022:12)
          at CachingJestRuntime.requireModule (/home/vrabbi/projects/backstage/backstage-plugins/node_modules/jest-runtime/build/index.js:882:12)
          at CachingJestRuntime.requireModuleOrMock (/home/vrabbi/projects/backstage/backstage-plugins/node_modules/jest-runtime/build/index.js:1048:21)
          at Object.<anonymous> (/home/vrabbi/projects/backstage/backstage-plugins/node_modules/@backstage/plugin-kubernetes-react/dist/index.esm.js:227:22)
          at CachingJestRuntime._execModule (/home/vrabbi/projects/backstage/backstage-plugins/node_modules/jest-runtime/build/index.js:1439:24)
          at CachingJestRuntime._loadModule (/home/vrabbi/projects/backstage/backstage-plugins/node_modules/jest-runtime/build/index.js:1022:12)
          at CachingJestRuntime.requireModule (/home/vrabbi/projects/backstage/backstage-plugins/node_modules/jest-runtime/build/index.js:882:12)
          at CachingJestRuntime.requireModuleOrMock (/home/vrabbi/projects/backstage/backstage-plugins/node_modules/jest-runtime/build/index.js:1048:21)
          at Object.<anonymous> (/home/vrabbi/projects/backstage/backstage-plugins/plugins/kubernetes-resources/src/components/KubernetesResourcesPage.tsx:4459:27)
          at CachingJestRuntime._execModule (/home/vrabbi/projects/backstage/backstage-plugins/node_modules/jest-runtime/build/index.js:1439:24)
          at CachingJestRuntime._loadModule (/home/vrabbi/projects/backstage/backstage-plugins/node_modules/jest-runtime/build/index.js:1022:12)
          at CachingJestRuntime.requireModule (/home/vrabbi/projects/backstage/backstage-plugins/node_modules/jest-runtime/build/index.js:882:12)
          at CachingJestRuntime.requireModuleOrMock (/home/vrabbi/projects/backstage/backstage-plugins/node_modules/jest-runtime/build/index.js:1048:21)
          at Object.<anonymous> (/home/vrabbi/projects/backstage/backstage-plugins/plugins/kubernetes-resources/src/components/KubernetesResourcesPage.test.tsx:5:73)
          at CachingJestRuntime._execModule (/home/vrabbi/projects/backstage/backstage-plugins/node_modules/jest-runtime/build/index.js:1439:24)
          at CachingJestRuntime._loadModule (/home/vrabbi/projects/backstage/backstage-plugins/node_modules/jest-runtime/build/index.js:1022:12)
          at CachingJestRuntime.requireModule (/home/vrabbi/projects/backstage/backstage-plugins/node_modules/jest-runtime/build/index.js:882:12)
          at jestAdapter (/home/vrabbi/projects/backstage/backstage-plugins/node_modules/jest-circus/build/legacy-code-todo-rewrite/jestAdapter.js:77:13)
          at processTicksAndRejections (node:internal/process/task_queues:103:5)
          at runTestInternal (/home/vrabbi/projects/backstage/backstage-plugins/node_modules/jest-runner/build/runTest.js:367:16)
          at runTest (/home/vrabbi/projects/backstage/backstage-plugins/node_modules/jest-runner/build/runTest.js:444:34)
          at Object.worker (/home/vrabbi/projects/backstage/backstage-plugins/node_modules/jest-runner/build/testWorker.js:106:12) {
        type: 'not implemented'
      }



      at VirtualConsole.<anonymous> (../../../node_modules/jest-environment-jsdom/build/index.js:63:23)
      at module.exports (../../../node_modules/jsdom/lib/jsdom/browser/not-implemented.js:12:26)
      at HTMLCanvasElementImpl.getContext (../../../node_modules/jsdom/lib/jsdom/living/nodes/HTMLCanvasElement-impl.js:42:5)
      at HTMLCanvasElement.getContext (../../../node_modules/jsdom/lib/jsdom/living/generated/HTMLCanvasElement.js:131:58)
      at createLinearGradient (../../../node_modules/@xterm/xterm/lib/webpack:/@xterm/xterm/src/common/Color.ts:133:27)
      at Object.rs (../../../node_modules/@xterm/xterm/lib/webpack:/@xterm/xterm/src/common/Color.ts:247:32)
      at i (../../../node_modules/@xterm/xterm/lib/xterm.js:1:284562)
      at Object.3787 (../../../node_modules/@xterm/xterm/lib/webpack:/@xterm/xterm/src/browser/renderer/dom/DomRendererRowFactory.ts:49:26)
      at i (../../../node_modules/@xterm/xterm/lib/xterm.js:1:284562)
      at Object.1296 (../../../node_modules/@xterm/xterm/lib/webpack:/@xterm/xterm/src/browser/renderer/dom/DomRenderer.ts:20:31)
      at i (../../../node_modules/@xterm/xterm/lib/xterm.js:1:284562)
      at Object.3236 (../../../node_modules/@xterm/xterm/lib/webpack:/@xterm/xterm/src/browser/Terminal.ts:45:1)
      at i (../../../node_modules/@xterm/xterm/lib/xterm.js:1:284562)
      at Disposable (../../../node_modules/@xterm/xterm/lib/webpack:/@xterm/xterm/src/browser/public/Terminal.ts:23:31)
      at ../../../node_modules/@xterm/xterm/lib/xterm.js:1:289313
      at ../../../node_modules/@xterm/xterm/lib/xterm.js:1:289319
      at ../../../node_modules/@xterm/xterm/lib/webpack:/@xterm/xterm/webpack/universalModuleDefinition:8:39
      at Object.<anonymous> (../../../node_modules/@xterm/xterm/lib/xterm.js:1:325)
      at Object.<anonymous> (../../../node_modules/@backstage/plugin-kubernetes-react/dist/components/PodExecTerminal/PodExecTerminal.esm.js:16:16)
      at Object.<anonymous> (../../../node_modules/@backstage/plugin-kubernetes-react/dist/components/PodExecTerminal/PodExecTerminalDialog.esm.js:27:29)
      at Object.<anonymous> (../../../node_modules/@backstage/plugin-kubernetes-react/dist/components/Pods/PodDrawer/ContainerCard.esm.js:35:35)
      at Object.<anonymous> (../../../node_modules/@backstage/plugin-kubernetes-react/dist/components/Pods/PodDrawer/PodDrawer.esm.js:16:27)
      at Object.<anonymous> (../../../node_modules/@backstage/plugin-kubernetes-react/dist/components/DeploymentsAccordions/DeploymentsAccordions.esm.js:19:1)
      at Object.<anonymous> (../../../node_modules/@backstage/plugin-kubernetes-react/dist/components/Cluster/Cluster.esm.js:19:35)
      at Object.<anonymous> (../../../node_modules/@backstage/plugin-kubernetes-react/dist/index.esm.js:227:22)
      at Object.<anonymous> (components/KubernetesResourcesPage.tsx:4459:27)
      at Object.<anonymous> (components/KubernetesResourcesPage.test.tsx:5:73)

PASS @terasky/backstage-plugin-educates plugins/educates/src/components/TrainingPortalHeader.test.tsx
  ● Console

    console.error
      Warning: `ReactDOMTestUtils.act` is deprecated in favor of `React.act`. Import `act` from `react` instead of `react-dom/test-utils`. See https://react.dev/warnings/react-dom-test-utils for more info.

      45 |
      46 |   it('should render portal title', () => {
    > 47 |     render(<TrainingPortalHeader {...defaultProps} />);
         |           ^
      48 |     expect(screen.getByText(/Test Portal/)).toBeInTheDocument();
      49 |   });
      50 |

      at printWarning (../../../node_modules/react-dom/cjs/react-dom-test-utils.development.js:71:30)
      at error (../../../node_modules/react-dom/cjs/react-dom-test-utils.development.js:45:7)
      at actWithWarning (../../../node_modules/react-dom/cjs/react-dom-test-utils.development.js:1736:7)
      at render (../node_modules/@testing-library/react/dist/pure.js:97:24)
      at Object.<anonymous> (components/TrainingPortalHeader.test.tsx:47:11)

    console.error
      Warning: ReactDOM.render is no longer supported in React 18. Use createRoot instead. Until you switch to the new API, your app will behave as if it's running React 17. Learn more: https://reactjs.org/link/switch-to-createroot

      45 |
      46 |   it('should render portal title', () => {
    > 47 |     render(<TrainingPortalHeader {...defaultProps} />);
         |           ^
      48 |     expect(screen.getByText(/Test Portal/)).toBeInTheDocument();
      49 |   });
      50 |

      at printWarning (../../../node_modules/react-dom/cjs/react-dom.development.js:86:30)
      at error (../../../node_modules/react-dom/cjs/react-dom.development.js:60:7)
      at Object.render (../../../node_modules/react-dom/cjs/react-dom.development.js:29716:5)
      at render (../node_modules/@testing-library/react/dist/pure.js:101:25)
      at act (../../../node_modules/react/cjs/react.development.js:2512:16)
      at actWithWarning (../../../node_modules/react-dom/cjs/react-dom-test-utils.development.js:1740:10)
      at render (../node_modules/@testing-library/react/dist/pure.js:97:24)
      at Object.<anonymous> (components/TrainingPortalHeader.test.tsx:47:11)

    console.error
      Warning: findDOMNode is deprecated and will be removed in the next major release. Instead, add a ref directly to the element you want to reference. Learn more about using refs safely here: https://reactjs.org/link/strict-mode-find-node
          at button
          at ButtonBase (/home/vrabbi/projects/backstage/backstage-plugins/node_modules/@material-ui/core/ButtonBase/ButtonBase.js:94:22)
          at WithStyles (/home/vrabbi/projects/backstage/backstage-plugins/node_modules/@material-ui/styles/withStyles/withStyles.js:67:31)
          at IconButton (/home/vrabbi/projects/backstage/backstage-plugins/node_modules/@material-ui/core/IconButton/IconButton.js:131:27)
          at WithStyles (/home/vrabbi/projects/backstage/backstage-plugins/node_modules/@material-ui/styles/withStyles/withStyles.js:67:31)
          at div
          at StyledComponent (/home/vrabbi/projects/backstage/backstage-plugins/node_modules/@material-ui/styles/styled/styled.js:95:28)
          at div
          at StyledComponent (/home/vrabbi/projects/backstage/backstage-plugins/node_modules/@material-ui/styles/styled/styled.js:95:28)
          at div
          at CardContent (/home/vrabbi/projects/backstage/backstage-plugins/node_modules/@material-ui/core/CardContent/CardContent.js:35:23)
          at WithStyles (/home/vrabbi/projects/backstage/backstage-plugins/node_modules/@material-ui/styles/withStyles/withStyles.js:67:31)
          at ErrorBoundary2 (/home/vrabbi/projects/backstage/backstage-plugins/node_modules/@backstage/core-components/dist/layout/ErrorBoundary/ErrorBoundary.esm.js:25:5)
          at div
          at Paper (/home/vrabbi/projects/backstage/backstage-plugins/node_modules/@material-ui/core/Paper/Paper.js:55:23)
          at WithStyles (/home/vrabbi/projects/backstage/backstage-plugins/node_modules/@material-ui/styles/withStyles/withStyles.js:67:31)
          at Card (/home/vrabbi/projects/backstage/backstage-plugins/node_modules/@material-ui/core/Card/Card.js:34:23)
          at WithStyles (/home/vrabbi/projects/backstage/backstage-plugins/node_modules/@material-ui/styles/withStyles/withStyles.js:67:31)
          at title (/home/vrabbi/projects/backstage/backstage-plugins/node_modules/@backstage/core-components/dist/layout/InfoCard/InfoCard.esm.js:86:5)
          at portal (/home/vrabbi/projects/backstage/backstage-plugins/plugins/educates/src/components/TrainingPortalHeader.tsx:58:40)

      45 |
      46 |   it('should render portal title', () => {
    > 47 |     render(<TrainingPortalHeader {...defaultProps} />);
         |           ^
      48 |     expect(screen.getByText(/Test Portal/)).toBeInTheDocument();
      49 |   });
      50 |

      at printWarning (../../../node_modules/react-dom/cjs/react-dom.development.js:86:30)
      at error (../../../node_modules/react-dom/cjs/react-dom.development.js:60:7)
      at Object.findDOMNode (../../../node_modules/react-dom/cjs/react-dom.development.js:29666:7)
      at ../../../node_modules/@material-ui/core/utils/useIsFocusVisible.js:151:25
      at setRef (../../../node_modules/@material-ui/core/utils/setRef.js:11:5)
      at ../../../node_modules/@material-ui/core/utils/useForkRef.js:28:27
      at setRef (../../../node_modules/@material-ui/core/utils/setRef.js:11:5)
      at ../../../node_modules/@material-ui/core/utils/useForkRef.js:29:27
      at commitAttachRef (../../../node_modules/react-dom/cjs/react-dom.development.js:23689:18)
      at commitLayoutEffectOnFiber (../../../node_modules/react-dom/cjs/react-dom.development.js:23542:9)
      at commitLayoutMountEffects_complete (../../../node_modules/react-dom/cjs/react-dom.development.js:24727:9)
      at commitLayoutEffects_begin (../../../node_modules/react-dom/cjs/react-dom.development.js:24713:7)
      at commitLayoutEffects (../../../node_modules/react-dom/cjs/react-dom.development.js:24651:3)
      at commitRootImpl (../../../node_modules/react-dom/cjs/react-dom.development.js:26862:5)
      at commitRoot (../../../node_modules/react-dom/cjs/react-dom.development.js:26721:5)
      at performSyncWorkOnRoot (../../../node_modules/react-dom/cjs/react-dom.development.js:26156:3)
      at flushSyncCallbacks (../../../node_modules/react-dom/cjs/react-dom.development.js:12042:22)
      at flushSync (../../../node_modules/react-dom/cjs/react-dom.development.js:26240:7)
      at legacyCreateRootFromDOMContainer (../../../node_modules/react-dom/cjs/react-dom.development.js:29614:5)
      at legacyRenderSubtreeIntoContainer (../../../node_modules/react-dom/cjs/react-dom.development.js:29640:12)
      at Object.render (../../../node_modules/react-dom/cjs/react-dom.development.js:29731:10)
      at render (../node_modules/@testing-library/react/dist/pure.js:101:25)
      at act (../../../node_modules/react/cjs/react.development.js:2512:16)
      at actWithWarning (../../../node_modules/react-dom/cjs/react-dom-test-utils.development.js:1740:10)
      at render (../node_modules/@testing-library/react/dist/pure.js:97:24)
      at Object.<anonymous> (components/TrainingPortalHeader.test.tsx:47:11)

    console.error
      Warning: unmountComponentAtNode is deprecated and will be removed in the next major release. Switch to the createRoot API. Learn more: https://reactjs.org/link/switch-to-createroot

      at printWarning (../../../node_modules/react-dom/cjs/react-dom.development.js:86:30)
      at error (../../../node_modules/react-dom/cjs/react-dom.development.js:60:7)
      at Object.unmountComponentAtNode (../../../node_modules/react-dom/cjs/react-dom.development.js:29754:7)
      at unmountComponentAtNode (../node_modules/@testing-library/react/dist/pure.js:144:23)
      at act (../../../node_modules/react/cjs/react.development.js:2512:16)
      at actWithWarning (../../../node_modules/react-dom/cjs/react-dom-test-utils.development.js:1740:10)
      at cleanupAtContainer (../node_modules/@testing-library/react/dist/pure.js:143:24)
          at Set.forEach (<anonymous>)
      at forEach (../node_modules/@testing-library/react/dist/pure.js:137:21)
      at Object.<anonymous> (../node_modules/@testing-library/react/dist/index.js:33:23)

    console.error
      Warning: ReactDOM.render is no longer supported in React 18. Use createRoot instead. Until you switch to the new API, your app will behave as if it's running React 17. Learn more: https://reactjs.org/link/switch-to-createroot

      51 |   it('should render portal name when title is not provided', () => {
      52 |     const portalNoTitle = { ...mockPortal, title: undefined };
    > 53 |     render(<TrainingPortalHeader portal={portalNoTitle} workshopCount={3} />);
         |           ^
      54 |     expect(screen.getByText(/test-portal/)).toBeInTheDocument();
      55 |   });
      56 |

      at printWarning (../../../node_modules/react-dom/cjs/react-dom.development.js:86:30)
      at error (../../../node_modules/react-dom/cjs/react-dom.development.js:60:7)
      at Object.render (../../../node_modules/react-dom/cjs/react-dom.development.js:29716:5)
      at render (../node_modules/@testing-library/react/dist/pure.js:101:25)
      at act (../../../node_modules/react/cjs/react.development.js:2512:16)
      at actWithWarning (../../../node_modules/react-dom/cjs/react-dom-test-utils.development.js:1740:10)
      at render (../node_modules/@testing-library/react/dist/pure.js:97:24)
      at Object.<anonymous> (components/TrainingPortalHeader.test.tsx:53:11)

    console.error
      Warning: ReactDOM.render is no longer supported in React 18. Use createRoot instead. Until you switch to the new API, your app will behave as if it's running React 17. Learn more: https://reactjs.org/link/switch-to-createroot

      56 |
      57 |   it('should display workshop count', () => {
    > 58 |     render(<TrainingPortalHeader {...defaultProps} />);
         |           ^
      59 |     expect(screen.getByText(/5 workshops/)).toBeInTheDocument();
      60 |   });
      61 |

      at printWarning (../../../node_modules/react-dom/cjs/react-dom.development.js:86:30)
      at error (../../../node_modules/react-dom/cjs/react-dom.development.js:60:7)
      at Object.render (../../../node_modules/react-dom/cjs/react-dom.development.js:29716:5)
      at render (../node_modules/@testing-library/react/dist/pure.js:101:25)
      at act (../../../node_modules/react/cjs/react.development.js:2512:16)
      at actWithWarning (../../../node_modules/react-dom/cjs/react-dom-test-utils.development.js:1740:10)
      at render (../node_modules/@testing-library/react/dist/pure.js:97:24)
      at Object.<anonymous> (components/TrainingPortalHeader.test.tsx:58:11)

    console.error
      Warning: ReactDOM.render is no longer supported in React 18. Use createRoot instead. Until you switch to the new API, your app will behave as if it's running React 17. Learn more: https://reactjs.org/link/switch-to-createroot

      61 |
      62 |   it('should display singular workshop when count is 1', () => {
    > 63 |     render(<TrainingPortalHeader {...defaultProps} workshopCount={1} />);
         |           ^
      64 |     expect(screen.getByText(/1 workshop\)/)).toBeInTheDocument();
      65 |   });
      66 |

      at printWarning (../../../node_modules/react-dom/cjs/react-dom.development.js:86:30)
      at error (../../../node_modules/react-dom/cjs/react-dom.development.js:60:7)
      at Object.render (../../../node_modules/react-dom/cjs/react-dom.development.js:29716:5)
      at render (../node_modules/@testing-library/react/dist/pure.js:101:25)
      at act (../../../node_modules/react/cjs/react.development.js:2512:16)
      at actWithWarning (../../../node_modules/react-dom/cjs/react-dom-test-utils.development.js:1740:10)
      at render (../node_modules/@testing-library/react/dist/pure.js:97:24)
      at Object.<anonymous> (components/TrainingPortalHeader.test.tsx:63:11)

    console.error
      Warning: ReactDOM.render is no longer supported in React 18. Use createRoot instead. Until you switch to the new API, your app will behave as if it's running React 17. Learn more: https://reactjs.org/link/switch-to-createroot

      66 |
      67 |   it('should display session information', () => {
    > 68 |     render(<TrainingPortalHeader {...defaultProps} />);
         |           ^
      69 |     expect(screen.getByText(/Active Sessions: 3 \/ 10/)).toBeInTheDocument();
      70 |   });
      71 |

      at printWarning (../../../node_modules/react-dom/cjs/react-dom.development.js:86:30)
      at error (../../../node_modules/react-dom/cjs/react-dom.development.js:60:7)
      at Object.render (../../../node_modules/react-dom/cjs/react-dom.development.js:29716:5)
      at render (../node_modules/@testing-library/react/dist/pure.js:101:25)
      at act (../../../node_modules/react/cjs/react.development.js:2512:16)
      at actWithWarning (../../../node_modules/react-dom/cjs/react-dom-test-utils.development.js:1740:10)
      at render (../node_modules/@testing-library/react/dist/pure.js:97:24)
      at Object.<anonymous> (components/TrainingPortalHeader.test.tsx:68:11)

    console.error
      Warning: ReactDOM.render is no longer supported in React 18. Use createRoot instead. Until you switch to the new API, your app will behave as if it's running React 17. Learn more: https://reactjs.org/link/switch-to-createroot

      72 |   it('should display Unlimited when maximum sessions is not set', () => {
      73 |     const portalUnlimited = { ...mockPortal, sessions: { allocated: 2, maximum: undefined } };
    > 74 |     render(<TrainingPortalHeader portal={portalUnlimited} workshopCount={3} />);
         |           ^
      75 |     expect(screen.getByText(/Active Sessions: 2 \/ Unlimited/)).toBeInTheDocument();
      76 |   });
      77 |

      at printWarning (../../../node_modules/react-dom/cjs/react-dom.development.js:86:30)
      at error (../../../node_modules/react-dom/cjs/react-dom.development.js:60:7)
      at Object.render (../../../node_modules/react-dom/cjs/react-dom.development.js:29716:5)
      at render (../node_modules/@testing-library/react/dist/pure.js:101:25)
      at act (../../../node_modules/react/cjs/react.development.js:2512:16)
      at actWithWarning (../../../node_modules/react-dom/cjs/react-dom-test-utils.development.js:1740:10)
      at render (../node_modules/@testing-library/react/dist/pure.js:97:24)
      at Object.<anonymous> (components/TrainingPortalHeader.test.tsx:74:11)

    console.error
      Warning: ReactDOM.render is no longer supported in React 18. Use createRoot instead. Until you switch to the new API, your app will behave as if it's running React 17. Learn more: https://reactjs.org/link/switch-to-createroot

      77 |
      78 |   it('should render logo when provided', () => {
    > 79 |     render(<TrainingPortalHeader {...defaultProps} />);
         |           ^
      80 |     const logo = screen.getByRole('img');
      81 |     expect(logo).toBeInTheDocument();
      82 |   });

      at printWarning (../../../node_modules/react-dom/cjs/react-dom.development.js:86:30)
      at error (../../../node_modules/react-dom/cjs/react-dom.development.js:60:7)
      at Object.render (../../../node_modules/react-dom/cjs/react-dom.development.js:29716:5)
      at render (../node_modules/@testing-library/react/dist/pure.js:101:25)
      at act (../../../node_modules/react/cjs/react.development.js:2512:16)
      at actWithWarning (../../../node_modules/react-dom/cjs/react-dom-test-utils.development.js:1740:10)
      at render (../node_modules/@testing-library/react/dist/pure.js:97:24)
      at Object.<anonymous> (components/TrainingPortalHeader.test.tsx:79:11)

    console.error
      Warning: ReactDOM.render is no longer supported in React 18. Use createRoot instead. Until you switch to the new API, your app will behave as if it's running React 17. Learn more: https://reactjs.org/link/switch-to-createroot

      84 |   it('should not render logo when not provided', () => {
      85 |     const portalNoLogo = { ...mockPortal, logo: undefined };
    > 86 |     render(<TrainingPortalHeader portal={portalNoLogo} workshopCount={3} />);
         |           ^
      87 |     expect(screen.queryByRole('img')).not.toBeInTheDocument();
      88 |   });
      89 |

      at printWarning (../../../node_modules/react-dom/cjs/react-dom.development.js:86:30)
      at error (../../../node_modules/react-dom/cjs/react-dom.development.js:60:7)
      at Object.render (../../../node_modules/react-dom/cjs/react-dom.development.js:29716:5)
      at render (../node_modules/@testing-library/react/dist/pure.js:101:25)
      at act (../../../node_modules/react/cjs/react.development.js:2512:16)
      at actWithWarning (../../../node_modules/react-dom/cjs/react-dom-test-utils.development.js:1740:10)
      at render (../node_modules/@testing-library/react/dist/pure.js:97:24)
      at Object.<anonymous> (components/TrainingPortalHeader.test.tsx:86:11)

    console.error
      Warning: ReactDOM.render is no longer supported in React 18. Use createRoot instead. Until you switch to the new API, your app will behave as if it's running React 17. Learn more: https://reactjs.org/link/switch-to-createroot

      89 |
      90 |   it('should be collapsed by default', () => {
    > 91 |     render(<TrainingPortalHeader {...defaultProps} />);
         |           ^
      92 |     expect(screen.queryByText('team: platform')).not.toBeInTheDocument();
      93 |   });
      94 |

      at printWarning (../../../node_modules/react-dom/cjs/react-dom.development.js:86:30)
      at error (../../../node_modules/react-dom/cjs/react-dom.development.js:60:7)
      at Object.render (../../../node_modules/react-dom/cjs/react-dom.development.js:29716:5)
      at render (../node_modules/@testing-library/react/dist/pure.js:101:25)
      at act (../../../node_modules/react/cjs/react.development.js:2512:16)
      at actWithWarning (../../../node_modules/react-dom/cjs/react-dom-test-utils.development.js:1740:10)
      at render (../node_modules/@testing-library/react/dist/pure.js:97:24)
      at Object.<anonymous> (components/TrainingPortalHeader.test.tsx:91:11)

    console.error
      Warning: ReactDOM.render is no longer supported in React 18. Use createRoot instead. Until you switch to the new API, your app will behave as if it's running React 17. Learn more: https://reactjs.org/link/switch-to-createroot

      94 |
      95 |   it('should expand when expand button is clicked', () => {
    > 96 |     render(<TrainingPortalHeader {...defaultProps} />);
         |           ^
      97 |     
      98 |     const expandButton = screen.getByLabelText('Expand');
      99 |     fireEvent.click(expandButton);

      at printWarning (../../../node_modules/react-dom/cjs/react-dom.development.js:86:30)
      at error (../../../node_modules/react-dom/cjs/react-dom.development.js:60:7)
      at Object.render (../../../node_modules/react-dom/cjs/react-dom.development.js:29716:5)
      at render (../node_modules/@testing-library/react/dist/pure.js:101:25)
      at act (../../../node_modules/react/cjs/react.development.js:2512:16)
      at actWithWarning (../../../node_modules/react-dom/cjs/react-dom-test-utils.development.js:1740:10)
      at render (../node_modules/@testing-library/react/dist/pure.js:97:24)
      at Object.<anonymous> (components/TrainingPortalHeader.test.tsx:96:11)

    console.error
      Warning: ReactDOM.render is no longer supported in React 18. Use createRoot instead. Until you switch to the new API, your app will behave as if it's running React 17. Learn more: https://reactjs.org/link/switch-to-createroot

      104 |
      105 |   it('should collapse when collapse button is clicked', () => {
    > 106 |     render(<TrainingPortalHeader {...defaultProps} />);
          |           ^
      107 |     
      108 |     const expandButton = screen.getByLabelText('Expand');
      109 |     fireEvent.click(expandButton); // expand

      at printWarning (../../../node_modules/react-dom/cjs/react-dom.development.js:86:30)
      at error (../../../node_modules/react-dom/cjs/react-dom.development.js:60:7)
      at Object.render (../../../node_modules/react-dom/cjs/react-dom.development.js:29716:5)
      at render (../node_modules/@testing-library/react/dist/pure.js:101:25)
      at act (../../../node_modules/react/cjs/react.development.js:2512:16)
      at actWithWarning (../../../node_modules/react-dom/cjs/react-dom-test-utils.development.js:1740:10)
      at render (../node_modules/@testing-library/react/dist/pure.js:97:24)
      at Object.<anonymous> (components/TrainingPortalHeader.test.tsx:106:11)

    console.error
      Warning: ReactDOM.render is no longer supported in React 18. Use createRoot instead. Until you switch to the new API, your app will behave as if it's running React 17. Learn more: https://reactjs.org/link/switch-to-createroot

      116 |
      117 |   it('should render children when expanded', () => {
    > 118 |     render(
          |           ^
      119 |       <TrainingPortalHeader {...defaultProps}>
      120 |         <div data-testid="child-content">Child Content</div>
      121 |       </TrainingPortalHeader>

      at printWarning (../../../node_modules/react-dom/cjs/react-dom.development.js:86:30)
      at error (../../../node_modules/react-dom/cjs/react-dom.development.js:60:7)
      at Object.render (../../../node_modules/react-dom/cjs/react-dom.development.js:29716:5)
      at render (../node_modules/@testing-library/react/dist/pure.js:101:25)
      at act (../../../node_modules/react/cjs/react.development.js:2512:16)
      at actWithWarning (../../../node_modules/react-dom/cjs/react-dom-test-utils.development.js:1740:10)
      at render (../node_modules/@testing-library/react/dist/pure.js:97:24)
      at Object.<anonymous> (components/TrainingPortalHeader.test.tsx:118:11)

    console.error
      Warning: ReactDOM.render is no longer supported in React 18. Use createRoot instead. Until you switch to the new API, your app will behave as if it's running React 17. Learn more: https://reactjs.org/link/switch-to-createroot

      130 |   it('should not render labels section when labels are empty', () => {
      131 |     const portalNoLabels = { ...mockPortal, labels: {} };
    > 132 |     render(<TrainingPortalHeader portal={portalNoLabels} workshopCount={3} />);
          |           ^
      133 |     
      134 |     const expandButton = screen.getByLabelText('Expand');
      135 |     fireEvent.click(expandButton);

      at printWarning (../../../node_modules/react-dom/cjs/react-dom.development.js:86:30)
      at error (../../../node_modules/react-dom/cjs/react-dom.development.js:60:7)
      at Object.render (../../../node_modules/react-dom/cjs/react-dom.development.js:29716:5)
      at render (../node_modules/@testing-library/react/dist/pure.js:101:25)
      at act (../../../node_modules/react/cjs/react.development.js:2512:16)
      at actWithWarning (../../../node_modules/react-dom/cjs/react-dom-test-utils.development.js:1740:10)
      at render (../node_modules/@testing-library/react/dist/pure.js:97:24)
      at Object.<anonymous> (components/TrainingPortalHeader.test.tsx:132:11)

PASS @terasky/backstage-plugin-vcf-automation plugins/vcf-automation/src/components/VCFAutomationGenericResourceOverview.test.tsx
PASS @terasky/backstage-plugin-vcf-automation plugins/vcf-automation/src/components/VCFAutomationDeploymentOverview.test.tsx
PASS @terasky/backstage-plugin-vcf-automation plugins/vcf-automation/src/components/VCFAutomationResourceOverview.test.tsx
PASS @terasky/backstage-plugin-vcf-operations-backend plugins/vcf-operations-backend/src/router.test.ts
PASS @terasky/backstage-plugin-vcf-automation plugins/vcf-automation/src/components/VCFAutomationProjectOverview.test.tsx
PASS @terasky/backstage-plugin-kyverno-policy-reports plugins/kyverno-policy-reports/src/components/KyvernoPolicyReportsTable.test.tsx (7.792 s)
PASS @terasky/backstage-plugin-kyverno-policy-reports plugins/kyverno-policy-reports/src/components/KyvernoCrossplanePolicyReportsTable.test.tsx (7.879 s)
PASS @terasky/backstage-plugin-entity-scaffolder-content plugins/entity-scaffolder-content/src/components/EntityScaffolderContent.test.tsx (6.103 s)
PASS @terasky/backstage-plugin-kyverno-policy-reports-backend plugins/kyverno-policy-reports-backend/src/service/KubernetesService.test.ts
PASS @terasky/backstage-plugin-kro-resources-frontend plugins/kro-resources/src/components/KroOverviewCard.test.tsx
  ● Console

    console.error
      Warning: An update to KroOverviewCard inside a test was not wrapped in act(...).
      
      When testing, code that causes React state updates should be wrapped into act(...):
      
      act(() => {
        /* fire events that update state */
      });
      /* assert on the output */
      
      This ensures that you're testing the behavior the user would see in the browser. Learn more at https://reactjs.org/link/wrap-tests-with-act
          at KroOverviewCard (/home/vrabbi/projects/backstage/backstage-plugins/plugins/kro-resources/src/components/KroOverviewCard.tsx:26:31)
          at attributes (/home/vrabbi/projects/backstage/backstage-plugins/node_modules/@backstage/core-plugin-api/dist/analytics/AnalyticsContext.esm.js:22:11)
          at children (/home/vrabbi/projects/backstage/backstage-plugins/node_modules/@backstage/plugin-catalog-react/dist/hooks/useEntity.esm.js:10:11)
          at entity (/home/vrabbi/projects/backstage/backstage-plugins/node_modules/@backstage/plugin-catalog-react/dist/hooks/useEntity.esm.js:25:19)
          at apis (/home/vrabbi/projects/backstage/backstage-plugins/node_modules/@backstage/core-app-api/dist/apis/system/ApiProvider.esm.js:9:11)
          at apis (/home/vrabbi/projects/backstage/backstage-plugins/node_modules/@backstage/test-utils/dist/testUtils/TestApiProvider.esm.js:43:43)

      69 |         const instanceResource = resources.find(r => r.type === 'Instance')?.resource;
      70 |
    > 71 |         setRgd(rgdResource);
         |         ^
      72 |         setInstance(instanceResource);
      73 |       } catch (error) {
      74 |         console.error('Failed to fetch RGD:', error);

      at printWarning (../../../node_modules/react-dom/cjs/react-dom.development.js:86:30)
      at error (../../../node_modules/react-dom/cjs/react-dom.development.js:60:7)
      at warnIfUpdatesNotWrappedWithActDEV (../../../node_modules/react-dom/cjs/react-dom.development.js:27628:9)
      at scheduleUpdateOnFiber (../../../node_modules/react-dom/cjs/react-dom.development.js:25547:5)
      at dispatchSetState (../../../node_modules/react-dom/cjs/react-dom.development.js:16708:7)
      at setRgd (components/KroOverviewCard.tsx:71:9)

    console.error
      Warning: An update to KroOverviewCard inside a test was not wrapped in act(...).
      
      When testing, code that causes React state updates should be wrapped into act(...):
      
      act(() => {
        /* fire events that update state */
      });
      /* assert on the output */
      
      This ensures that you're testing the behavior the user would see in the browser. Learn more at https://reactjs.org/link/wrap-tests-with-act
          at KroOverviewCard (/home/vrabbi/projects/backstage/backstage-plugins/plugins/kro-resources/src/components/KroOverviewCard.tsx:26:31)
          at attributes (/home/vrabbi/projects/backstage/backstage-plugins/node_modules/@backstage/core-plugin-api/dist/analytics/AnalyticsContext.esm.js:22:11)
          at children (/home/vrabbi/projects/backstage/backstage-plugins/node_modules/@backstage/plugin-catalog-react/dist/hooks/useEntity.esm.js:10:11)
          at entity (/home/vrabbi/projects/backstage/backstage-plugins/node_modules/@backstage/plugin-catalog-react/dist/hooks/useEntity.esm.js:25:19)
          at apis (/home/vrabbi/projects/backstage/backstage-plugins/node_modules/@backstage/core-app-api/dist/apis/system/ApiProvider.esm.js:9:11)
          at apis (/home/vrabbi/projects/backstage/backstage-plugins/node_modules/@backstage/test-utils/dist/testUtils/TestApiProvider.esm.js:43:43)

      70 |
      71 |         setRgd(rgdResource);
    > 72 |         setInstance(instanceResource);
         |         ^
      73 |       } catch (error) {
      74 |         console.error('Failed to fetch RGD:', error);
      75 |       }

      at printWarning (../../../node_modules/react-dom/cjs/react-dom.development.js:86:30)
      at error (../../../node_modules/react-dom/cjs/react-dom.development.js:60:7)
      at warnIfUpdatesNotWrappedWithActDEV (../../../node_modules/react-dom/cjs/react-dom.development.js:27628:9)
      at scheduleUpdateOnFiber (../../../node_modules/react-dom/cjs/react-dom.development.js:25547:5)
      at dispatchSetState (../../../node_modules/react-dom/cjs/react-dom.development.js:16708:7)
      at setInstance (components/KroOverviewCard.tsx:72:9)

    console.error
      Warning: An update to KroOverviewCard inside a test was not wrapped in act(...).
      
      When testing, code that causes React state updates should be wrapped into act(...):
      
      act(() => {
        /* fire events that update state */
      });
      /* assert on the output */
      
      This ensures that you're testing the behavior the user would see in the browser. Learn more at https://reactjs.org/link/wrap-tests-with-act
          at KroOverviewCard (/home/vrabbi/projects/backstage/backstage-plugins/plugins/kro-resources/src/components/KroOverviewCard.tsx:26:31)
          at attributes (/home/vrabbi/projects/backstage/backstage-plugins/node_modules/@backstage/core-plugin-api/dist/analytics/AnalyticsContext.esm.js:22:11)
          at children (/home/vrabbi/projects/backstage/backstage-plugins/node_modules/@backstage/plugin-catalog-react/dist/hooks/useEntity.esm.js:10:11)
          at entity (/home/vrabbi/projects/backstage/backstage-plugins/node_modules/@backstage/plugin-catalog-react/dist/hooks/useEntity.esm.js:25:19)
          at apis (/home/vrabbi/projects/backstage/backstage-plugins/node_modules/@backstage/core-app-api/dist/apis/system/ApiProvider.esm.js:9:11)
          at apis (/home/vrabbi/projects/backstage/backstage-plugins/node_modules/@backstage/test-utils/dist/testUtils/TestApiProvider.esm.js:43:43)

      69 |         const instanceResource = resources.find(r => r.type === 'Instance')?.resource;
      70 |
    > 71 |         setRgd(rgdResource);
         |         ^
      72 |         setInstance(instanceResource);
      73 |       } catch (error) {
      74 |         console.error('Failed to fetch RGD:', error);

      at printWarning (../../../node_modules/react-dom/cjs/react-dom.development.js:86:30)
      at error (../../../node_modules/react-dom/cjs/react-dom.development.js:60:7)
      at warnIfUpdatesNotWrappedWithActDEV (../../../node_modules/react-dom/cjs/react-dom.development.js:27628:9)
      at scheduleUpdateOnFiber (../../../node_modules/react-dom/cjs/react-dom.development.js:25547:5)
      at dispatchSetState (../../../node_modules/react-dom/cjs/react-dom.development.js:16708:7)
      at setRgd (components/KroOverviewCard.tsx:71:9)

    console.error
      Warning: An update to KroOverviewCard inside a test was not wrapped in act(...).
      
      When testing, code that causes React state updates should be wrapped into act(...):
      
      act(() => {
        /* fire events that update state */
      });
      /* assert on the output */
      
      This ensures that you're testing the behavior the user would see in the browser. Learn more at https://reactjs.org/link/wrap-tests-with-act
          at KroOverviewCard (/home/vrabbi/projects/backstage/backstage-plugins/plugins/kro-resources/src/components/KroOverviewCard.tsx:26:31)
          at attributes (/home/vrabbi/projects/backstage/backstage-plugins/node_modules/@backstage/core-plugin-api/dist/analytics/AnalyticsContext.esm.js:22:11)
          at children (/home/vrabbi/projects/backstage/backstage-plugins/node_modules/@backstage/plugin-catalog-react/dist/hooks/useEntity.esm.js:10:11)
          at entity (/home/vrabbi/projects/backstage/backstage-plugins/node_modules/@backstage/plugin-catalog-react/dist/hooks/useEntity.esm.js:25:19)
          at apis (/home/vrabbi/projects/backstage/backstage-plugins/node_modules/@backstage/core-app-api/dist/apis/system/ApiProvider.esm.js:9:11)
          at apis (/home/vrabbi/projects/backstage/backstage-plugins/node_modules/@backstage/test-utils/dist/testUtils/TestApiProvider.esm.js:43:43)

      70 |
      71 |         setRgd(rgdResource);
    > 72 |         setInstance(instanceResource);
         |         ^
      73 |       } catch (error) {
      74 |         console.error('Failed to fetch RGD:', error);
      75 |       }

      at printWarning (../../../node_modules/react-dom/cjs/react-dom.development.js:86:30)
      at error (../../../node_modules/react-dom/cjs/react-dom.development.js:60:7)
      at warnIfUpdatesNotWrappedWithActDEV (../../../node_modules/react-dom/cjs/react-dom.development.js:27628:9)
      at scheduleUpdateOnFiber (../../../node_modules/react-dom/cjs/react-dom.development.js:25547:5)
      at dispatchSetState (../../../node_modules/react-dom/cjs/react-dom.development.js:16708:7)
      at setInstance (components/KroOverviewCard.tsx:72:9)

    console.error
      Warning: findDOMNode is deprecated and will be removed in the next major release. Instead, add a ref directly to the element you want to reference. Learn more about using refs safely here: https://reactjs.org/link/strict-mode-find-node
          at p
          at Typography (/home/vrabbi/projects/backstage/backstage-plugins/node_modules/@material-ui/core/Typography/Typography.js:173:28)
          at WithStyles (/home/vrabbi/projects/backstage/backstage-plugins/node_modules/@material-ui/styles/withStyles/withStyles.js:67:31)
          at Tooltip (/home/vrabbi/projects/backstage/backstage-plugins/node_modules/@material-ui/core/Tooltip/Tooltip.js:214:28)
          at WithStyles (/home/vrabbi/projects/backstage/backstage-plugins/node_modules/@material-ui/styles/withStyles/withStyles.js:67:31)
          at div
          at Grid (/home/vrabbi/projects/backstage/backstage-plugins/node_modules/@material-ui/core/Grid/Grid.js:243:35)
          at WithStyles (/home/vrabbi/projects/backstage/backstage-plugins/node_modules/@material-ui/styles/withStyles/withStyles.js:67:31)
          at div
          at Grid (/home/vrabbi/projects/backstage/backstage-plugins/node_modules/@material-ui/core/Grid/Grid.js:243:35)
          at WithStyles (/home/vrabbi/projects/backstage/backstage-plugins/node_modules/@material-ui/styles/withStyles/withStyles.js:67:31)
          at div
          at StyledComponent (/home/vrabbi/projects/backstage/backstage-plugins/node_modules/@material-ui/styles/styled/styled.js:95:28)
          at div
          at CardContent (/home/vrabbi/projects/backstage/backstage-plugins/node_modules/@material-ui/core/CardContent/CardContent.js:35:23)
          at WithStyles (/home/vrabbi/projects/backstage/backstage-plugins/node_modules/@material-ui/styles/withStyles/withStyles.js:67:31)
          at div
          at Paper (/home/vrabbi/projects/backstage/backstage-plugins/node_modules/@material-ui/core/Paper/Paper.js:55:23)
          at WithStyles (/home/vrabbi/projects/backstage/backstage-plugins/node_modules/@material-ui/styles/withStyles/withStyles.js:67:31)
          at Card (/home/vrabbi/projects/backstage/backstage-plugins/node_modules/@material-ui/core/Card/Card.js:34:23)
          at WithStyles (/home/vrabbi/projects/backstage/backstage-plugins/node_modules/@material-ui/styles/withStyles/withStyles.js:67:31)
          at KroOverviewCard (/home/vrabbi/projects/backstage/backstage-plugins/plugins/kro-resources/src/components/KroOverviewCard.tsx:26:31)
          at attributes (/home/vrabbi/projects/backstage/backstage-plugins/node_modules/@backstage/core-plugin-api/dist/analytics/AnalyticsContext.esm.js:22:11)
          at children (/home/vrabbi/projects/backstage/backstage-plugins/node_modules/@backstage/plugin-catalog-react/dist/hooks/useEntity.esm.js:10:11)
          at entity (/home/vrabbi/projects/backstage/backstage-plugins/node_modules/@backstage/plugin-catalog-react/dist/hooks/useEntity.esm.js:25:19)
          at apis (/home/vrabbi/projects/backstage/backstage-plugins/node_modules/@backstage/core-app-api/dist/apis/system/ApiProvider.esm.js:9:11)
          at apis (/home/vrabbi/projects/backstage/backstage-plugins/node_modules/@backstage/test-utils/dist/testUtils/TestApiProvider.esm.js:43:43)

      at printWarning (../../../node_modules/react-dom/cjs/react-dom.development.js:86:30)
      at error (../../../node_modules/react-dom/cjs/react-dom.development.js:60:7)
      at Object.findDOMNode (../../../node_modules/react-dom/cjs/react-dom.development.js:29666:7)
      at ../../../node_modules/@material-ui/core/Tooltip/Tooltip.js:468:51
      at setRef (../../../node_modules/@material-ui/core/utils/setRef.js:11:5)
      at ../../../node_modules/@material-ui/core/utils/useForkRef.js:29:27
      at commitAttachRef (../../../node_modules/react-dom/cjs/react-dom.development.js:23689:18)
      at commitLayoutEffectOnFiber (../../../node_modules/react-dom/cjs/react-dom.development.js:23542:9)
      at commitLayoutMountEffects_complete (../../../node_modules/react-dom/cjs/react-dom.development.js:24727:9)
      at commitLayoutEffects_begin (../../../node_modules/react-dom/cjs/react-dom.development.js:24713:7)
      at commitLayoutEffects (../../../node_modules/react-dom/cjs/react-dom.development.js:24651:3)
      at commitRootImpl (../../../node_modules/react-dom/cjs/react-dom.development.js:26862:5)
      at commitRoot (../../../node_modules/react-dom/cjs/react-dom.development.js:26721:5)
      at finishConcurrentRender (../../../node_modules/react-dom/cjs/react-dom.development.js:26020:9)
      at performConcurrentWorkOnRoot (../../../node_modules/react-dom/cjs/react-dom.development.js:25848:7)
      at workLoop (../../../node_modules/scheduler/cjs/scheduler.development.js:266:34)
      at flushWork (../../../node_modules/scheduler/cjs/scheduler.development.js:239:14)
      at performWorkUntilDeadline (../../../node_modules/scheduler/cjs/scheduler.development.js:533:21)
      at Timeout.task [as _onTimeout] (../../../node_modules/jsdom/lib/jsdom/browser/Window.js:520:19)

PASS @terasky/backstage-plugin-crossplane-resources-backend plugins/crossplane-resources-backend/src/service/KubernetesService.test.ts
PASS @terasky/backstage-plugin-vcf-operations plugins/vcf-operations/src/components/VCFOperationsExplorer.test.tsx (5.257 s)
PASS @terasky/backstage-plugin-vcf-operations-backend plugins/vcf-operations-backend/src/services/VcfOperationsService.test.ts
PASS @terasky/backstage-plugin-terraform-scaffolder plugins/terraform-scaffolder/src/plugin.test.ts
PASS @terasky/plugin-scaffolder-mcp-backend plugins/scaffolder-mcp-backend/src/actions.test.ts (5.983 s)
PASS @terasky/backstage-plugin-scaleops-backend plugins/scaleops-backend/src/service/ScaleOpsService.test.ts
PASS @terasky/backstage-plugin-kubernetes-resources-frontend plugins/kubernetes-resources/src/components/KubernetesResourceGraph.test.tsx (5.509 s)
  ● Console

    console.error
      Error: Not implemented: HTMLCanvasElement.prototype.getContext (without installing the canvas npm package)
          at module.exports (/home/vrabbi/projects/backstage/backstage-plugins/node_modules/jsdom/lib/jsdom/browser/not-implemented.js:9:17)
          at HTMLCanvasElementImpl.getContext (/home/vrabbi/projects/backstage/backstage-plugins/node_modules/jsdom/lib/jsdom/living/nodes/HTMLCanvasElement-impl.js:42:5)
          at HTMLCanvasElement.getContext (/home/vrabbi/projects/backstage/backstage-plugins/node_modules/jsdom/lib/jsdom/living/generated/HTMLCanvasElement.js:131:58)
          at createLinearGradient (/home/vrabbi/projects/backstage/backstage-plugins/node_modules/@xterm/xterm/lib/webpack:/@xterm/xterm/src/common/Color.ts:133:27)
          at Object.rs (/home/vrabbi/projects/backstage/backstage-plugins/node_modules/@xterm/xterm/lib/webpack:/@xterm/xterm/src/common/Color.ts:247:32)
          at i (/home/vrabbi/projects/backstage/backstage-plugins/node_modules/@xterm/xterm/lib/xterm.js:1:284562)
          at Object.3787 (/home/vrabbi/projects/backstage/backstage-plugins/node_modules/@xterm/xterm/lib/webpack:/@xterm/xterm/src/browser/renderer/dom/DomRendererRowFactory.ts:49:26)
          at i (/home/vrabbi/projects/backstage/backstage-plugins/node_modules/@xterm/xterm/lib/xterm.js:1:284562)
          at Object.1296 (/home/vrabbi/projects/backstage/backstage-plugins/node_modules/@xterm/xterm/lib/webpack:/@xterm/xterm/src/browser/renderer/dom/DomRenderer.ts:20:31)
          at i (/home/vrabbi/projects/backstage/backstage-plugins/node_modules/@xterm/xterm/lib/xterm.js:1:284562)
          at Object.3236 (/home/vrabbi/projects/backstage/backstage-plugins/node_modules/@xterm/xterm/lib/webpack:/@xterm/xterm/src/browser/Terminal.ts:45:1)
          at i (/home/vrabbi/projects/backstage/backstage-plugins/node_modules/@xterm/xterm/lib/xterm.js:1:284562)
          at Disposable (/home/vrabbi/projects/backstage/backstage-plugins/node_modules/@xterm/xterm/lib/webpack:/@xterm/xterm/src/browser/public/Terminal.ts:23:31)
          at /home/vrabbi/projects/backstage/backstage-plugins/node_modules/@xterm/xterm/lib/xterm.js:1:289313
          at /home/vrabbi/projects/backstage/backstage-plugins/node_modules/@xterm/xterm/lib/xterm.js:1:289319
          at /home/vrabbi/projects/backstage/backstage-plugins/node_modules/@xterm/xterm/lib/webpack:/@xterm/xterm/webpack/universalModuleDefinition:8:39
          at Object.<anonymous> (/home/vrabbi/projects/backstage/backstage-plugins/node_modules/@xterm/xterm/lib/xterm.js:1:325)
          at CachingJestRuntime._execModule (/home/vrabbi/projects/backstage/backstage-plugins/node_modules/jest-runtime/build/index.js:1439:24)
          at CachingJestRuntime._loadModule (/home/vrabbi/projects/backstage/backstage-plugins/node_modules/jest-runtime/build/index.js:1022:12)
          at CachingJestRuntime.requireModule (/home/vrabbi/projects/backstage/backstage-plugins/node_modules/jest-runtime/build/index.js:882:12)
          at CachingJestRuntime.requireModuleOrMock (/home/vrabbi/projects/backstage/backstage-plugins/node_modules/jest-runtime/build/index.js:1048:21)
          at Object.<anonymous> (/home/vrabbi/projects/backstage/backstage-plugins/node_modules/@backstage/plugin-kubernetes-react/dist/components/PodExecTerminal/PodExecTerminal.esm.js:16:16)
          at CachingJestRuntime._execModule (/home/vrabbi/projects/backstage/backstage-plugins/node_modules/jest-runtime/build/index.js:1439:24)
          at CachingJestRuntime._loadModule (/home/vrabbi/projects/backstage/backstage-plugins/node_modules/jest-runtime/build/index.js:1022:12)
          at CachingJestRuntime.requireModule (/home/vrabbi/projects/backstage/backstage-plugins/node_modules/jest-runtime/build/index.js:882:12)
          at CachingJestRuntime.requireModuleOrMock (/home/vrabbi/projects/backstage/backstage-plugins/node_modules/jest-runtime/build/index.js:1048:21)
          at Object.<anonymous> (/home/vrabbi/projects/backstage/backstage-plugins/node_modules/@backstage/plugin-kubernetes-react/dist/components/PodExecTerminal/PodExecTerminalDialog.esm.js:27:29)
          at CachingJestRuntime._execModule (/home/vrabbi/projects/backstage/backstage-plugins/node_modules/jest-runtime/build/index.js:1439:24)
          at CachingJestRuntime._loadModule (/home/vrabbi/projects/backstage/backstage-plugins/node_modules/jest-runtime/build/index.js:1022:12)
          at CachingJestRuntime.requireModule (/home/vrabbi/projects/backstage/backstage-plugins/node_modules/jest-runtime/build/index.js:882:12)
          at CachingJestRuntime.requireModuleOrMock (/home/vrabbi/projects/backstage/backstage-plugins/node_modules/jest-runtime/build/index.js:1048:21)
          at Object.<anonymous> (/home/vrabbi/projects/backstage/backstage-plugins/node_modules/@backstage/plugin-kubernetes-react/dist/components/Pods/PodDrawer/ContainerCard.esm.js:35:35)
          at CachingJestRuntime._execModule (/home/vrabbi/projects/backstage/backstage-plugins/node_modules/jest-runtime/build/index.js:1439:24)
          at CachingJestRuntime._loadModule (/home/vrabbi/projects/backstage/backstage-plugins/node_modules/jest-runtime/build/index.js:1022:12)
          at CachingJestRuntime.requireModule (/home/vrabbi/projects/backstage/backstage-plugins/node_modules/jest-runtime/build/index.js:882:12)
          at CachingJestRuntime.requireModuleOrMock (/home/vrabbi/projects/backstage/backstage-plugins/node_modules/jest-runtime/build/index.js:1048:21)
          at Object.<anonymous> (/home/vrabbi/projects/backstage/backstage-plugins/node_modules/@backstage/plugin-kubernetes-react/dist/components/Pods/PodDrawer/PodDrawer.esm.js:16:27)
          at CachingJestRuntime._execModule (/home/vrabbi/projects/backstage/backstage-plugins/node_modules/jest-runtime/build/index.js:1439:24)
          at CachingJestRuntime._loadModule (/home/vrabbi/projects/backstage/backstage-plugins/node_modules/jest-runtime/build/index.js:1022:12)
          at CachingJestRuntime.requireModule (/home/vrabbi/projects/backstage/backstage-plugins/node_modules/jest-runtime/build/index.js:882:12)
          at CachingJestRuntime.requireModuleOrMock (/home/vrabbi/projects/backstage/backstage-plugins/node_modules/jest-runtime/build/index.js:1048:21)
          at Object.<anonymous> (/home/vrabbi/projects/backstage/backstage-plugins/node_modules/@backstage/plugin-kubernetes-react/dist/components/DeploymentsAccordions/DeploymentsAccordions.esm.js:19:1)
          at CachingJestRuntime._execModule (/home/vrabbi/projects/backstage/backstage-plugins/node_modules/jest-runtime/build/index.js:1439:24)
          at CachingJestRuntime._loadModule (/home/vrabbi/projects/backstage/backstage-plugins/node_modules/jest-runtime/build/index.js:1022:12)
          at CachingJestRuntime.requireModule (/home/vrabbi/projects/backstage/backstage-plugins/node_modules/jest-runtime/build/index.js:882:12)
          at CachingJestRuntime.requireModuleOrMock (/home/vrabbi/projects/backstage/backstage-plugins/node_modules/jest-runtime/build/index.js:1048:21)
          at Object.<anonymous> (/home/vrabbi/projects/backstage/backstage-plugins/node_modules/@backstage/plugin-kubernetes-react/dist/components/Cluster/Cluster.esm.js:19:35)
          at CachingJestRuntime._execModule (/home/vrabbi/projects/backstage/backstage-plugins/node_modules/jest-runtime/build/index.js:1439:24)
          at CachingJestRuntime._loadModule (/home/vrabbi/projects/backstage/backstage-plugins/node_modules/jest-runtime/build/index.js:1022:12)
          at CachingJestRuntime.requireModule (/home/vrabbi/projects/backstage/backstage-plugins/node_modules/jest-runtime/build/index.js:882:12)
          at CachingJestRuntime.requireModuleOrMock (/home/vrabbi/projects/backstage/backstage-plugins/node_modules/jest-runtime/build/index.js:1048:21)
          at Object.<anonymous> (/home/vrabbi/projects/backstage/backstage-plugins/node_modules/@backstage/plugin-kubernetes-react/dist/index.esm.js:227:22)
          at CachingJestRuntime._execModule (/home/vrabbi/projects/backstage/backstage-plugins/node_modules/jest-runtime/build/index.js:1439:24)
          at CachingJestRuntime._loadModule (/home/vrabbi/projects/backstage/backstage-plugins/node_modules/jest-runtime/build/index.js:1022:12)
          at CachingJestRuntime.requireModule (/home/vrabbi/projects/backstage/backstage-plugins/node_modules/jest-runtime/build/index.js:882:12)
          at CachingJestRuntime.requireModuleOrMock (/home/vrabbi/projects/backstage/backstage-plugins/node_modules/jest-runtime/build/index.js:1048:21)
          at Object.<anonymous> (/home/vrabbi/projects/backstage/backstage-plugins/plugins/kubernetes-resources/src/components/KubernetesResourceGraph.tsx:5087:26)
          at CachingJestRuntime._execModule (/home/vrabbi/projects/backstage/backstage-plugins/node_modules/jest-runtime/build/index.js:1439:24)
          at CachingJestRuntime._loadModule (/home/vrabbi/projects/backstage/backstage-plugins/node_modules/jest-runtime/build/index.js:1022:12)
          at CachingJestRuntime.requireModule (/home/vrabbi/projects/backstage/backstage-plugins/node_modules/jest-runtime/build/index.js:882:12)
          at CachingJestRuntime.requireModuleOrMock (/home/vrabbi/projects/backstage/backstage-plugins/node_modules/jest-runtime/build/index.js:1048:21)
          at Object.<anonymous> (/home/vrabbi/projects/backstage/backstage-plugins/plugins/kubernetes-resources/src/components/KubernetesResourceGraph.test.tsx:5:73)
          at CachingJestRuntime._execModule (/home/vrabbi/projects/backstage/backstage-plugins/node_modules/jest-runtime/build/index.js:1439:24)
          at CachingJestRuntime._loadModule (/home/vrabbi/projects/backstage/backstage-plugins/node_modules/jest-runtime/build/index.js:1022:12)
          at CachingJestRuntime.requireModule (/home/vrabbi/projects/backstage/backstage-plugins/node_modules/jest-runtime/build/index.js:882:12)
          at jestAdapter (/home/vrabbi/projects/backstage/backstage-plugins/node_modules/jest-circus/build/legacy-code-todo-rewrite/jestAdapter.js:77:13)
          at processTicksAndRejections (node:internal/process/task_queues:103:5)
          at runTestInternal (/home/vrabbi/projects/backstage/backstage-plugins/node_modules/jest-runner/build/runTest.js:367:16)
          at runTest (/home/vrabbi/projects/backstage/backstage-plugins/node_modules/jest-runner/build/runTest.js:444:34)
          at Object.worker (/home/vrabbi/projects/backstage/backstage-plugins/node_modules/jest-runner/build/testWorker.js:106:12) {
        type: 'not implemented'
      }



      at VirtualConsole.<anonymous> (../../../node_modules/jest-environment-jsdom/build/index.js:63:23)
      at module.exports (../../../node_modules/jsdom/lib/jsdom/browser/not-implemented.js:12:26)
      at HTMLCanvasElementImpl.getContext (../../../node_modules/jsdom/lib/jsdom/living/nodes/HTMLCanvasElement-impl.js:42:5)
      at HTMLCanvasElement.getContext (../../../node_modules/jsdom/lib/jsdom/living/generated/HTMLCanvasElement.js:131:58)
      at createLinearGradient (../../../node_modules/@xterm/xterm/lib/webpack:/@xterm/xterm/src/common/Color.ts:133:27)
      at Object.rs (../../../node_modules/@xterm/xterm/lib/webpack:/@xterm/xterm/src/common/Color.ts:247:32)
      at i (../../../node_modules/@xterm/xterm/lib/xterm.js:1:284562)
      at Object.3787 (../../../node_modules/@xterm/xterm/lib/webpack:/@xterm/xterm/src/browser/renderer/dom/DomRendererRowFactory.ts:49:26)
      at i (../../../node_modules/@xterm/xterm/lib/xterm.js:1:284562)
      at Object.1296 (../../../node_modules/@xterm/xterm/lib/webpack:/@xterm/xterm/src/browser/renderer/dom/DomRenderer.ts:20:31)
      at i (../../../node_modules/@xterm/xterm/lib/xterm.js:1:284562)
      at Object.3236 (../../../node_modules/@xterm/xterm/lib/webpack:/@xterm/xterm/src/browser/Terminal.ts:45:1)
      at i (../../../node_modules/@xterm/xterm/lib/xterm.js:1:284562)
      at Disposable (../../../node_modules/@xterm/xterm/lib/webpack:/@xterm/xterm/src/browser/public/Terminal.ts:23:31)
      at ../../../node_modules/@xterm/xterm/lib/xterm.js:1:289313
      at ../../../node_modules/@xterm/xterm/lib/xterm.js:1:289319
      at ../../../node_modules/@xterm/xterm/lib/webpack:/@xterm/xterm/webpack/universalModuleDefinition:8:39
      at Object.<anonymous> (../../../node_modules/@xterm/xterm/lib/xterm.js:1:325)
      at Object.<anonymous> (../../../node_modules/@backstage/plugin-kubernetes-react/dist/components/PodExecTerminal/PodExecTerminal.esm.js:16:16)
      at Object.<anonymous> (../../../node_modules/@backstage/plugin-kubernetes-react/dist/components/PodExecTerminal/PodExecTerminalDialog.esm.js:27:29)
      at Object.<anonymous> (../../../node_modules/@backstage/plugin-kubernetes-react/dist/components/Pods/PodDrawer/ContainerCard.esm.js:35:35)
      at Object.<anonymous> (../../../node_modules/@backstage/plugin-kubernetes-react/dist/components/Pods/PodDrawer/PodDrawer.esm.js:16:27)
      at Object.<anonymous> (../../../node_modules/@backstage/plugin-kubernetes-react/dist/components/DeploymentsAccordions/DeploymentsAccordions.esm.js:19:1)
      at Object.<anonymous> (../../../node_modules/@backstage/plugin-kubernetes-react/dist/components/Cluster/Cluster.esm.js:19:35)
      at Object.<anonymous> (../../../node_modules/@backstage/plugin-kubernetes-react/dist/index.esm.js:227:22)
      at Object.<anonymous> (components/KubernetesResourceGraph.tsx:5087:26)
      at Object.<anonymous> (components/KubernetesResourceGraph.test.tsx:5:73)

PASS @terasky/backstage-plugin-spectrocloud plugins/spectrocloud/src/components/SpectroCloudClusterProfileCard.test.tsx
PASS @terasky/backstage-plugin-scaleops-frontend plugins/scaleops-frontend/src/components/ScaleOpsDashboard.test.tsx
PASS @terasky/backstage-plugin-spectrocloud-backend plugins/spectrocloud-backend/src/client/SpectroCloudClient.test.ts
PASS @terasky/backstage-plugin-crossplane-resources-backend plugins/crossplane-resources-backend/src/actions.test.ts
PASS @terasky/backstage-plugin-spectrocloud-backend plugins/spectrocloud-backend/src/router.test.ts
PASS @terasky/backstage-plugin-ai-rules plugins/ai-rules-plugin/src/components/AiRulesComponent/AiRulesComponent.test.tsx
PASS @terasky/backstage-plugin-vcf-automation-ingestor plugins/vcf-automation-ingestor/src/provider/EntityProvider.test.ts
(node:323438) Warning: Setting the NODE_TLS_REJECT_UNAUTHORIZED environment variable to '0' makes TLS connections and HTTPS requests insecure by disabling certificate verification.
(Use `node --trace-warnings ...` to show where the warning was created)
PASS @terasky/backstage-plugin-educates plugins/educates/src/components/WorkshopCard.test.tsx
  ● Console

    console.error
      Warning: `ReactDOMTestUtils.act` is deprecated in favor of `React.act`. Import `act` from `react` instead of `react-dom/test-utils`. See https://react.dev/warnings/react-dom-test-utils for more info.

      51 |
      52 |   it('should render workshop title', () => {
    > 53 |     render(<WorkshopCard {...defaultProps} />);
         |           ^
      54 |     expect(screen.getByText('Test Workshop')).toBeInTheDocument();
      55 |   });
      56 |

      at printWarning (../../../node_modules/react-dom/cjs/react-dom-test-utils.development.js:71:30)
      at error (../../../node_modules/react-dom/cjs/react-dom-test-utils.development.js:45:7)
      at actWithWarning (../../../node_modules/react-dom/cjs/react-dom-test-utils.development.js:1736:7)
      at render (../node_modules/@testing-library/react/dist/pure.js:97:24)
      at Object.<anonymous> (components/WorkshopCard.test.tsx:53:11)

    console.error
      Warning: ReactDOM.render is no longer supported in React 18. Use createRoot instead. Until you switch to the new API, your app will behave as if it's running React 17. Learn more: https://reactjs.org/link/switch-to-createroot

      51 |
      52 |   it('should render workshop title', () => {
    > 53 |     render(<WorkshopCard {...defaultProps} />);
         |           ^
      54 |     expect(screen.getByText('Test Workshop')).toBeInTheDocument();
      55 |   });
      56 |

      at printWarning (../../../node_modules/react-dom/cjs/react-dom.development.js:86:30)
      at error (../../../node_modules/react-dom/cjs/react-dom.development.js:60:7)
      at Object.render (../../../node_modules/react-dom/cjs/react-dom.development.js:29716:5)
      at render (../node_modules/@testing-library/react/dist/pure.js:101:25)
      at act (../../../node_modules/react/cjs/react.development.js:2512:16)
      at actWithWarning (../../../node_modules/react-dom/cjs/react-dom-test-utils.development.js:1740:10)
      at render (../node_modules/@testing-library/react/dist/pure.js:97:24)
      at Object.<anonymous> (components/WorkshopCard.test.tsx:53:11)

    console.error
      Warning: findDOMNode is deprecated and will be removed in the next major release. Instead, add a ref directly to the element you want to reference. Learn more about using refs safely here: https://reactjs.org/link/strict-mode-find-node
          at button
          at ButtonBase (/home/vrabbi/projects/backstage/backstage-plugins/node_modules/@material-ui/core/ButtonBase/ButtonBase.js:94:22)
          at WithStyles (/home/vrabbi/projects/backstage/backstage-plugins/node_modules/@material-ui/styles/withStyles/withStyles.js:67:31)
          at Button (/home/vrabbi/projects/backstage/backstage-plugins/node_modules/@material-ui/core/Button/Button.js:313:24)
          at WithStyles (/home/vrabbi/projects/backstage/backstage-plugins/node_modules/@material-ui/styles/withStyles/withStyles.js:67:31)
          at span
          at Tooltip (/home/vrabbi/projects/backstage/backstage-plugins/node_modules/@material-ui/core/Tooltip/Tooltip.js:214:28)
          at WithStyles (/home/vrabbi/projects/backstage/backstage-plugins/node_modules/@material-ui/styles/withStyles/withStyles.js:67:31)
          at div
          at CardActions (/home/vrabbi/projects/backstage/backstage-plugins/node_modules/@material-ui/core/CardActions/CardActions.js:41:37)
          at WithStyles (/home/vrabbi/projects/backstage/backstage-plugins/node_modules/@material-ui/styles/withStyles/withStyles.js:67:31)
          at div
          at Paper (/home/vrabbi/projects/backstage/backstage-plugins/node_modules/@material-ui/core/Paper/Paper.js:55:23)
          at WithStyles (/home/vrabbi/projects/backstage/backstage-plugins/node_modules/@material-ui/styles/withStyles/withStyles.js:67:31)
          at Card (/home/vrabbi/projects/backstage/backstage-plugins/node_modules/@material-ui/core/Card/Card.js:34:23)
          at WithStyles (/home/vrabbi/projects/backstage/backstage-plugins/node_modules/@material-ui/styles/withStyles/withStyles.js:67:31)
          at workshop (/home/vrabbi/projects/backstage/backstage-plugins/plugins/educates/src/components/WorkshopCard.tsx:74:32)

      51 |
      52 |   it('should render workshop title', () => {
    > 53 |     render(<WorkshopCard {...defaultProps} />);
         |           ^
      54 |     expect(screen.getByText('Test Workshop')).toBeInTheDocument();
      55 |   });
      56 |

      at printWarning (../../../node_modules/react-dom/cjs/react-dom.development.js:86:30)
      at error (../../../node_modules/react-dom/cjs/react-dom.development.js:60:7)
      at Object.findDOMNode (../../../node_modules/react-dom/cjs/react-dom.development.js:29666:7)
      at ../../../node_modules/@material-ui/core/utils/useIsFocusVisible.js:151:25
      at setRef (../../../node_modules/@material-ui/core/utils/setRef.js:11:5)
      at ../../../node_modules/@material-ui/core/utils/useForkRef.js:28:27
      at setRef (../../../node_modules/@material-ui/core/utils/setRef.js:11:5)
      at ../../../node_modules/@material-ui/core/utils/useForkRef.js:29:27
      at commitAttachRef (../../../node_modules/react-dom/cjs/react-dom.development.js:23689:18)
      at commitLayoutEffectOnFiber (../../../node_modules/react-dom/cjs/react-dom.development.js:23542:9)
      at commitLayoutMountEffects_complete (../../../node_modules/react-dom/cjs/react-dom.development.js:24727:9)
      at commitLayoutEffects_begin (../../../node_modules/react-dom/cjs/react-dom.development.js:24713:7)
      at commitLayoutEffects (../../../node_modules/react-dom/cjs/react-dom.development.js:24651:3)
      at commitRootImpl (../../../node_modules/react-dom/cjs/react-dom.development.js:26862:5)
      at commitRoot (../../../node_modules/react-dom/cjs/react-dom.development.js:26721:5)
      at performSyncWorkOnRoot (../../../node_modules/react-dom/cjs/react-dom.development.js:26156:3)
      at flushSyncCallbacks (../../../node_modules/react-dom/cjs/react-dom.development.js:12042:22)
      at flushSync (../../../node_modules/react-dom/cjs/react-dom.development.js:26240:7)
      at legacyCreateRootFromDOMContainer (../../../node_modules/react-dom/cjs/react-dom.development.js:29614:5)
      at legacyRenderSubtreeIntoContainer (../../../node_modules/react-dom/cjs/react-dom.development.js:29640:12)
      at Object.render (../../../node_modules/react-dom/cjs/react-dom.development.js:29731:10)
      at render (../node_modules/@testing-library/react/dist/pure.js:101:25)
      at act (../../../node_modules/react/cjs/react.development.js:2512:16)
      at actWithWarning (../../../node_modules/react-dom/cjs/react-dom-test-utils.development.js:1740:10)
      at render (../node_modules/@testing-library/react/dist/pure.js:97:24)
      at Object.<anonymous> (components/WorkshopCard.test.tsx:53:11)

    console.error
      Warning: unmountComponentAtNode is deprecated and will be removed in the next major release. Switch to the createRoot API. Learn more: https://reactjs.org/link/switch-to-createroot

      at printWarning (../../../node_modules/react-dom/cjs/react-dom.development.js:86:30)
      at error (../../../node_modules/react-dom/cjs/react-dom.development.js:60:7)
      at Object.unmountComponentAtNode (../../../node_modules/react-dom/cjs/react-dom.development.js:29754:7)
      at unmountComponentAtNode (../node_modules/@testing-library/react/dist/pure.js:144:23)
      at act (../../../node_modules/react/cjs/react.development.js:2512:16)
      at actWithWarning (../../../node_modules/react-dom/cjs/react-dom-test-utils.development.js:1740:10)
      at cleanupAtContainer (../node_modules/@testing-library/react/dist/pure.js:143:24)
          at Set.forEach (<anonymous>)
      at forEach (../node_modules/@testing-library/react/dist/pure.js:137:21)
      at Object.<anonymous> (../node_modules/@testing-library/react/dist/index.js:33:23)

    console.error
      Warning: ReactDOM.render is no longer supported in React 18. Use createRoot instead. Until you switch to the new API, your app will behave as if it's running React 17. Learn more: https://reactjs.org/link/switch-to-createroot

      56 |
      57 |   it('should render workshop name', () => {
    > 58 |     render(<WorkshopCard {...defaultProps} />);
         |           ^
      59 |     expect(screen.getByText('test-workshop')).toBeInTheDocument();
      60 |   });
      61 |

      at printWarning (../../../node_modules/react-dom/cjs/react-dom.development.js:86:30)
      at error (../../../node_modules/react-dom/cjs/react-dom.development.js:60:7)
      at Object.render (../../../node_modules/react-dom/cjs/react-dom.development.js:29716:5)
      at render (../node_modules/@testing-library/react/dist/pure.js:101:25)
      at act (../../../node_modules/react/cjs/react.development.js:2512:16)
      at actWithWarning (../../../node_modules/react-dom/cjs/react-dom-test-utils.development.js:1740:10)
      at render (../node_modules/@testing-library/react/dist/pure.js:97:24)
      at Object.<anonymous> (components/WorkshopCard.test.tsx:58:11)

    console.error
      Warning: ReactDOM.render is no longer supported in React 18. Use createRoot instead. Until you switch to the new API, your app will behave as if it's running React 17. Learn more: https://reactjs.org/link/switch-to-createroot

      61 |
      62 |   it('should render workshop description', () => {
    > 63 |     render(<WorkshopCard {...defaultProps} />);
         |           ^
      64 |     expect(screen.getByText('A test workshop description')).toBeInTheDocument();
      65 |   });
      66 |

      at printWarning (../../../node_modules/react-dom/cjs/react-dom.development.js:86:30)
      at error (../../../node_modules/react-dom/cjs/react-dom.development.js:60:7)
      at Object.render (../../../node_modules/react-dom/cjs/react-dom.development.js:29716:5)
      at render (../node_modules/@testing-library/react/dist/pure.js:101:25)
      at act (../../../node_modules/react/cjs/react.development.js:2512:16)
      at actWithWarning (../../../node_modules/react-dom/cjs/react-dom-test-utils.development.js:1740:10)
      at render (../node_modules/@testing-library/react/dist/pure.js:97:24)
      at Object.<anonymous> (components/WorkshopCard.test.tsx:63:11)

    console.error
      Warning: ReactDOM.render is no longer supported in React 18. Use createRoot instead. Until you switch to the new API, your app will behave as if it's running React 17. Learn more: https://reactjs.org/link/switch-to-createroot

      66 |
      67 |   it('should render vendor chip when provided', () => {
    > 68 |     render(<WorkshopCard {...defaultProps} />);
         |           ^
      69 |     expect(screen.getByText('Test Vendor')).toBeInTheDocument();
      70 |   });
      71 |

      at printWarning (../../../node_modules/react-dom/cjs/react-dom.development.js:86:30)
      at error (../../../node_modules/react-dom/cjs/react-dom.development.js:60:7)
      at Object.render (../../../node_modules/react-dom/cjs/react-dom.development.js:29716:5)
      at render (../node_modules/@testing-library/react/dist/pure.js:101:25)
      at act (../../../node_modules/react/cjs/react.development.js:2512:16)
      at actWithWarning (../../../node_modules/react-dom/cjs/react-dom-test-utils.development.js:1740:10)
      at render (../node_modules/@testing-library/react/dist/pure.js:97:24)
      at Object.<anonymous> (components/WorkshopCard.test.tsx:68:11)

    console.error
      Warning: ReactDOM.render is no longer supported in React 18. Use createRoot instead. Until you switch to the new API, your app will behave as if it's running React 17. Learn more: https://reactjs.org/link/switch-to-createroot

      71 |
      72 |   it('should render difficulty chip when provided', () => {
    > 73 |     render(<WorkshopCard {...defaultProps} />);
         |           ^
      74 |     expect(screen.getByText('Beginner')).toBeInTheDocument();
      75 |   });
      76 |

      at printWarning (../../../node_modules/react-dom/cjs/react-dom.development.js:86:30)
      at error (../../../node_modules/react-dom/cjs/react-dom.development.js:60:7)
      at Object.render (../../../node_modules/react-dom/cjs/react-dom.development.js:29716:5)
      at render (../node_modules/@testing-library/react/dist/pure.js:101:25)
      at act (../../../node_modules/react/cjs/react.development.js:2512:16)
      at actWithWarning (../../../node_modules/react-dom/cjs/react-dom-test-utils.development.js:1740:10)
      at render (../node_modules/@testing-library/react/dist/pure.js:97:24)
      at Object.<anonymous> (components/WorkshopCard.test.tsx:73:11)

    console.error
      Warning: ReactDOM.render is no longer supported in React 18. Use createRoot instead. Until you switch to the new API, your app will behave as if it's running React 17. Learn more: https://reactjs.org/link/switch-to-createroot

      76 |
      77 |   it('should render duration chip when provided', () => {
    > 78 |     render(<WorkshopCard {...defaultProps} />);
         |           ^
      79 |     expect(screen.getByText('30m')).toBeInTheDocument();
      80 |   });
      81 |

      at printWarning (../../../node_modules/react-dom/cjs/react-dom.development.js:86:30)
      at error (../../../node_modules/react-dom/cjs/react-dom.development.js:60:7)
      at Object.render (../../../node_modules/react-dom/cjs/react-dom.development.js:29716:5)
      at render (../node_modules/@testing-library/react/dist/pure.js:101:25)
      at act (../../../node_modules/react/cjs/react.development.js:2512:16)
      at actWithWarning (../../../node_modules/react-dom/cjs/react-dom-test-utils.development.js:1740:10)
      at render (../node_modules/@testing-library/react/dist/pure.js:97:24)
      at Object.<anonymous> (components/WorkshopCard.test.tsx:78:11)

    console.error
      Warning: ReactDOM.render is no longer supported in React 18. Use createRoot instead. Until you switch to the new API, your app will behave as if it's running React 17. Learn more: https://reactjs.org/link/switch-to-createroot

      81 |
      82 |   it('should render tags', () => {
    > 83 |     render(<WorkshopCard {...defaultProps} />);
         |           ^
      84 |     expect(screen.getByText('kubernetes')).toBeInTheDocument();
      85 |     expect(screen.getByText('docker')).toBeInTheDocument();
      86 |   });

      at printWarning (../../../node_modules/react-dom/cjs/react-dom.development.js:86:30)
      at error (../../../node_modules/react-dom/cjs/react-dom.development.js:60:7)
      at Object.render (../../../node_modules/react-dom/cjs/react-dom.development.js:29716:5)
      at render (../node_modules/@testing-library/react/dist/pure.js:101:25)
      at act (../../../node_modules/react/cjs/react.development.js:2512:16)
      at actWithWarning (../../../node_modules/react-dom/cjs/react-dom-test-utils.development.js:1740:10)
      at render (../node_modules/@testing-library/react/dist/pure.js:97:24)
      at Object.<anonymous> (components/WorkshopCard.test.tsx:83:11)

    console.error
      Warning: ReactDOM.render is no longer supported in React 18. Use createRoot instead. Until you switch to the new API, your app will behave as if it's running React 17. Learn more: https://reactjs.org/link/switch-to-createroot

      87 |
      88 |   it('should display available capacity', () => {
    > 89 |     render(<WorkshopCard {...defaultProps} />);
         |           ^
      90 |     expect(screen.getByText('Available: 7 / 10')).toBeInTheDocument();
      91 |   });
      92 |

      at printWarning (../../../node_modules/react-dom/cjs/react-dom.development.js:86:30)
      at error (../../../node_modules/react-dom/cjs/react-dom.development.js:60:7)
      at Object.render (../../../node_modules/react-dom/cjs/react-dom.development.js:29716:5)
      at render (../node_modules/@testing-library/react/dist/pure.js:101:25)
      at act (../../../node_modules/react/cjs/react.development.js:2512:16)
      at actWithWarning (../../../node_modules/react-dom/cjs/react-dom-test-utils.development.js:1740:10)
      at render (../node_modules/@testing-library/react/dist/pure.js:97:24)
      at Object.<anonymous> (components/WorkshopCard.test.tsx:89:11)

    console.error
      Warning: ReactDOM.render is no longer supported in React 18. Use createRoot instead. Until you switch to the new API, your app will behave as if it's running React 17. Learn more: https://reactjs.org/link/switch-to-createroot

      92 |
      93 |   it('should render start button', () => {
    > 94 |     render(<WorkshopCard {...defaultProps} />);
         |           ^
      95 |     expect(screen.getByRole('button', { name: /start workshop/i })).toBeInTheDocument();
      96 |   });
      97 |

      at printWarning (../../../node_modules/react-dom/cjs/react-dom.development.js:86:30)
      at error (../../../node_modules/react-dom/cjs/react-dom.development.js:60:7)
      at Object.render (../../../node_modules/react-dom/cjs/react-dom.development.js:29716:5)
      at render (../node_modules/@testing-library/react/dist/pure.js:101:25)
      at act (../../../node_modules/react/cjs/react.development.js:2512:16)
      at actWithWarning (../../../node_modules/react-dom/cjs/react-dom-test-utils.development.js:1740:10)
      at render (../node_modules/@testing-library/react/dist/pure.js:97:24)
      at Object.<anonymous> (components/WorkshopCard.test.tsx:94:11)

    console.error
      Warning: ReactDOM.render is no longer supported in React 18. Use createRoot instead. Until you switch to the new API, your app will behave as if it's running React 17. Learn more: https://reactjs.org/link/switch-to-createroot

       98 |   it('should call onStartWorkshop when button clicked', () => {
       99 |     const onStartWorkshop = jest.fn();
    > 100 |     render(<WorkshopCard {...defaultProps} onStartWorkshop={onStartWorkshop} />);
          |           ^
      101 |     
      102 |     const button = screen.getByRole('button', { name: /start workshop/i });
      103 |     fireEvent.click(button);

      at printWarning (../../../node_modules/react-dom/cjs/react-dom.development.js:86:30)
      at error (../../../node_modules/react-dom/cjs/react-dom.development.js:60:7)
      at Object.render (../../../node_modules/react-dom/cjs/react-dom.development.js:29716:5)
      at render (../node_modules/@testing-library/react/dist/pure.js:101:25)
      at act (../../../node_modules/react/cjs/react.development.js:2512:16)
      at actWithWarning (../../../node_modules/react-dom/cjs/react-dom-test-utils.development.js:1740:10)
      at render (../node_modules/@testing-library/react/dist/pure.js:97:24)
      at Object.<anonymous> (components/WorkshopCard.test.tsx:100:11)

    console.error
      Warning: ReactDOM.render is no longer supported in React 18. Use createRoot instead. Until you switch to the new API, your app will behave as if it's running React 17. Learn more: https://reactjs.org/link/switch-to-createroot

      111 |       environment: { capacity: 5, allocated: 5 },
      112 |     };
    > 113 |     render(<WorkshopCard {...defaultProps} workshop={workshopNoCapacity} />);
          |           ^
      114 |     
      115 |     const button = screen.getByRole('button', { name: /start workshop/i });
      116 |     expect(button).toBeDisabled();

      at printWarning (../../../node_modules/react-dom/cjs/react-dom.development.js:86:30)
      at error (../../../node_modules/react-dom/cjs/react-dom.development.js:60:7)
      at Object.render (../../../node_modules/react-dom/cjs/react-dom.development.js:29716:5)
      at render (../node_modules/@testing-library/react/dist/pure.js:101:25)
      at act (../../../node_modules/react/cjs/react.development.js:2512:16)
      at actWithWarning (../../../node_modules/react-dom/cjs/react-dom-test-utils.development.js:1740:10)
      at render (../node_modules/@testing-library/react/dist/pure.js:97:24)
      at Object.<anonymous> (components/WorkshopCard.test.tsx:113:11)

    console.error
      Warning: ReactDOM.render is no longer supported in React 18. Use createRoot instead. Until you switch to the new API, your app will behave as if it's running React 17. Learn more: https://reactjs.org/link/switch-to-createroot

      119 |   it('should not render vendor chip when not provided', () => {
      120 |     const workshopNoVendor = { ...mockWorkshop, vendor: undefined };
    > 121 |     render(<WorkshopCard {...defaultProps} workshop={workshopNoVendor} />);
          |           ^
      122 |     
      123 |     expect(screen.queryByText('Test Vendor')).not.toBeInTheDocument();
      124 |   });

      at printWarning (../../../node_modules/react-dom/cjs/react-dom.development.js:86:30)
      at error (../../../node_modules/react-dom/cjs/react-dom.development.js:60:7)
      at Object.render (../../../node_modules/react-dom/cjs/react-dom.development.js:29716:5)
      at render (../node_modules/@testing-library/react/dist/pure.js:101:25)
      at act (../../../node_modules/react/cjs/react.development.js:2512:16)
      at actWithWarning (../../../node_modules/react-dom/cjs/react-dom-test-utils.development.js:1740:10)
      at render (../node_modules/@testing-library/react/dist/pure.js:97:24)
      at Object.<anonymous> (components/WorkshopCard.test.tsx:121:11)

    console.error
      Warning: ReactDOM.render is no longer supported in React 18. Use createRoot instead. Until you switch to the new API, your app will behave as if it's running React 17. Learn more: https://reactjs.org/link/switch-to-createroot

      126 |   it('should not render difficulty chip when not provided', () => {
      127 |     const workshopNoDifficulty = { ...mockWorkshop, difficulty: undefined };
    > 128 |     render(<WorkshopCard {...defaultProps} workshop={workshopNoDifficulty} />);
          |           ^
      129 |     
      130 |     expect(screen.queryByText('Beginner')).not.toBeInTheDocument();
      131 |   });

      at printWarning (../../../node_modules/react-dom/cjs/react-dom.development.js:86:30)
      at error (../../../node_modules/react-dom/cjs/react-dom.development.js:60:7)
      at Object.render (../../../node_modules/react-dom/cjs/react-dom.development.js:29716:5)
      at render (../node_modules/@testing-library/react/dist/pure.js:101:25)
      at act (../../../node_modules/react/cjs/react.development.js:2512:16)
      at actWithWarning (../../../node_modules/react-dom/cjs/react-dom-test-utils.development.js:1740:10)
      at render (../node_modules/@testing-library/react/dist/pure.js:97:24)
      at Object.<anonymous> (components/WorkshopCard.test.tsx:128:11)

    console.error
      Warning: ReactDOM.render is no longer supported in React 18. Use createRoot instead. Until you switch to the new API, your app will behave as if it's running React 17. Learn more: https://reactjs.org/link/switch-to-createroot

      133 |   it('should not render tags section when empty', () => {
      134 |     const workshopNoTags = { ...mockWorkshop, tags: [] };
    > 135 |     render(<WorkshopCard {...defaultProps} workshop={workshopNoTags} />);
          |           ^
      136 |     
      137 |     expect(screen.queryByText('kubernetes')).not.toBeInTheDocument();
      138 |     expect(screen.queryByText('docker')).not.toBeInTheDocument();

      at printWarning (../../../node_modules/react-dom/cjs/react-dom.development.js:86:30)
      at error (../../../node_modules/react-dom/cjs/react-dom.development.js:60:7)
      at Object.render (../../../node_modules/react-dom/cjs/react-dom.development.js:29716:5)
      at render (../node_modules/@testing-library/react/dist/pure.js:101:25)
      at act (../../../node_modules/react/cjs/react.development.js:2512:16)
      at actWithWarning (../../../node_modules/react-dom/cjs/react-dom-test-utils.development.js:1740:10)
      at render (../node_modules/@testing-library/react/dist/pure.js:97:24)
      at Object.<anonymous> (components/WorkshopCard.test.tsx:135:11)

    console.error
      Warning: ReactDOM.render is no longer supported in React 18. Use createRoot instead. Until you switch to the new API, your app will behave as if it's running React 17. Learn more: https://reactjs.org/link/switch-to-createroot

      144 |       usePermission.mockReturnValue({ allowed: true, loading: false });
      145 |       
    > 146 |       render(<WorkshopCard {...defaultProps} enablePermissions />);
          |             ^
      147 |       
      148 |       const button = screen.getByRole('button', { name: /start workshop/i });
      149 |       expect(button).not.toBeDisabled();

      at printWarning (../../../node_modules/react-dom/cjs/react-dom.development.js:86:30)
      at error (../../../node_modules/react-dom/cjs/react-dom.development.js:60:7)
      at Object.render (../../../node_modules/react-dom/cjs/react-dom.development.js:29716:5)
      at render (../node_modules/@testing-library/react/dist/pure.js:101:25)
      at act (../../../node_modules/react/cjs/react.development.js:2512:16)
      at actWithWarning (../../../node_modules/react-dom/cjs/react-dom-test-utils.development.js:1740:10)
      at render (../node_modules/@testing-library/react/dist/pure.js:97:24)
      at Object.<anonymous> (components/WorkshopCard.test.tsx:146:13)

    console.error
      Warning: ReactDOM.render is no longer supported in React 18. Use createRoot instead. Until you switch to the new API, your app will behave as if it's running React 17. Learn more: https://reactjs.org/link/switch-to-createroot

      154 |       usePermission.mockReturnValue({ allowed: false, loading: false });
      155 |       
    > 156 |       render(<WorkshopCard {...defaultProps} enablePermissions />);
          |             ^
      157 |       
      158 |       const button = screen.getByRole('button', { name: /start workshop/i });
      159 |       expect(button).toBeDisabled();

      at printWarning (../../../node_modules/react-dom/cjs/react-dom.development.js:86:30)
      at error (../../../node_modules/react-dom/cjs/react-dom.development.js:60:7)
      at Object.render (../../../node_modules/react-dom/cjs/react-dom.development.js:29716:5)
      at render (../node_modules/@testing-library/react/dist/pure.js:101:25)
      at act (../../../node_modules/react/cjs/react.development.js:2512:16)
      at actWithWarning (../../../node_modules/react-dom/cjs/react-dom-test-utils.development.js:1740:10)
      at render (../node_modules/@testing-library/react/dist/pure.js:97:24)
      at Object.<anonymous> (components/WorkshopCard.test.tsx:156:13)

    console.error
      Warning: ReactDOM.render is no longer supported in React 18. Use createRoot instead. Until you switch to the new API, your app will behave as if it's running React 17. Learn more: https://reactjs.org/link/switch-to-createroot

      164 |       usePermission.mockReturnValue({ allowed: false, loading: true });
      165 |       
    > 166 |       render(<WorkshopCard {...defaultProps} enablePermissions />);
          |             ^
      167 |       
      168 |       // Should not show the start button when loading
      169 |       expect(screen.queryByRole('button', { name: /start workshop/i })).not.toBeInTheDocument();

      at printWarning (../../../node_modules/react-dom/cjs/react-dom.development.js:86:30)
      at error (../../../node_modules/react-dom/cjs/react-dom.development.js:60:7)
      at Object.render (../../../node_modules/react-dom/cjs/react-dom.development.js:29716:5)
      at render (../node_modules/@testing-library/react/dist/pure.js:101:25)
      at act (../../../node_modules/react/cjs/react.development.js:2512:16)
      at actWithWarning (../../../node_modules/react-dom/cjs/react-dom-test-utils.development.js:1740:10)
      at render (../node_modules/@testing-library/react/dist/pure.js:97:24)
      at Object.<anonymous> (components/WorkshopCard.test.tsx:166:13)

PASS @terasky/backstage-plugin-vcf-automation plugins/vcf-automation/src/components/VCFAutomationVSphereVMOverview.test.tsx
PASS @terasky/backstage-plugin-kubernetes-ingestor plugins/kubernetes-ingestor/src/providers/EntityProvider.test.ts
PASS @terasky/backstage-plugin-kro-resources-backend plugins/kro-resources-backend/src/actions.test.ts
PASS @terasky/backstage-plugin-ai-rules-backend plugins/ai-rules-plugin-backend/src/service/AiRulesService.test.ts
PASS @terasky/backstage-plugin-gitops-manifest-updater plugins/gitops-manifest-updater/src/components/GitOpsManifestUpdaterField.test.tsx
(node:323447) Warning: Setting the NODE_TLS_REJECT_UNAUTHORIZED environment variable to '0' makes TLS connections and HTTPS requests insecure by disabling certificate verification.
(Use `node --trace-warnings ...` to show where the warning was created)
PASS @terasky/backstage-plugin-ai-rules-backend plugins/ai-rules-plugin-backend/src/service/router.test.ts
PASS @terasky/backstage-plugin-spectrocloud-cluster-provider plugins/spectrocloud-cluster-provider/src/client/SpectroCloudClient.test.ts
PASS @terasky/backstage-plugin-educates-backend plugins/educates-backend/src/actions.test.ts
PASS @terasky/backstage-plugin-vcf-automation plugins/vcf-automation/src/components/VCFAutomationVMPowerManagement.test.tsx
PASS @terasky/backstage-plugin-ai-rules-backend plugins/ai-rules-plugin-backend/src/service/MCPService.test.ts
PASS @terasky/backstage-plugin-kro-resources-backend plugins/kro-resources-backend/src/service/KubernetesService.test.ts
PASS @terasky/backstage-plugin-educates plugins/educates/src/components/EducatesPage.test.tsx
PASS @terasky/backstage-plugin-spectrocloud-backend plugins/spectrocloud-backend/src/providers/SpectroCloudEntityProvider.test.ts
PASS @terasky/backstage-plugin-spectrocloud-backend plugins/spectrocloud-backend/src/actions.test.ts
  ● Console

    console.warn
      Permission check failed: Error: Permission service unavailable

      51 |       }
      52 |       // Log but don't block on permission check failures when service is unavailable
    > 53 |       console.warn(`Permission check failed: ${error}`);
         |               ^
      54 |     }
      55 |   }
      56 |

      at warn (actions.ts:53:15)
      at Object.action (actions.ts:149:7)
      at Object.<anonymous> (actions.test.ts:500:7)

PASS @terasky/backstage-plugin-educates-backend plugins/educates-backend/src/service/router.test.ts
PASS @terasky/backstage-plugin-vcf-automation-ingestor plugins/vcf-automation-ingestor/src/module.test.ts
PASS @terasky/backstage-plugin-vcf-operations plugins/vcf-operations/src/components/MetricChart.test.tsx
PASS @terasky/backstage-plugin-kro-resources-frontend plugins/kro-resources/src/components/isKroAvailable.test.tsx
PASS @terasky/backstage-plugin-kro-resources-backend plugins/kro-resources-backend/src/service/router.test.ts
PASS @terasky/backstage-plugin-vcf-automation plugins/vcf-automation/src/plugin.test.ts
PASS @terasky/backstage-plugin-vcf-automation plugins/vcf-automation/src/api/VcfAutomationClient.test.ts
PASS @terasky/backstage-plugin-educates-backend plugins/educates-backend/src/service/EducatesService.test.ts
PASS @terasky/backstage-plugin-scaleops-backend plugins/scaleops-backend/src/service/router.test.ts
PASS @terasky/backstage-plugin-crossplane-resources-backend plugins/crossplane-resources-backend/src/service/router.test.ts
PASS @terasky/backstage-plugin-crossplane-resources-backend plugins/crossplane-resources-backend/src/plugin.test.ts
PASS @terasky/backstage-plugin-kro-resources-frontend plugins/kro-resources/src/plugin.test.ts
PASS @terasky/backstage-plugin-vcf-automation-backend plugins/vcf-automation-backend/src/plugin.test.ts
PASS @terasky/backstage-plugin-kro-resources-backend plugins/kro-resources-backend/src/plugin.test.ts
PASS @terasky/backstage-plugin-kyverno-policy-reports plugins/kyverno-policy-reports/src/api/KyvernoApi.test.ts
PASS @terasky/backstage-plugin-ai-rules plugins/ai-rules-plugin/src/hooks/useMCPServers.test.ts
  ● Console

    console.error
      Warning: An update to TestComponent inside a test was not wrapped in act(...).
      
      When testing, code that causes React state updates should be wrapped into act(...):
      
      act(() => {
        /* fire events that update state */
      });
      /* assert on the output */
      
      This ensures that you're testing the behavior the user would see in the browser. Learn more at https://reactjs.org/link/wrap-tests-with-act
          at renderCallbackProps (/home/vrabbi/projects/backstage/backstage-plugins/node_modules/@testing-library/react/dist/pure.js:307:5)

      23 |
      24 |     try {
    > 25 |       setLoading(true);
         |       ^
      26 |       setError(undefined);
      27 |       // Clean up the Git URL - remove url: prefix and /tree/main/ or /tree/master/
      28 |       const gitUrl = sourceLocation

      at printWarning (../../../node_modules/react-dom/cjs/react-dom.development.js:86:30)
      at error (../../../node_modules/react-dom/cjs/react-dom.development.js:60:7)
      at warnIfUpdatesNotWrappedWithActDEV (../../../node_modules/react-dom/cjs/react-dom.development.js:27628:9)
      at scheduleUpdateOnFiber (../../../node_modules/react-dom/cjs/react-dom.development.js:25547:5)
      at dispatchSetState (../../../node_modules/react-dom/cjs/react-dom.development.js:16708:7)
      at Object.setLoading [as refetch] (hooks/useMCPServers.ts:25:7)
      at Object.refetch (hooks/useMCPServers.test.ts:176:26)

    console.error
      Warning: An update to TestComponent inside a test was not wrapped in act(...).
      
      When testing, code that causes React state updates should be wrapped into act(...):
      
      act(() => {
        /* fire events that update state */
      });
      /* assert on the output */
      
      This ensures that you're testing the behavior the user would see in the browser. Learn more at https://reactjs.org/link/wrap-tests-with-act
          at renderCallbackProps (/home/vrabbi/projects/backstage/backstage-plugins/node_modules/@testing-library/react/dist/pure.js:307:5)

      24 |     try {
      25 |       setLoading(true);
    > 26 |       setError(undefined);
         |       ^
      27 |       // Clean up the Git URL - remove url: prefix and /tree/main/ or /tree/master/
      28 |       const gitUrl = sourceLocation
      29 |         .replace('url:', '')

      at printWarning (../../../node_modules/react-dom/cjs/react-dom.development.js:86:30)
      at error (../../../node_modules/react-dom/cjs/react-dom.development.js:60:7)
      at warnIfUpdatesNotWrappedWithActDEV (../../../node_modules/react-dom/cjs/react-dom.development.js:27628:9)
      at scheduleUpdateOnFiber (../../../node_modules/react-dom/cjs/react-dom.development.js:25547:5)
      at dispatchSetState (../../../node_modules/react-dom/cjs/react-dom.development.js:16708:7)
      at Object.setError [as refetch] (hooks/useMCPServers.ts:26:7)
      at Object.refetch (hooks/useMCPServers.test.ts:176:26)

    console.error
      Warning: An update to TestComponent inside a test was not wrapped in act(...).
      
      When testing, code that causes React state updates should be wrapped into act(...):
      
      act(() => {
        /* fire events that update state */
      });
      /* assert on the output */
      
      This ensures that you're testing the behavior the user would see in the browser. Learn more at https://reactjs.org/link/wrap-tests-with-act
          at renderCallbackProps (/home/vrabbi/projects/backstage/backstage-plugins/node_modules/@testing-library/react/dist/pure.js:307:5)

      30 |         .replace(/\/tree\/(?:main|master)\/.*$/, '');
      31 |       const response = await api.getMCPServers(gitUrl);
    > 32 |       setServers(response.servers);
         |       ^
      33 |     } catch (err) {
      34 |       setError((err as Error).message);
      35 |     } finally {

      at printWarning (../../../node_modules/react-dom/cjs/react-dom.development.js:86:30)
      at error (../../../node_modules/react-dom/cjs/react-dom.development.js:60:7)
      at warnIfUpdatesNotWrappedWithActDEV (../../../node_modules/react-dom/cjs/react-dom.development.js:27628:9)
      at scheduleUpdateOnFiber (../../../node_modules/react-dom/cjs/react-dom.development.js:25547:5)
      at dispatchSetState (../../../node_modules/react-dom/cjs/react-dom.development.js:16708:7)
      at Object.setServers [as refetch] (hooks/useMCPServers.ts:32:7)
      at Object.<anonymous> (hooks/useMCPServers.test.ts:176:5)

    console.error
      Warning: An update to TestComponent inside a test was not wrapped in act(...).
      
      When testing, code that causes React state updates should be wrapped into act(...):
      
      act(() => {
        /* fire events that update state */
      });
      /* assert on the output */
      
      This ensures that you're testing the behavior the user would see in the browser. Learn more at https://reactjs.org/link/wrap-tests-with-act
          at renderCallbackProps (/home/vrabbi/projects/backstage/backstage-plugins/node_modules/@testing-library/react/dist/pure.js:307:5)

      34 |       setError((err as Error).message);
      35 |     } finally {
    > 36 |       setLoading(false);
         |       ^
      37 |     }
      38 |   }, [api, sourceLocation]);
      39 |

      at printWarning (../../../node_modules/react-dom/cjs/react-dom.development.js:86:30)
      at error (../../../node_modules/react-dom/cjs/react-dom.development.js:60:7)
      at warnIfUpdatesNotWrappedWithActDEV (../../../node_modules/react-dom/cjs/react-dom.development.js:27628:9)
      at scheduleUpdateOnFiber (../../../node_modules/react-dom/cjs/react-dom.development.js:25547:5)
      at dispatchSetState (../../../node_modules/react-dom/cjs/react-dom.development.js:16708:7)
      at Object.setLoading [as refetch] (hooks/useMCPServers.ts:36:7)
      at Object.<anonymous> (hooks/useMCPServers.test.ts:176:5)

PASS @terasky/backstage-plugin-kro-resources-frontend plugins/kro-resources/src/api/KroApi.test.ts
PASS @terasky/backstage-plugin-spectrocloud-backend plugins/spectrocloud-backend/src/plugin.test.ts
PASS @terasky/backstage-plugin-spectrocloud-cluster-provider plugins/spectrocloud-cluster-provider/src/supplier/SpectroCloudClusterSupplier.test.ts
PASS @terasky/backstage-plugin-educates-backend plugins/educates-backend/src/conditions.test.ts
PASS @terasky/backstage-plugin-scaleops-backend plugins/scaleops-backend/src/plugin.test.ts
PASS @terasky/backstage-plugin-scaleops-backend plugins/scaleops-backend/src/actions.test.ts
PASS @terasky/backstage-plugin-educates-backend plugins/educates-backend/src/plugin.test.ts
PASS @terasky/backstage-plugin-educates plugins/educates/src/api/EducatesClient.test.ts
PASS @terasky/backstage-plugin-educates-backend plugins/educates-backend/src/rules.test.ts
PASS @terasky/backstage-plugin-vcf-operations plugins/vcf-operations/src/components/NotImplementedMessage.test.tsx
  ● Console

    console.error
      Warning: `ReactDOMTestUtils.act` is deprecated in favor of `React.act`. Import `act` from `react` instead of `react-dom/test-utils`. See https://react.dev/warnings/react-dom-test-utils for more info.

      15 | describe('NotImplementedMessage', () => {
      16 |   it('should render the component with entity type', () => {
    > 17 |     render(
         |           ^
      18 |       <NotImplementedMessage
      19 |         entityType="Virtual Machine"
      20 |         reason="VM metrics require additional configuration"

      at printWarning (../../../node_modules/react-dom/cjs/react-dom-test-utils.development.js:71:30)
      at error (../../../node_modules/react-dom/cjs/react-dom-test-utils.development.js:45:7)
      at actWithWarning (../../../node_modules/react-dom/cjs/react-dom-test-utils.development.js:1736:7)
      at render (../../educates/node_modules/@testing-library/react/dist/pure.js:97:24)
      at Object.<anonymous> (components/NotImplementedMessage.test.tsx:17:11)

    console.error
      Warning: ReactDOM.render is no longer supported in React 18. Use createRoot instead. Until you switch to the new API, your app will behave as if it's running React 17. Learn more: https://reactjs.org/link/switch-to-createroot

      15 | describe('NotImplementedMessage', () => {
      16 |   it('should render the component with entity type', () => {
    > 17 |     render(
         |           ^
      18 |       <NotImplementedMessage
      19 |         entityType="Virtual Machine"
      20 |         reason="VM metrics require additional configuration"

      at printWarning (../../../node_modules/react-dom/cjs/react-dom.development.js:86:30)
      at error (../../../node_modules/react-dom/cjs/react-dom.development.js:60:7)
      at Object.render (../../../node_modules/react-dom/cjs/react-dom.development.js:29716:5)
      at render (../../educates/node_modules/@testing-library/react/dist/pure.js:101:25)
      at act (../../../node_modules/react/cjs/react.development.js:2512:16)
      at actWithWarning (../../../node_modules/react-dom/cjs/react-dom-test-utils.development.js:1740:10)
      at render (../../educates/node_modules/@testing-library/react/dist/pure.js:97:24)
      at Object.<anonymous> (components/NotImplementedMessage.test.tsx:17:11)

    console.error
      Warning: unmountComponentAtNode is deprecated and will be removed in the next major release. Switch to the createRoot API. Learn more: https://reactjs.org/link/switch-to-createroot

      at printWarning (../../../node_modules/react-dom/cjs/react-dom.development.js:86:30)
      at error (../../../node_modules/react-dom/cjs/react-dom.development.js:60:7)
      at Object.unmountComponentAtNode (../../../node_modules/react-dom/cjs/react-dom.development.js:29754:7)
      at unmountComponentAtNode (../../educates/node_modules/@testing-library/react/dist/pure.js:144:23)
      at act (../../../node_modules/react/cjs/react.development.js:2512:16)
      at actWithWarning (../../../node_modules/react-dom/cjs/react-dom-test-utils.development.js:1740:10)
      at cleanupAtContainer (../../educates/node_modules/@testing-library/react/dist/pure.js:143:24)
          at Set.forEach (<anonymous>)
      at forEach (../../educates/node_modules/@testing-library/react/dist/pure.js:137:21)
      at Object.<anonymous> (../../educates/node_modules/@testing-library/react/dist/index.js:33:23)

    console.error
      Warning: ReactDOM.render is no longer supported in React 18. Use createRoot instead. Until you switch to the new API, your app will behave as if it's running React 17. Learn more: https://reactjs.org/link/switch-to-createroot

      28 |
      29 |   it('should render entity kind when provided', () => {
    > 30 |     render(
         |           ^
      31 |       <NotImplementedMessage
      32 |         entityType="Resource"
      33 |         entityKind="StatefulSet"

      at printWarning (../../../node_modules/react-dom/cjs/react-dom.development.js:86:30)
      at error (../../../node_modules/react-dom/cjs/react-dom.development.js:60:7)
      at Object.render (../../../node_modules/react-dom/cjs/react-dom.development.js:29716:5)
      at render (../../educates/node_modules/@testing-library/react/dist/pure.js:101:25)
      at act (../../../node_modules/react/cjs/react.development.js:2512:16)
      at actWithWarning (../../../node_modules/react-dom/cjs/react-dom-test-utils.development.js:1740:10)
      at render (../../educates/node_modules/@testing-library/react/dist/pure.js:97:24)
      at Object.<anonymous> (components/NotImplementedMessage.test.tsx:30:11)

    console.error
      Warning: ReactDOM.render is no longer supported in React 18. Use createRoot instead. Until you switch to the new API, your app will behave as if it's running React 17. Learn more: https://reactjs.org/link/switch-to-createroot

      40 |
      41 |   it('should display Coming Soon chip', () => {
    > 42 |     render(
         |           ^
      43 |       <NotImplementedMessage
      44 |         entityType="Test"
      45 |         reason="Test reason"

      at printWarning (../../../node_modules/react-dom/cjs/react-dom.development.js:86:30)
      at error (../../../node_modules/react-dom/cjs/react-dom.development.js:60:7)
      at Object.render (../../../node_modules/react-dom/cjs/react-dom.development.js:29716:5)
      at render (../../educates/node_modules/@testing-library/react/dist/pure.js:101:25)
      at act (../../../node_modules/react/cjs/react.development.js:2512:16)
      at actWithWarning (../../../node_modules/react-dom/cjs/react-dom-test-utils.development.js:1740:10)
      at render (../../educates/node_modules/@testing-library/react/dist/pure.js:97:24)
      at Object.<anonymous> (components/NotImplementedMessage.test.tsx:42:11)

    console.error
      Warning: ReactDOM.render is no longer supported in React 18. Use createRoot instead. Until you switch to the new API, your app will behave as if it's running React 17. Learn more: https://reactjs.org/link/switch-to-createroot

      51 |
      52 |   it('should display Feature In Development title', () => {
    > 53 |     render(
         |           ^
      54 |       <NotImplementedMessage
      55 |         entityType="Test"
      56 |         reason="Test reason"

      at printWarning (../../../node_modules/react-dom/cjs/react-dom.development.js:86:30)
      at error (../../../node_modules/react-dom/cjs/react-dom.development.js:60:7)
      at Object.render (../../../node_modules/react-dom/cjs/react-dom.development.js:29716:5)
      at render (../../educates/node_modules/@testing-library/react/dist/pure.js:101:25)
      at act (../../../node_modules/react/cjs/react.development.js:2512:16)
      at actWithWarning (../../../node_modules/react-dom/cjs/react-dom-test-utils.development.js:1740:10)
      at render (../../educates/node_modules/@testing-library/react/dist/pure.js:97:24)
      at Object.<anonymous> (components/NotImplementedMessage.test.tsx:53:11)

PASS @terasky/backstage-plugin-devpod plugins/devpod-plugin/src/hooks/useDevpod.test.tsx
PASS @terasky/backstage-plugin-educates plugins/educates/src/plugin.test.ts
PASS @terasky/backstage-plugin-spectrocloud-common plugins/spectrocloud-common/src/index.test.ts
PASS @terasky/backstage-plugin-vcf-automation-common plugins/vcf-automation-common/src/index.test.ts
PASS @terasky/backstage-plugin-kyverno-policy-reports-backend plugins/kyverno-policy-reports-backend/src/plugin.test.ts
PASS @terasky/plugin-scaffolder-mcp-backend plugins/scaffolder-mcp-backend/src/plugin.test.ts
PASS @terasky/backstage-plugin-kyverno-policy-reports-backend plugins/kyverno-policy-reports-backend/src/permissions.test.ts
PASS @terasky/backstage-plugin-ai-rules-backend plugins/ai-rules-plugin-backend/src/plugin.test.ts
PASS @terasky/backstage-plugin-spectrocloud plugins/spectrocloud/src/components/PermissionGuards.test.tsx
PASS @terasky/backstage-plugin-ai-rules-backend plugins/ai-rules-plugin-backend/src/service/actions.test.ts
PASS @terasky/backstage-plugin-spectrocloud-cluster-provider plugins/spectrocloud-cluster-provider/src/runPeriodically.test.ts
PASS @terasky/backstage-plugin-spectrocloud-cluster-provider plugins/spectrocloud-cluster-provider/src/module.test.ts
PASS @terasky/backstage-plugin-devpod plugins/devpod-plugin/src/components/VisuallyHidden/VisuallyHidden.test.tsx
PASS @terasky/backstage-plugin-vcf-automation-backend plugins/vcf-automation-backend/src/actions.test.ts
PASS @terasky/backstage-plugin-vcf-operations-common plugins/vcf-operations-common/src/index.test.ts
PASS @terasky/backstage-plugin-kro-common plugins/kro-common/src/index.test.ts
PASS @terasky/backstage-plugin-crossplane-common plugins/crossplane-common/src/index.test.ts
PASS @terasky/backstage-plugin-kubernetes-resources-permissions-backend plugins/kubernetes-resources-permissions-backend/src/plugin.test.ts
PASS @terasky/backstage-plugin-vcf-operations plugins/vcf-operations/src/api/VcfOperationsClient.test.ts
PASS @terasky/plugin-rbac-mcp-backend plugins/rbac-mcp-backend/src/plugin.test.ts
PASS @terasky/backstage-plugin-spectrocloud plugins/spectrocloud/src/api/SpectroCloudApi.test.ts
PASS @terasky/backstage-plugin-catalog-mcp-backend plugins/catalog-mcp-backend/src/actions.test.ts
PASS @terasky/backstage-plugin-vcf-operations-backend plugins/vcf-operations-backend/src/plugin.test.ts
FAIL @terasky/backstage-plugin-crossplane-resources-frontend plugins/crossplane-resources/src/components/CrossplaneV2ResourceGraph.test.tsx
  ● Test suite failed to run

    Cannot find module 'reactflow' from '../../crossplane-resources/src/components/CrossplaneV2ResourceGraph.test.tsx'

      16 | }));
      17 |
    > 18 | jest.mock('reactflow', () => ({
         |      ^
      19 |   ReactFlowProvider: ({ children }: { children: React.ReactNode }) => <div>{children}</div>,
      20 |   default: () => <div data-testid="react-flow" />,
      21 |   Background: () => null,

      at Resolver._throwModNotFoundError (../../../node_modules/jest-resolve/build/resolver.js:427:11)
      at Object.mock (components/CrossplaneV2ResourceGraph.test.tsx:18:6)

FAIL @terasky/backstage-plugin-crossplane-resources-frontend plugins/crossplane-resources/src/components/CrossplaneV1ResourceGraph.test.tsx
  ● Test suite failed to run

    Cannot find module 'reactflow' from '../../crossplane-resources/src/components/CrossplaneV1ResourceGraph.test.tsx'

      16 | }));
      17 |
    > 18 | jest.mock('reactflow', () => ({
         |      ^
      19 |   ReactFlowProvider: ({ children }: { children: React.ReactNode }) => <div>{children}</div>,
      20 |   default: () => <div data-testid="react-flow" />,
      21 |   Background: () => null,

      at Resolver._throwModNotFoundError (../../../node_modules/jest-resolve/build/resolver.js:427:11)
      at Object.mock (components/CrossplaneV1ResourceGraph.test.tsx:18:6)

PASS @terasky/backstage-plugin-vcf-operations plugins/vcf-operations/src/plugin.test.ts
PASS @terasky/backstage-plugin-vcf-operations-backend plugins/vcf-operations-backend/src/actions.test.ts
PASS @terasky/backstage-plugin-scaffolder-backend-module-terasky-utils plugins/scaffolder-backend-module-terasky-utils/src/actions/catalog-info-cleaner.test.ts
PASS @terasky/backstage-plugin-scaffolder-backend-module-terasky-utils plugins/scaffolder-backend-module-terasky-utils/src/actions/crd-templating.test.ts
PASS @terasky/backstage-plugin-scaffolder-backend-module-terasky-utils plugins/scaffolder-backend-module-terasky-utils/src/module.test.ts
PASS @terasky/backstage-plugin-scaffolder-backend-module-terasky-utils plugins/scaffolder-backend-module-terasky-utils/src/actions/claim-templating.test.ts
PASS @terasky/backstage-plugin-kyverno-policy-reports-backend plugins/kyverno-policy-reports-backend/src/actions.test.ts
PASS @terasky/backstage-plugin-vcf-automation-backend plugins/vcf-automation-backend/src/services/VcfAutomationService.test.ts (8.949 s)
PASS @terasky/backstage-plugin-kyverno-policy-reports-backend plugins/kyverno-policy-reports-backend/src/service/router.test.ts
PASS @terasky/backstage-plugin-spectrocloud plugins/spectrocloud/src/components/SpectroCloudClusterCard.test.tsx
PASS @terasky/plugin-rbac-mcp-backend plugins/rbac-mcp-backend/src/actions.test.ts
A worker process has failed to exit gracefully and has been force exited. This is likely caused by tests leaking due to improper teardown. Try running with --detectOpenHandles to find leaks. Active timers can also cause this, ensure that .unref() was called on them.
--------------------------------------------------------------------------|---------|----------|---------|---------|----------------------------------------------------------------------------------------------------------------------------------
File                                                                      | % Stmts | % Branch | % Funcs | % Lines | Uncovered Line #s                                                                                                                
--------------------------------------------------------------------------|---------|----------|---------|---------|----------------------------------------------------------------------------------------------------------------------------------
All files                                                                 |   39.85 |    21.13 |   24.56 |    40.7 |                                                                                                                                  
 packages/app/src                                                         |      88 |      100 |       0 |   86.36 |                                                                                                                                  
  App.tsx                                                                 |     100 |      100 |     100 |     100 |                                                                                                                                  
  index.tsx                                                               |       0 |      100 |     100 |       0 | 6                                                                                                                                
  theme.ts                                                                |   84.61 |      100 |       0 |   81.81 | 358,373                                                                                                                          
 packages/app/src/modules/nav                                             |   87.17 |        0 |       0 |   94.11 |                                                                                                                                  
  LogoFull.tsx                                                            |      75 |      100 |       0 |     100 |                                                                                                                                  
  LogoIcon.tsx                                                            |      75 |      100 |       0 |     100 |                                                                                                                                  
  Sidebar.tsx                                                             |     100 |      100 |     100 |     100 |                                                                                                                                  
  SidebarLogo.tsx                                                         |   66.66 |        0 |       0 |      75 | 26-27                                                                                                                            
  index.ts                                                                |     100 |      100 |     100 |     100 |                                                                                                                                  
 packages/app/src/modules/rootRedirect                                    |     100 |      100 |     100 |     100 |                                                                                                                                  
  index.tsx                                                               |     100 |      100 |     100 |     100 |                                                                                                                                  
 plugins/ai-rules-plugin-backend/src                                      |   57.14 |      100 |       0 |   53.84 |                                                                                                                                  
  plugin.ts                                                               |   57.14 |      100 |       0 |   53.84 | 19-60                                                                                                                            
 plugins/ai-rules-plugin-backend/src/service                              |   87.04 |    71.84 |   86.48 |   87.29 |                                                                                                                                  
  AiRulesService.ts                                                       |   85.78 |    73.13 |   94.73 |   86.17 | 71,115,125,148,158,192,203,233,280-281,327-328,352-353,364-365,380-381,403-404,433-443                                           
  MCPService.ts                                                           |     100 |    77.27 |     100 |     100 | 81-98,126-131                                                                                                                    
  actions.ts                                                              |   63.63 |      100 |   42.85 |   63.63 | 16-20,58-61                                                                                                                      
  router.ts                                                               |   80.95 |    57.14 |     100 |   80.95 | 53-57,81-85                                                                                                                      
 plugins/ai-rules-plugin/src                                              |   38.46 |      100 |       0 |   45.45 |                                                                                                                                  
  alpha.tsx                                                               |       0 |      100 |       0 |       0 | 12-53                                                                                                                            
  plugin.ts                                                               |    42.3 |      100 |       0 |   53.84 | 16-17,26-27,36-37                                                                                                                
  routes.ts                                                               |     100 |      100 |     100 |     100 |                                                                                                                                  
  types.ts                                                                |     100 |      100 |     100 |     100 |                                                                                                                                  
 plugins/ai-rules-plugin/src/api                                          |     100 |       50 |     100 |     100 |                                                                                                                                  
  AiRulesClient.ts                                                        |     100 |       50 |     100 |     100 | 33-34                                                                                                                            
  types.ts                                                                |     100 |      100 |     100 |     100 |                                                                                                                                  
 plugins/ai-rules-plugin/src/components/AiInstructionsComponent           |   53.33 |        0 |       0 |   53.84 |                                                                                                                                  
  AiInstructionsComponent.tsx                                             |   53.33 |        0 |       0 |   53.84 | 18-38,60-64                                                                                                                      
 plugins/ai-rules-plugin/src/components/AiRulesComponent                  |   18.91 |     2.66 |       4 |   19.41 |                                                                                                                                  
  AiRulesComponent.tsx                                                    |   18.51 |     2.66 |       4 |   18.62 | 96,107-138,162,168-216,225-238,242-433,438-584                                                                                   
  index.ts                                                                |   33.33 |      100 |     100 |     100 |                                                                                                                                  
 plugins/ai-rules-plugin/src/components/MCPServersComponent               |   29.03 |        0 |       0 |   27.58 |                                                                                                                                  
  MCPServersComponent.tsx                                                 |   26.66 |        0 |       0 |      25 | 136-262                                                                                                                          
  index.ts                                                                |     100 |      100 |     100 |     100 |                                                                                                                                  
 plugins/ai-rules-plugin/src/hooks                                        |   99.15 |    90.32 |     100 |   99.13 |                                                                                                                                  
  useAiRules.ts                                                           |   98.88 |       90 |     100 |   98.87 | 31                                                                                                                               
  useMCPServers.ts                                                        |     100 |      100 |     100 |     100 |                                                                                                                                  
 plugins/app-module-global-signin-page/src                                |    40.9 |        0 |       0 |   38.09 |                                                                                                                                  
  module.tsx                                                              |    40.9 |        0 |       0 |   38.09 | 92-120                                                                                                                           
 plugins/catalog-mcp-backend/src                                          |      88 |    83.87 |      40 |   87.87 |                                                                                                                                  
  actions.ts                                                              |   89.24 |    83.87 |   44.44 |   89.24 | 51-59,110-124,185-193,254-267,320-335                                                                                            
  plugin.ts                                                               |   71.42 |      100 |       0 |   66.66 | 16-24                                                                                                                            
 plugins/crossplane-common/src                                            |   71.42 |      100 |     100 |     100 |                                                                                                                                  
  index.ts                                                                |    72.5 |      100 |     100 |     100 |                                                                                                                                  
  types.ts                                                                |      50 |      100 |     100 |     100 |                                                                                                                                  
 plugins/crossplane-resources-backend/src                                 |   61.11 |       55 |      50 |      62 |                                                                                                                                  
  actions.ts                                                              |   61.22 |       55 |   57.14 |    62.5 | 65-137,158-163,219,232,268,279-287,333-342,349,360-365,406,425,449                                                               
  plugin.ts                                                               |      60 |      100 |       0 |   57.14 | 19-66                                                                                                                            
 plugins/crossplane-resources-backend/src/service                         |   83.15 |    76.04 |     100 |   83.21 |                                                                                                                                  
  KubernetesService.ts                                                    |   82.53 |    70.83 |     100 |   82.89 | 197-198,342-343,392,472-473,526-617                                                                                              
  router.ts                                                               |   85.71 |    91.66 |     100 |   84.61 | 41-42,61-62,94-95,145-146                                                                                                        
 plugins/crossplane-resources/src                                         |   41.26 |      100 |       0 |   48.38 |                                                                                                                                  
  alpha.tsx                                                               |       0 |      100 |       0 |       0 | 11-51                                                                                                                            
  plugin.ts                                                               |   45.09 |      100 |       0 |   56.52 | 21,31,40,49,59,68,77,87,96,105                                                                                                   
  routes.ts                                                               |     100 |      100 |     100 |     100 |                                                                                                                                  
 plugins/crossplane-resources/src/api                                     |     100 |      100 |     100 |     100 |                                                                                                                                  
  CrossplaneApi.ts                                                        |     100 |      100 |     100 |     100 |                                                                                                                                  
 plugins/crossplane-resources/src/components                              |   11.47 |     1.82 |    3.38 |   11.69 |                                                                                                                                  
  CrossplaneOverviewCardSelector.tsx                                      |      50 |        0 |       0 |   46.66 | 8-18                                                                                                                             
  CrossplaneResourceGraphSelector.tsx                                     |      50 |        0 |       0 |   46.66 | 8-18                                                                                                                             
  CrossplaneResourcesTableSelector.tsx                                    |      50 |        0 |       0 |   46.66 | 8-18                                                                                                                             
  CrossplaneV1OverviewCard.tsx                                            |   74.57 |       20 |   41.66 |   73.21 | 71-98,153-172                                                                                                                    
  CrossplaneV1ResourceGraph.tsx                                           |    7.82 |        0 |       0 |    8.43 | 79-128,139-217,221-482,503-1063                                                                                                  
  CrossplaneV1ResourceTable.tsx                                           |    5.01 |        0 |    0.65 |    5.27 | 61-110,385-2096                                                                                                                  
  CrossplaneV2OverviewCard.tsx                                            |   81.13 |    23.07 |   44.44 |   80.39 | 54-68,122-140                                                                                                                    
  CrossplaneV2ResourceGraph.tsx                                           |    7.79 |        0 |       0 |    8.38 | 79-128,139-217,221-482,503-1060                                                                                                  
  CrossplaneV2ResourceTable.tsx                                           |     4.8 |        0 |    0.63 |    5.06 | 232-281,289-1893                                                                                                                 
  annotationUtils.ts                                                      |   85.71 |      100 |     100 |     100 |                                                                                                                                  
  isCrossplaneAvailable.tsx                                               |   65.85 |    39.28 |      50 |   69.69 | 38-43,47-52                                                                                                                      
 plugins/devpod-plugin/src                                                |   57.14 |      100 |       0 |   66.66 |                                                                                                                                  
  alpha.tsx                                                               |       0 |      100 |       0 |       0 | 8-15                                                                                                                             
  plugin.ts                                                               |   57.14 |      100 |       0 |   71.42 | 15,24                                                                                                                            
  routes.ts                                                               |     100 |      100 |     100 |     100 |                                                                                                                                  
  types.ts                                                                |     100 |      100 |     100 |     100 |                                                                                                                                  
 plugins/devpod-plugin/src/components/DevpodComponent                     |   38.46 |        0 |       0 |   39.13 |                                                                                                                                  
  DevpodComponent.tsx                                                     |   38.46 |        0 |       0 |   39.13 | 12-13,37-67                                                                                                                      
 plugins/devpod-plugin/src/components/DevpodProvider                      |   47.05 |        0 |       0 |   53.33 |                                                                                                                                  
  DevpodProvider.tsx                                                      |   47.05 |        0 |       0 |   53.33 | 13-17,24-27                                                                                                                      
 plugins/devpod-plugin/src/components/VisuallyHidden                      |   76.19 |        0 |      60 |      75 |                                                                                                                                  
  VisuallyHidden.tsx                                                      |      75 |        0 |      60 |   73.68 | 28,32-33,38-39                                                                                                                   
  index.ts                                                                |     100 |      100 |     100 |     100 |                                                                                                                                  
 plugins/devpod-plugin/src/hooks                                          |     100 |      100 |     100 |     100 |                                                                                                                                  
  useDevpod.ts                                                            |     100 |      100 |     100 |     100 |                                                                                                                                  
 plugins/educates-backend/src                                             |   80.58 |       80 |      48 |   78.65 |                                                                                                                                  
  actions.ts                                                              |   84.44 |       75 |   45.45 |   84.09 | 23-24,53-56,107-111,170                                                                                                          
  conditions.ts                                                           |     100 |      100 |     100 |     100 |                                                                                                                                  
  plugin.ts                                                               |   42.85 |      100 |       0 |    42.1 | 23-83                                                                                                                            
  rules.ts                                                                |      96 |      100 |    87.5 |   94.44 | 90                                                                                                                               
 plugins/educates-backend/src/service                                     |   98.67 |    88.88 |     100 |   98.57 |                                                                                                                                  
  EducatesService.ts                                                      |      96 |    71.42 |     100 |   95.55 | 111,133                                                                                                                          
  router.ts                                                               |     100 |      100 |     100 |     100 |                                                                                                                                  
 plugins/educates-common/src                                              |   88.23 |      100 |     100 |     100 |                                                                                                                                  
  index.ts                                                                |     100 |      100 |     100 |     100 |                                                                                                                                  
  permissions.ts                                                          |   86.66 |      100 |     100 |     100 |                                                                                                                                  
 plugins/educates/src                                                     |   43.47 |      100 |       0 |   41.17 |                                                                                                                                  
  alpha.tsx                                                               |       0 |      100 |       0 |       0 | 13-49                                                                                                                            
  plugin.ts                                                               |   63.63 |      100 |       0 |   71.42 | 20,32                                                                                                                            
  routes.ts                                                               |     100 |      100 |     100 |     100 |                                                                                                                                  
 plugins/educates/src/api                                                 |     100 |      100 |     100 |     100 |                                                                                                                                  
  EducatesClient.ts                                                       |     100 |      100 |     100 |     100 |                                                                                                                                  
 plugins/educates/src/components                                          |   54.36 |    59.09 |   25.92 |   56.98 |                                                                                                                                  
  EducatesPage.tsx                                                        |   28.33 |        0 |       0 |   29.62 | 97-265                                                                                                                           
  TrainingPortalHeader.tsx                                                |   83.33 |    81.25 |   66.66 |    87.5 | 75-76                                                                                                                            
  WorkshopCard.tsx                                                        |      96 |      100 |      75 |     100 |                                                                                                                                  
 plugins/entity-scaffolder-content/src                                    |   42.85 |        0 |       0 |   35.29 |                                                                                                                                  
  alpha.tsx                                                               |       0 |        0 |       0 |       0 | 9-79                                                                                                                             
  plugin.ts                                                               |   66.66 |      100 |       0 |   66.66 | 21-22                                                                                                                            
  routes.ts                                                               |     100 |      100 |     100 |     100 |                                                                                                                                  
 plugins/entity-scaffolder-content/src/components                         |   52.17 |        0 |       0 |   52.38 |                                                                                                                                  
  EntityScaffolderContent.tsx                                             |   56.25 |        0 |       0 |   57.14 | 48-75                                                                                                                            
  TemplateListProvider.tsx                                                |   42.85 |      100 |       0 |   42.85 | 9-19                                                                                                                             
 plugins/gitops-manifest-updater/src                                      |   57.14 |        0 |       0 |   54.54 |                                                                                                                                  
  alpha.tsx                                                               |       0 |      100 |       0 |       0 | 5-14                                                                                                                             
  plugin.ts                                                               |      80 |        0 |       0 |      75 | 19-20                                                                                                                            
 plugins/gitops-manifest-updater/src/components                           |   71.42 |        0 |       0 |   66.66 |                                                                                                                                  
  GitOpsManifestUpdaterField.tsx                                          |   71.42 |        0 |       0 |   66.66 | 16-17                                                                                                                            
 plugins/gitops-manifest-updater/src/components/GitOpsManifestUpdaterForm |    7.52 |        0 |     3.7 |    6.52 |                                                                                                                                  
  GitOpsManifestUpdaterForm.tsx                                           |    4.61 |        0 |       0 |    4.54 | 64-125,145-268,304-450,483-640,659-1029                                                                                          
  GitOpsManifestUpdaterSchema.ts                                          |     100 |      100 |     100 |     100 |                                                                                                                                  
  index.ts                                                                |      80 |      100 |     100 |     100 |                                                                                                                                  
 plugins/kro-common/src                                                   |      75 |      100 |     100 |     100 |                                                                                                                                  
  index.ts                                                                |   76.92 |      100 |     100 |     100 |                                                                                                                                  
  types.ts                                                                |      50 |      100 |     100 |     100 |                                                                                                                                  
 plugins/kro-resources-backend/src                                        |   83.69 |    87.75 |   31.25 |   83.51 |                                                                                                                                  
  actions.ts                                                              |   88.31 |    87.75 |   35.71 |   88.31 | 81-103,159-167,248-254                                                                                                           
  plugin.ts                                                               |      60 |      100 |       0 |   57.14 | 20-57                                                                                                                            
 plugins/kro-resources-backend/src/service                                |   86.45 |    60.41 |   94.44 |   86.18 |                                                                                                                                  
  KubernetesService.ts                                                    |   76.66 |    42.62 |    92.3 |   75.86 | 146-170,221,243-244,253-286,292-293                                                                                              
  router.ts                                                               |     100 |    91.42 |     100 |     100 | 71,114,147                                                                                                                       
 plugins/kro-resources/src                                                |   42.42 |      100 |       0 |   47.36 |                                                                                                                                  
  alpha.tsx                                                               |       0 |      100 |       0 |       0 | 12-53                                                                                                                            
  plugin.ts                                                               |   52.38 |      100 |       0 |   63.63 | 21,30,39,48                                                                                                                      
  routes.ts                                                               |     100 |      100 |     100 |     100 |                                                                                                                                  
 plugins/kro-resources/src/api                                            |     100 |      100 |     100 |     100 |                                                                                                                                  
  KroApi.ts                                                               |     100 |      100 |     100 |     100 |                                                                                                                                  
 plugins/kro-resources/src/components                                     |   13.06 |     3.86 |    6.27 |   13.29 |                                                                                                                                  
  KroOverviewCard.tsx                                                     |   92.59 |    62.06 |    90.9 |      94 | 48,54,74                                                                                                                         
  KroResourceGraph.tsx                                                    |    7.58 |        0 |       0 |    7.89 | 77-120,130-471,492-560,564-1130                                                                                                  
  KroResourceTable.tsx                                                    |     5.2 |        0 |       0 |    5.47 | 221-270,274-1513                                                                                                                 
  isKroAvailable.tsx                                                      |   68.42 |    39.28 |      50 |   73.33 | 37-41,45-49                                                                                                                      
 plugins/kubernetes-ingestor/src                                          |   27.27 |        0 |       0 |    23.8 |                                                                                                                                  
  module.ts                                                               |   27.27 |        0 |       0 |    23.8 | 15-91                                                                                                                            
 plugins/kubernetes-ingestor/src/providers                                |    6.42 |     1.22 |    7.93 |    6.56 |                                                                                                                                  
  CRDDataProvider.ts                                                      |       0 |        0 |       0 |       0 | 5-143                                                                                                                            
  EntityProvider.ts                                                       |    6.55 |     1.04 |   11.53 |    6.46 | 34-42,69-97,109,118-1930,1959-1977,2027,2033-2042,2051-2099,2104-2804                                                            
  KROEntityProvider.ts                                                    |       0 |        0 |       0 |       0 | 18-798                                                                                                                           
  KubernetesDataProvider.ts                                               |   11.93 |        4 |   11.11 |    12.2 | 15,28,38-405,415,425-523                                                                                                         
  RGDDataProvider.ts                                                      |       0 |        0 |       0 |       0 | 6-168                                                                                                                            
  RGDTemplateEntityProvider.ts                                            |    1.29 |        0 |       0 |     1.4 | 13-809                                                                                                                           
  XRDDataProvider.ts                                                      |   15.45 |     2.59 |   27.27 |   15.59 | 13,23,33-208,218-228,235-236                                                                                                     
  index.ts                                                                |   46.15 |      100 |     100 |     100 |                                                                                                                                  
 plugins/kubernetes-ingestor/src/services                                 |   10.52 |        0 |    8.33 |   11.11 |                                                                                                                                  
  KubernetesResourceFetcher.ts                                            |    8.69 |        0 |   16.66 |    8.88 | 14-122                                                                                                                           
  LoggerWrapper.ts                                                        |       0 |      100 |       0 |       0 | 3-23                                                                                                                             
  index.ts                                                                |      50 |      100 |     100 |     100 |                                                                                                                                  
 plugins/kubernetes-resources-common/src                                  |     100 |      100 |     100 |     100 |                                                                                                                                  
  index.ts                                                                |     100 |      100 |     100 |     100 |                                                                                                                                  
 plugins/kubernetes-resources-permissions-backend/src                     |   55.55 |      100 |       0 |      50 |                                                                                                                                  
  plugin.ts                                                               |   55.55 |      100 |       0 |      50 | 16-37                                                                                                                            
 plugins/kubernetes-resources-permissions-backend/src/service             |     100 |      100 |     100 |     100 |                                                                                                                                  
  router.ts                                                               |     100 |      100 |     100 |     100 |                                                                                                                                  
 plugins/kubernetes-resources/src                                         |   45.83 |      100 |       0 |      50 |                                                                                                                                  
  alpha.tsx                                                               |       0 |      100 |       0 |       0 | 6-32                                                                                                                             
  plugin.ts                                                               |   57.14 |      100 |       0 |   71.42 | 19,28                                                                                                                            
  routes.ts                                                               |     100 |      100 |     100 |     100 |                                                                                                                                  
 plugins/kubernetes-resources/src/components                              |   13.55 |     0.69 |    1.72 |   12.96 |                                                                                                                                  
  KubernetesResourceGraph.tsx                                             |   13.87 |        0 |       0 |   13.69 | 28-37,47-74,78-384                                                                                                               
  KubernetesResourcesPage.tsx                                             |   11.79 |        0 |       0 |   11.29 | 57-66,71-78,88-111,115-446                                                                                                       
  isKubernetesResourcesAvailable.tsx                                      |     100 |      100 |     100 |     100 |                                                                                                                                  
 plugins/kyverno-common/src                                               |     100 |      100 |     100 |     100 |                                                                                                                                  
  index.ts                                                                |     100 |      100 |     100 |     100 |                                                                                                                                  
 plugins/kyverno-policy-reports-backend/src                               |   81.25 |    83.33 |   33.33 |      80 |                                                                                                                                  
  actions.ts                                                              |   86.04 |    83.33 |      40 |   86.04 | 20-28,97-102,143-152                                                                                                             
  permissions.ts                                                          |     100 |      100 |     100 |     100 |                                                                                                                                  
  plugin.ts                                                               |   57.14 |      100 |       0 |   53.84 | 19-57                                                                                                                            
 plugins/kyverno-policy-reports-backend/src/service                       |    93.7 |    84.31 |     100 |   94.92 |                                                                                                                                  
  KubernetesService.ts                                                    |   93.45 |    83.72 |     100 |   95.09 | 101,136,173,202,224                                                                                                              
  router.ts                                                               |   94.44 |     87.5 |     100 |   94.44 | 72-73                                                                                                                            
 plugins/kyverno-policy-reports/src                                       |   32.65 |        0 |       0 |   32.25 |                                                                                                                                  
  alpha.tsx                                                               |       0 |        0 |       0 |       0 | 7-73                                                                                                                             
  plugin.ts                                                               |      50 |      100 |       0 |   61.53 | 21,30,39,48,57                                                                                                                   
  routes.ts                                                               |     100 |      100 |     100 |     100 |                                                                                                                                  
 plugins/kyverno-policy-reports/src/api                                   |     100 |      100 |     100 |     100 |                                                                                                                                  
  KyvernoApi.ts                                                           |     100 |      100 |     100 |     100 |                                                                                                                                  
 plugins/kyverno-policy-reports/src/components                            |   22.42 |        0 |       0 |   23.17 |                                                                                                                                  
  KyvernoCrossplaneOverviewCard.tsx                                       |   26.56 |        0 |       0 |   30.76 | 59-159                                                                                                                           
  KyvernoCrossplanePolicyReportsTable.tsx                                 |    20.2 |        0 |       0 |   19.58 | 46-55,59-267                                                                                                                     
  KyvernoOverviewCard.tsx                                                 |   25.75 |        0 |       0 |   29.62 | 59-165                                                                                                                           
  KyvernoPolicyReportsTable.tsx                                           |    19.8 |        0 |       0 |   19.19 | 45-54,58-270                                                                                                                     
 plugins/rbac-mcp-backend/src                                             |   88.33 |    80.58 |      60 |   88.08 |                                                                                                                                  
  actions.ts                                                              |   88.76 |    80.58 |   62.26 |   88.56 | 15,50-52,126-134,301-310,395-415,446,533,568-598,632,655-656,684,709-738,804-813,900-908,1053-1062,1135-1171,1218,1277,1304,1334 
  plugin.ts                                                               |   71.42 |      100 |       0 |   66.66 | 16-24                                                                                                                            
 plugins/scaffolder-backend-module-terasky-utils/src                      |   63.63 |      100 |       0 |      60 |                                                                                                                                  
  module.ts                                                               |   63.63 |      100 |       0 |      60 | 13-21                                                                                                                            
 plugins/scaffolder-backend-module-terasky-utils/src/actions              |   99.43 |    93.51 |     100 |     100 |                                                                                                                                  
  catalog-info-cleaner.ts                                                 |     100 |      100 |     100 |     100 |                                                                                                                                  
  claim-templating.ts                                                     |   98.75 |    92.15 |     100 |     100 | 64,77,95,149                                                                                                                     
  crd-templating.ts                                                       |     100 |    94.23 |     100 |     100 | 83,98,143                                                                                                                        
 plugins/scaffolder-mcp-backend/src                                       |   89.24 |     91.3 |   54.28 |   88.96 |                                                                                                                                  
  actions.ts                                                              |      90 |     91.3 |   57.57 |   89.79 | 108-110,152-160,209-222,308,346-355,426-434,505-514,622-630                                                                      
  plugin.ts                                                               |      75 |      100 |       0 |   71.42 | 17-26                                                                                                                            
 plugins/scaleops-backend/src                                             |   92.07 |       80 |   72.72 |   91.95 |                                                                                                                                  
  actions.ts                                                              |   94.17 |       80 |   76.19 |   94.11 | 19-22,147-151,284-288,403,440-445,660-664                                                                                        
  plugin.ts                                                               |   61.53 |      100 |       0 |   58.33 | 18-44                                                                                                                            
 plugins/scaleops-backend/src/service                                     |   93.12 |       92 |     100 |   93.07 |                                                                                                                                  
  ScaleOpsService.ts                                                      |     100 |      100 |     100 |     100 |                                                                                                                                  
  router.ts                                                               |   84.74 |       80 |     100 |   84.74 | 34-35,61-62,86-89,132-133                                                                                                        
 plugins/scaleops-frontend/src                                            |    42.3 |      100 |       0 |   43.75 |                                                                                                                                  
  alpha.tsx                                                               |       0 |      100 |       0 |       0 | 5-32                                                                                                                             
  plugin.ts                                                               |   57.14 |      100 |       0 |   71.42 | 19,28                                                                                                                            
  routes.ts                                                               |     100 |      100 |     100 |     100 |                                                                                                                                  
 plugins/scaleops-frontend/src/components                                 |   12.04 |        0 |    3.33 |   11.92 |                                                                                                                                  
  ScaleOpsDashboard.tsx                                                   |     9.4 |        0 |       0 |    9.43 | 63-67,72-73,77-78,85-90,181-399                                                                                                  
  ScaleopsCard.tsx                                                        |   18.36 |        0 |   16.66 |   17.77 | 43-116                                                                                                                           
 plugins/spectrocloud-backend/src                                         |   81.91 |    54.33 |   65.11 |   82.26 |                                                                                                                                  
  actions.ts                                                              |   82.83 |    56.81 |   55.17 |   83.46 | 115,127-130,174,192,203-207,238-244,259,271-274,315-323,340,351-354,435                                                          
  plugin.ts                                                               |   47.36 |      100 |       0 |   47.05 | 25-63                                                                                                                            
  router.ts                                                               |   85.71 |    48.71 |     100 |    85.5 | 128,135-136,164,169-170,180,198,203-204,214,236-237,247,265-266,276,294,299-300                                                  
 plugins/spectrocloud-backend/src/client                                  |    96.5 |     86.2 |     100 |   96.47 |                                                                                                                                  
  SpectroCloudClient.ts                                                   |    96.5 |     86.2 |     100 |   96.47 | 283-284,296-297,405                                                                                                              
 plugins/spectrocloud-backend/src/providers                               |    14.9 |     12.5 |   21.42 |   15.04 |                                                                                                                                  
  SpectroCloudEntityProvider.ts                                           |    14.9 |     12.5 |   21.42 |   15.04 | 114,130-143,151,164-651                                                                                                          
 plugins/spectrocloud-cluster-provider/src                                |   17.14 |        0 |   28.57 |   16.41 |                                                                                                                                  
  module.ts                                                               |    9.37 |        0 |       0 |    8.19 | 27-141                                                                                                                           
  runPeriodically.ts                                                      |     100 |      100 |     100 |     100 |                                                                                                                                  
 plugins/spectrocloud-cluster-provider/src/client                         |     100 |      100 |     100 |     100 |                                                                                                                                  
  SpectroCloudClient.ts                                                   |     100 |      100 |     100 |     100 |                                                                                                                                  
 plugins/spectrocloud-cluster-provider/src/supplier                       |   65.38 |    71.79 |   66.66 |   65.87 |                                                                                                                                  
  SpectroCloudClusterSupplier.ts                                          |   65.38 |    71.79 |   66.66 |   65.87 | 175-176,183-188,247,249,256-368,381                                                                                              
 plugins/spectrocloud-common/src                                          |     100 |    85.71 |     100 |     100 |                                                                                                                                  
  index.ts                                                                |     100 |    85.71 |     100 |     100 | 21,30                                                                                                                            
 plugins/spectrocloud-ingestor/src                                        |   21.42 |        0 |       0 |   19.23 |                                                                                                                                  
  module.ts                                                               |   21.42 |        0 |       0 |   19.23 | 22-75                                                                                                                            
 plugins/spectrocloud-ingestor/src/client                                 |   91.89 |     90.9 |     100 |   91.89 |                                                                                                                                  
  SpectroCloudClient.ts                                                   |   91.89 |     90.9 |     100 |   91.89 | 217,237-238,253-254,285-286,301-302                                                                                              
 plugins/spectrocloud-ingestor/src/providers                              |   25.11 |    14.13 |   28.57 |   27.31 |                                                                                                                                  
  SpectroCloudEntityProvider.ts                                           |   25.11 |    14.13 |   28.57 |   27.31 | 59-60,141-142,148-149,159,186-535                                                                                                
 plugins/spectrocloud/src                                                 |   32.43 |      100 |       0 |   29.62 |                                                                                                                                  
  alpha.tsx                                                               |       0 |      100 |       0 |       0 | 14-60                                                                                                                            
  helpers.ts                                                              |       0 |      100 |       0 |       0 | 6-14                                                                                                                             
  plugin.ts                                                               |   56.25 |      100 |       0 |   66.66 | 20,33,46                                                                                                                         
  routes.ts                                                               |     100 |      100 |     100 |     100 |                                                                                                                                  
 plugins/spectrocloud/src/api                                             |   98.48 |      100 |     100 |     100 |                                                                                                                                  
  SpectroCloudApi.ts                                                      |     100 |      100 |     100 |     100 |                                                                                                                                  
  index.ts                                                                |   66.66 |      100 |     100 |     100 |                                                                                                                                  
 plugins/spectrocloud/src/components                                      |   18.11 |        0 |       0 |   18.76 |                                                                                                                                  
  PermissionGuards.tsx                                                    |    27.9 |        0 |       0 |    32.3 | 21,28,35,42-43,52-55,71-74,82-85,93-96,104-107,115-118,126-129,141-144,154-157,167-170,180-183,193-196,206-209                   
  SpectroCloudClusterCard.tsx                                             |   13.46 |        0 |       0 |    13.7 | 250-260,264-269,273-827                                                                                                          
  SpectroCloudClusterProfileCard.tsx                                      |   19.54 |        0 |       0 |   20.25 | 142-149,153-157,161-398                                                                                                          
 plugins/terraform-scaffolder/src                                         |      45 |        0 |       0 |   41.17 |                                                                                                                                  
  alpha.tsx                                                               |       0 |      100 |       0 |       0 | 8-31                                                                                                                             
  plugin.ts                                                               |   69.23 |        0 |       0 |   63.63 | 68-72                                                                                                                            
 plugins/terraform-scaffolder/src/api                                     |    1.03 |        0 |       0 |     1.1 |                                                                                                                                  
  TerraformScaffolderApi.ts                                               |   66.66 |      100 |     100 |     100 |                                                                                                                                  
  TerraformScaffolderClient.ts                                            |       0 |        0 |       0 |       0 | 12-440                                                                                                                           
  index.ts                                                                |       0 |      100 |     100 |       0 | 4                                                                                                                                
 plugins/terraform-scaffolder/src/components                              |   10.92 |        0 |       0 |   10.71 |                                                                                                                                  
  FormField.tsx                                                           |       0 |        0 |       0 |       0 | 11-22                                                                                                                            
  TerraformModuleForm.tsx                                                 |    11.6 |        0 |       0 |   11.42 | 37-185,192-346                                                                                                                   
  TerraformModuleSchema.ts                                                |       0 |      100 |     100 |       0 | 3                                                                                                                                
 plugins/vcf-automation-backend/src                                       |   89.04 |    80.21 |   56.25 |   88.85 |                                                                                                                                  
  actions.ts                                                              |   83.95 |    75.67 |   38.09 |   83.54 | 12-13,47-50,86-90,120-123,153-157,187-190,220-224,268-281,408-413,443-446,476-480,510-518,555-564                                
  plugin.ts                                                               |   57.14 |      100 |       0 |   53.84 | 17-49                                                                                                                            
  router.ts                                                               |     100 |      100 |     100 |     100 |                                                                                                                                  
 plugins/vcf-automation-backend/src/services                              |   96.91 |       64 |   92.85 |   96.87 |                                                                                                                                  
  VcfAutomationService.ts                                                 |   96.91 |       64 |   92.85 |   96.87 | 83,119,143,247,267                                                                                                               
 plugins/vcf-automation-common/src                                        |     100 |      100 |     100 |     100 |                                                                                                                                  
  index.ts                                                                |     100 |      100 |     100 |     100 |                                                                                                                                  
 plugins/vcf-automation-ingestor/src                                      |   41.66 |        0 |       0 |   36.36 |                                                                                                                                  
  module.ts                                                               |   41.66 |        0 |       0 |   36.36 | 16-33                                                                                                                            
 plugins/vcf-automation-ingestor/src/provider                             |   35.41 |       26 |   32.35 |   36.15 |                                                                                                                                  
  EntityProvider.ts                                                       |   35.41 |       26 |   32.35 |   36.15 | 265,286-287,305-306,329,428-560,566-567,584-616,640-643,676-681,695-710,801-825,833,840-843,880-895,927-930,953-1070,1086-1483   
 plugins/vcf-automation/src                                               |   17.39 |        0 |       0 |   26.19 |                                                                                                                                  
  alpha.tsx                                                               |       0 |        0 |       0 |       0 | 7-193                                                                                                                            
  plugin.ts                                                               |   26.47 |      100 |       0 |   56.66 | 23,38,47,56,65,74,83,92,101,110,119,128,137                                                                                      
  routes.ts                                                               |   66.66 |      100 |     100 |     100 |                                                                                                                                  
 plugins/vcf-automation/src/api                                           |    99.3 |    98.14 |     100 |   99.29 |                                                                                                                                  
  VcfAutomationClient.ts                                                  |     100 |    98.14 |     100 |     100 | 321                                                                                                                              
  index.ts                                                                |   66.66 |      100 |     100 |   66.66 | 2                                                                                                                                
 plugins/vcf-automation/src/components                                    |   11.58 |        0 |       0 |   11.63 |                                                                                                                                  
  VCFAutomationCCINamespaceDetails.tsx                                    |       0 |        0 |       0 |       0 | 14-144                                                                                                                           
  VCFAutomationCCINamespaceOverview.tsx                                   |   16.17 |        0 |       0 |   15.38 | 32-247                                                                                                                           
  VCFAutomationCCIResourceDetails.tsx                                     |       0 |        0 |       0 |       0 | 44-989                                                                                                                           
  VCFAutomationCCIResourceOverview.tsx                                    |    8.79 |        0 |       0 |    9.04 | 99-838                                                                                                                           
  VCFAutomationDeploymentDetails.tsx                                      |      26 |        0 |       0 |   24.48 | 56-61,86-93,97-192                                                                                                               
  VCFAutomationDeploymentOverview.tsx                                     |   41.66 |        0 |       0 |   39.13 | 15-59                                                                                                                            
  VCFAutomationGenericResourceDetails.tsx                                 |       0 |        0 |       0 |       0 | 12-64                                                                                                                            
  VCFAutomationGenericResourceOverview.tsx                                |   20.58 |        0 |       0 |   23.07 | 13-52                                                                                                                            
  VCFAutomationProjectDetails.tsx                                         |       0 |        0 |       0 |       0 | 32-216                                                                                                                           
  VCFAutomationProjectOverview.tsx                                        |   38.46 |        0 |       0 |    37.5 | 16-102                                                                                                                           
  VCFAutomationResourceOverview.tsx                                       |   33.33 |        0 |       0 |   33.33 | 33-94                                                                                                                            
  VCFAutomationVMPowerManagement.tsx                                      |   18.98 |        0 |       0 |      20 | 80-253                                                                                                                           
  VCFAutomationVSphereVMDetails.tsx                                       |       0 |        0 |       0 |       0 | 15-47                                                                                                                            
  VCFAutomationVSphereVMOverview.tsx                                      |   33.33 |        0 |       0 |   33.33 | 33-94                                                                                                                            
 plugins/vcf-operations-backend/src                                       |   88.84 |    74.38 |   56.09 |   91.72 |                                                                                                                                  
  actions.ts                                                              |   85.18 |    85.71 |      36 |   85.18 | 20-21,61-69,120-125,173-177,214-218,255-261,303-308,349-354                                                                      
  plugin.ts                                                               |   57.14 |      100 |       0 |   53.84 | 18-55                                                                                                                            
  router.ts                                                               |   94.23 |    64.61 |     100 |     100 | 43,61,104-120,140-147,170-177,197-204,241-352                                                                                    
 plugins/vcf-operations-backend/src/services                              |   93.03 |    78.22 |   89.65 |   93.53 |                                                                                                                                  
  VcfOperationsService.ts                                                 |   93.03 |    78.22 |   89.65 |   93.53 | 118-121,159-160,171-180,666-668,700-710                                                                                          
 plugins/vcf-operations-common/src                                        |     100 |      100 |     100 |     100 |                                                                                                                                  
  index.ts                                                                |     100 |      100 |     100 |     100 |                                                                                                                                  
 plugins/vcf-operations/src                                               |   35.71 |      100 |       0 |    42.1 |                                                                                                                                  
  alpha.tsx                                                               |       0 |      100 |       0 |       0 | 7-40                                                                                                                             
  plugin.ts                                                               |   43.75 |      100 |       0 |   66.66 | 25,37,47                                                                                                                         
  routes.ts                                                               |     100 |      100 |     100 |     100 |                                                                                                                                  
 plugins/vcf-operations/src/api                                           |   97.65 |    88.88 |     100 |     100 |                                                                                                                                  
  VcfOperationsClient.ts                                                  |   97.65 |    88.88 |     100 |     100 | 248,290,318                                                                                                                      
 plugins/vcf-operations/src/components                                    |   10.02 |     0.62 |    1.25 |     9.9 |                                                                                                                                  
  MetricChart.tsx                                                         |   15.15 |        0 |       0 |   13.79 | 30-119                                                                                                                           
  NotImplementedMessage.tsx                                               |      90 |      100 |      50 |     100 |                                                                                                                                  
  VCFOperationsExplorer.tsx                                               |    6.96 |        0 |       0 |    7.09 | 453-467,472,498,503-509,513-1409                                                                                                 
--------------------------------------------------------------------------|---------|----------|---------|---------|----------------------------------------------------------------------------------------------------------------------------------

Summary of all failing tests
FAIL plugins/crossplane-resources/src/components/CrossplaneV1ResourceTable.test.tsx
  ● CrossplaneV1ResourceTable › should render without crashing

    useNavigate() may be used only in the context of a <Router> component.

      382 |     const crossplaneApi = useApi(crossplaneApiRef);
      383 |     const config = useApi(configApiRef);
    > 384 |     const navigate = useNavigate();
          |                                 ^
      385 |     const theme = useTheme();
      386 |     const enablePermissions = config.getOptionalBoolean('crossplane.enablePermissions') ?? false;
      387 |     const annotationPrefix = getAnnotationPrefix(config);

      at Object.invariant [as UNSAFE_invariant] (../../../node_modules/@remix-run/router/dist/router.cjs.js:315:11)
      at UNSAFE_invariant (../../../node_modules/react-router/dist/umd/react-router.development.js:223:36)
      at useNavigateUnstable (../../../node_modules/react-router/dist/umd/react-router.development.js:220:48)
      at CrossplaneV1ResourcesTable (components/CrossplaneV1ResourceTable.tsx:384:33)
      at renderWithHooks (../../../node_modules/react-dom/cjs/react-dom.development.js:15486:18)
      at mountIndeterminateComponent (../../../node_modules/react-dom/cjs/react-dom.development.js:20103:13)
      at beginWork (../../../node_modules/react-dom/cjs/react-dom.development.js:21626:16)
      at beginWork$1 (../../../node_modules/react-dom/cjs/react-dom.development.js:27465:14)
      at performUnitOfWork (../../../node_modules/react-dom/cjs/react-dom.development.js:26599:12)
      at workLoopSync (../../../node_modules/react-dom/cjs/react-dom.development.js:26505:5)
      at renderRootSync (../../../node_modules/react-dom/cjs/react-dom.development.js:26473:7)
      at recoverFromConcurrentError (../../../node_modules/react-dom/cjs/react-dom.development.js:25889:20)
      at performConcurrentWorkOnRoot (../../../node_modules/react-dom/cjs/react-dom.development.js:25789:22)
      at flushActQueue (../../../node_modules/react/cjs/react.development.js:2667:24)
      at act (../../../node_modules/react/cjs/react.development.js:2582:11)
      at ../../../node_modules/@testing-library/react/dist/act-compat.js:47:25
      at renderRoot (../../../node_modules/@testing-library/react/dist/pure.js:180:24)
      at renderRoot (../../../node_modules/@testing-library/react/dist/pure.js:271:10)
      at Object.<anonymous> (components/CrossplaneV1ResourceTable.test.tsx:70:33)

  ● CrossplaneV1ResourceTable › should not fetch when permission denied

    useNavigate() may be used only in the context of a <Router> component.

      382 |     const crossplaneApi = useApi(crossplaneApiRef);
      383 |     const config = useApi(configApiRef);
    > 384 |     const navigate = useNavigate();
          |                                 ^
      385 |     const theme = useTheme();
      386 |     const enablePermissions = config.getOptionalBoolean('crossplane.enablePermissions') ?? false;
      387 |     const annotationPrefix = getAnnotationPrefix(config);

      at Object.invariant [as UNSAFE_invariant] (../../../node_modules/@remix-run/router/dist/router.cjs.js:315:11)
      at UNSAFE_invariant (../../../node_modules/react-router/dist/umd/react-router.development.js:223:36)
      at useNavigateUnstable (../../../node_modules/react-router/dist/umd/react-router.development.js:220:48)
      at CrossplaneV1ResourcesTable (components/CrossplaneV1ResourceTable.tsx:384:33)
      at renderWithHooks (../../../node_modules/react-dom/cjs/react-dom.development.js:15486:18)
      at mountIndeterminateComponent (../../../node_modules/react-dom/cjs/react-dom.development.js:20103:13)
      at beginWork (../../../node_modules/react-dom/cjs/react-dom.development.js:21626:16)
      at beginWork$1 (../../../node_modules/react-dom/cjs/react-dom.development.js:27465:14)
      at performUnitOfWork (../../../node_modules/react-dom/cjs/react-dom.development.js:26599:12)
      at workLoopSync (../../../node_modules/react-dom/cjs/react-dom.development.js:26505:5)
      at renderRootSync (../../../node_modules/react-dom/cjs/react-dom.development.js:26473:7)
      at recoverFromConcurrentError (../../../node_modules/react-dom/cjs/react-dom.development.js:25889:20)
      at performConcurrentWorkOnRoot (../../../node_modules/react-dom/cjs/react-dom.development.js:25789:22)
      at flushActQueue (../../../node_modules/react/cjs/react.development.js:2667:24)
      at act (../../../node_modules/react/cjs/react.development.js:2582:11)
      at ../../../node_modules/@testing-library/react/dist/act-compat.js:47:25
      at renderRoot (../../../node_modules/@testing-library/react/dist/pure.js:180:24)
      at renderRoot (../../../node_modules/@testing-library/react/dist/pure.js:271:10)
      at Object.<anonymous> (components/CrossplaneV1ResourceTable.test.tsx:91:11)

FAIL plugins/crossplane-resources/src/components/CrossplaneV2ResourceTable.test.tsx
  ● CrossplaneV2ResourceTable › should render without crashing

    useNavigate() may be used only in the context of a <Router> component.

      286 |   const crossplaneApi = useApi(crossplaneApiRef);
      287 |   const config = useApi(configApiRef);
    > 288 |   const navigate = useNavigate();
          |                               ^
      289 |   const theme = useTheme();
      290 |   const enablePermissions = config.getOptionalBoolean('crossplane.enablePermissions') ?? false;
      291 |   const annotationPrefix = getAnnotationPrefix(config);

      at Object.invariant [as UNSAFE_invariant] (../../../node_modules/@remix-run/router/dist/router.cjs.js:315:11)
      at UNSAFE_invariant (../../../node_modules/react-router/dist/umd/react-router.development.js:223:36)
      at useNavigateUnstable (../../../node_modules/react-router/dist/umd/react-router.development.js:220:48)
      at CrossplaneV2ResourceTable (components/CrossplaneV2ResourceTable.tsx:288:31)
      at renderWithHooks (../../../node_modules/react-dom/cjs/react-dom.development.js:15486:18)
      at mountIndeterminateComponent (../../../node_modules/react-dom/cjs/react-dom.development.js:20103:13)
      at beginWork (../../../node_modules/react-dom/cjs/react-dom.development.js:21626:16)
      at beginWork$1 (../../../node_modules/react-dom/cjs/react-dom.development.js:27465:14)
      at performUnitOfWork (../../../node_modules/react-dom/cjs/react-dom.development.js:26599:12)
      at workLoopSync (../../../node_modules/react-dom/cjs/react-dom.development.js:26505:5)
      at renderRootSync (../../../node_modules/react-dom/cjs/react-dom.development.js:26473:7)
      at recoverFromConcurrentError (../../../node_modules/react-dom/cjs/react-dom.development.js:25889:20)
      at performConcurrentWorkOnRoot (../../../node_modules/react-dom/cjs/react-dom.development.js:25789:22)
      at flushActQueue (../../../node_modules/react/cjs/react.development.js:2667:24)
      at act (../../../node_modules/react/cjs/react.development.js:2582:11)
      at ../../../node_modules/@testing-library/react/dist/act-compat.js:47:25
      at renderRoot (../../../node_modules/@testing-library/react/dist/pure.js:180:24)
      at renderRoot (../../../node_modules/@testing-library/react/dist/pure.js:271:10)
      at Object.<anonymous> (components/CrossplaneV2ResourceTable.test.tsx:71:33)

  ● CrossplaneV2ResourceTable › should not fetch when permission denied

    useNavigate() may be used only in the context of a <Router> component.

      286 |   const crossplaneApi = useApi(crossplaneApiRef);
      287 |   const config = useApi(configApiRef);
    > 288 |   const navigate = useNavigate();
          |                               ^
      289 |   const theme = useTheme();
      290 |   const enablePermissions = config.getOptionalBoolean('crossplane.enablePermissions') ?? false;
      291 |   const annotationPrefix = getAnnotationPrefix(config);

      at Object.invariant [as UNSAFE_invariant] (../../../node_modules/@remix-run/router/dist/router.cjs.js:315:11)
      at UNSAFE_invariant (../../../node_modules/react-router/dist/umd/react-router.development.js:223:36)
      at useNavigateUnstable (../../../node_modules/react-router/dist/umd/react-router.development.js:220:48)
      at CrossplaneV2ResourceTable (components/CrossplaneV2ResourceTable.tsx:288:31)
      at renderWithHooks (../../../node_modules/react-dom/cjs/react-dom.development.js:15486:18)
      at mountIndeterminateComponent (../../../node_modules/react-dom/cjs/react-dom.development.js:20103:13)
      at beginWork (../../../node_modules/react-dom/cjs/react-dom.development.js:21626:16)
      at beginWork$1 (../../../node_modules/react-dom/cjs/react-dom.development.js:27465:14)
      at performUnitOfWork (../../../node_modules/react-dom/cjs/react-dom.development.js:26599:12)
      at workLoopSync (../../../node_modules/react-dom/cjs/react-dom.development.js:26505:5)
      at renderRootSync (../../../node_modules/react-dom/cjs/react-dom.development.js:26473:7)
      at recoverFromConcurrentError (../../../node_modules/react-dom/cjs/react-dom.development.js:25889:20)
      at performConcurrentWorkOnRoot (../../../node_modules/react-dom/cjs/react-dom.development.js:25789:22)
      at flushActQueue (../../../node_modules/react/cjs/react.development.js:2667:24)
      at act (../../../node_modules/react/cjs/react.development.js:2582:11)
      at ../../../node_modules/@testing-library/react/dist/act-compat.js:47:25
      at renderRoot (../../../node_modules/@testing-library/react/dist/pure.js:180:24)
      at renderRoot (../../../node_modules/@testing-library/react/dist/pure.js:271:10)
      at Object.<anonymous> (components/CrossplaneV2ResourceTable.test.tsx:92:11)

FAIL plugins/crossplane-resources/src/components/CrossplaneV2ResourceGraph.test.tsx
  ● Test suite failed to run

    Cannot find module 'reactflow' from '../../crossplane-resources/src/components/CrossplaneV2ResourceGraph.test.tsx'

      16 | }));
      17 |
    > 18 | jest.mock('reactflow', () => ({
         |      ^
      19 |   ReactFlowProvider: ({ children }: { children: React.ReactNode }) => <div>{children}</div>,
      20 |   default: () => <div data-testid="react-flow" />,
      21 |   Background: () => null,

      at Resolver._throwModNotFoundError (../../../node_modules/jest-resolve/build/resolver.js:427:11)
      at Object.mock (components/CrossplaneV2ResourceGraph.test.tsx:18:6)

FAIL plugins/crossplane-resources/src/components/CrossplaneV1ResourceGraph.test.tsx
  ● Test suite failed to run

    Cannot find module 'reactflow' from '../../crossplane-resources/src/components/CrossplaneV1ResourceGraph.test.tsx'

      16 | }));
      17 |
    > 18 | jest.mock('reactflow', () => ({
         |      ^
      19 |   ReactFlowProvider: ({ children }: { children: React.ReactNode }) => <div>{children}</div>,
      20 |   default: () => <div data-testid="react-flow" />,
      21 |   Background: () => null,

      at Resolver._throwModNotFoundError (../../../node_modules/jest-resolve/build/resolver.js:427:11)
      at Object.mock (components/CrossplaneV1ResourceGraph.test.tsx:18:6)


Test Suites: 4 failed, 146 passed, 150 total
Tests:       4 failed, 1344 passed, 1348 total
Snapshots:   0 total
Time:        15.448 s
Ran all test suites matching /plugins\//i in 42 projects.
